Archive member included to satisfy reference by file (symbol)

/home/mx3g/linux/mpu/manual-build/sources/imx-atf/build-optee/imx8mp/release/lib/libc.a(memcmp.o)
                              /home/mx3g/linux/mpu/manual-build/sources/imx-atf/build-optee/imx8mp/release/bl31/gpc_common.o (memcmp)
/home/mx3g/linux/mpu/manual-build/sources/imx-atf/build-optee/imx8mp/release/lib/libc.a(memcpy.o)
                              /home/mx3g/linux/mpu/manual-build/sources/imx-atf/build-optee/imx8mp/release/bl31/context_mgmt.o (memcpy)
/home/mx3g/linux/mpu/manual-build/sources/imx-atf/build-optee/imx8mp/release/lib/libc.a(memmove.o)
                              /home/mx3g/linux/mpu/manual-build/sources/imx-atf/build-optee/imx8mp/release/bl31/xlat_tables_core.o (memmove)
/home/mx3g/linux/mpu/manual-build/sources/imx-atf/build-optee/imx8mp/release/lib/libc.a(memset.o)
                              /home/mx3g/linux/mpu/manual-build/sources/imx-atf/build-optee/imx8mp/release/bl31/runtime_svc.o (memset)
/home/mx3g/linux/mpu/manual-build/sources/imx-atf/build-optee/imx8mp/release/lib/libc.a(printf.o)
                              /home/mx3g/linux/mpu/manual-build/sources/imx-atf/build-optee/imx8mp/release/bl31/tf_log.o (vprintf)
/home/mx3g/linux/mpu/manual-build/sources/imx-atf/build-optee/imx8mp/release/lib/libc.a(strchr.o)
                              /home/mx3g/linux/mpu/manual-build/sources/imx-atf/build-optee/imx8mp/release/bl31/imx_sip_handler.o (strchr)
/home/mx3g/linux/mpu/manual-build/sources/imx-atf/build-optee/imx8mp/release/lib/libc.a(strlen.o)
                              /home/mx3g/linux/mpu/manual-build/sources/imx-atf/build-optee/imx8mp/release/bl31/gpc_common.o (strlen)

Discarded input sections

 .text          0x0000000000000000        0x0 /home/mx3g/linux/mpu/manual-build/sources/imx-atf/build-optee/imx8mp/release/bl31/build_message.o
 .data          0x0000000000000000        0x0 /home/mx3g/linux/mpu/manual-build/sources/imx-atf/build-optee/imx8mp/release/bl31/build_message.o
 .bss           0x0000000000000000        0x0 /home/mx3g/linux/mpu/manual-build/sources/imx-atf/build-optee/imx8mp/release/bl31/build_message.o
 .rodata.version
                0x0000000000000000        0x8 /home/mx3g/linux/mpu/manual-build/sources/imx-atf/build-optee/imx8mp/release/bl31/build_message.o
 .text          0x0000000000000000        0x0 /home/mx3g/linux/mpu/manual-build/sources/imx-atf/build-optee/imx8mp/release/bl31/bl31_context_mgmt.o
 .data          0x0000000000000000        0x0 /home/mx3g/linux/mpu/manual-build/sources/imx-atf/build-optee/imx8mp/release/bl31/bl31_context_mgmt.o
 .bss           0x0000000000000000        0x0 /home/mx3g/linux/mpu/manual-build/sources/imx-atf/build-optee/imx8mp/release/bl31/bl31_context_mgmt.o
 .eh_frame      0x0000000000000000       0x88 /home/mx3g/linux/mpu/manual-build/sources/imx-atf/build-optee/imx8mp/release/bl31/bl31_context_mgmt.o
 .text          0x0000000000000000        0x0 /home/mx3g/linux/mpu/manual-build/sources/imx-atf/build-optee/imx8mp/release/bl31/bl31_main.o
 .data          0x0000000000000000        0x0 /home/mx3g/linux/mpu/manual-build/sources/imx-atf/build-optee/imx8mp/release/bl31/bl31_main.o
 .bss           0x0000000000000000        0x0 /home/mx3g/linux/mpu/manual-build/sources/imx-atf/build-optee/imx8mp/release/bl31/bl31_main.o
 .text.bl31_lib_init
                0x0000000000000000        0x4 /home/mx3g/linux/mpu/manual-build/sources/imx-atf/build-optee/imx8mp/release/bl31/bl31_main.o
 .text.bl31_set_next_image_type
                0x0000000000000000        0xc /home/mx3g/linux/mpu/manual-build/sources/imx-atf/build-optee/imx8mp/release/bl31/bl31_main.o
 .text.bl31_get_next_image_type
                0x0000000000000000        0xc /home/mx3g/linux/mpu/manual-build/sources/imx-atf/build-optee/imx8mp/release/bl31/bl31_main.o
 .eh_frame      0x0000000000000000       0xf0 /home/mx3g/linux/mpu/manual-build/sources/imx-atf/build-optee/imx8mp/release/bl31/bl31_main.o
 .text          0x0000000000000000        0x0 /home/mx3g/linux/mpu/manual-build/sources/imx-atf/build-optee/imx8mp/release/bl31/bl31_traps.o
 .data          0x0000000000000000        0x0 /home/mx3g/linux/mpu/manual-build/sources/imx-atf/build-optee/imx8mp/release/bl31/bl31_traps.o
 .bss           0x0000000000000000        0x0 /home/mx3g/linux/mpu/manual-build/sources/imx-atf/build-optee/imx8mp/release/bl31/bl31_traps.o
 .eh_frame      0x0000000000000000       0x28 /home/mx3g/linux/mpu/manual-build/sources/imx-atf/build-optee/imx8mp/release/bl31/bl31_traps.o
 .text          0x0000000000000000        0x0 /home/mx3g/linux/mpu/manual-build/sources/imx-atf/build-optee/imx8mp/release/bl31/interrupt_mgmt.o
 .data          0x0000000000000000        0x0 /home/mx3g/linux/mpu/manual-build/sources/imx-atf/build-optee/imx8mp/release/bl31/interrupt_mgmt.o
 .bss           0x0000000000000000        0x0 /home/mx3g/linux/mpu/manual-build/sources/imx-atf/build-optee/imx8mp/release/bl31/interrupt_mgmt.o
[...]
Memory Configuration

Name             Origin             Length             Attributes
RAM              0x0000000000970000 0x0000000000020000 xrw
*default*        0x0000000000000000 0xffffffffffffffff

Linker script and memory map

                0x0000000000970000                RAM_REGION_START = ORIGIN (RAM)
                0x0000000000020000                RAM_REGION_LENGTH = LENGTH (RAM)
                0x0000000000970000                . = 0x970000
                0x0000000000000001                ASSERT ((. == ALIGN (0x1000)), BL31_BASE address is not aligned on a page boundary.)
                0x0000000000970000                __BL31_START__ = .

.ro             0x0000000000970000     0xb000
                0x0000000000970000                __RO_START__ = .
 *bl31_entrypoint.o(SORT_BY_ALIGNMENT(.text*))
 .text.asm.bl31_entrypoint
                0x0000000000970000      0x148 /home/mx3g/linux/mpu/manual-build/sources/imx-atf/build-optee/imx8mp/release/bl31/bl31_entrypoint.o
                0x0000000000970000                bl31_entrypoint
 .text.asm.bl31_warm_entrypoint
                0x0000000000970148       0x60 /home/mx3g/linux/mpu/manual-build/sources/imx-atf/build-optee/imx8mp/release/bl31/bl31_entrypoint.o
                0x0000000000970148                bl31_warm_entrypoint
 *(SORT_BY_ALIGNMENT(.text*))
 .text.cm_get_context
                0x00000000009701a8       0x14 /home/mx3g/linux/mpu/manual-build/sources/imx-atf/build-optee/imx8mp/release/bl31/bl31_context_mgmt.o
                0x00000000009701a8                cm_get_context
 .text.cm_set_context
                0x00000000009701bc       0x14 /home/mx3g/linux/mpu/manual-build/sources/imx-atf/build-optee/imx8mp/release/bl31/bl31_context_mgmt.o
                0x00000000009701bc                cm_set_context
 .text.cm_get_context_by_index
                0x00000000009701d0       0x2c /home/mx3g/linux/mpu/manual-build/sources/imx-atf/build-optee/imx8mp/release/bl31/bl31_context_mgmt.o
                0x00000000009701d0                cm_get_context_by_index
 .text.cm_set_context_by_index
                0x00000000009701fc       0x30 /home/mx3g/linux/mpu/manual-build/sources/imx-atf/build-optee/imx8mp/release/bl31/bl31_context_mgmt.o
                0x00000000009701fc                cm_set_context_by_index
 .text.get_arm_std_svc_args
                0x000000000097022c        0xc /home/mx3g/linux/mpu/manual-build/sources/imx-atf/build-optee/imx8mp/release/bl31/bl31_main.o
                0x000000000097022c                get_arm_std_svc_args
 .text.bl31_setup
                0x0000000000970238       0x14 /home/mx3g/linux/mpu/manual-build/sources/imx-atf/build-optee/imx8mp/release/bl31/bl31_main.o
                0x0000000000970238                bl31_setup
 .text.bl31_prepare_next_image_entry
                0x000000000097024c       0x74 /home/mx3g/linux/mpu/manual-build/sources/imx-atf/build-optee/imx8mp/release/bl31/bl31_main.o
                0x000000000097024c                bl31_prepare_next_image_entry
 .text.bl31_main
                0x00000000009702c0       0x70 /home/mx3g/linux/mpu/manual-build/sources/imx-atf/build-optee/imx8mp/release/bl31/bl31_main.o
                0x00000000009702c0                bl31_main
 .text.bl31_register_bl32_init
                0x0000000000970330        0xc /home/mx3g/linux/mpu/manual-build/sources/imx-atf/build-optee/imx8mp/release/bl31/bl31_main.o
                0x0000000000970330                bl31_register_bl32_init
 .text.handle_sysreg_trap
                0x000000000097033c        0x8 /home/mx3g/linux/mpu/manual-build/sources/imx-atf/build-optee/imx8mp/release/bl31/bl31_traps.o
                0x000000000097033c                handle_sysreg_trap
 .text.set_scr_el3_from_rm
                0x0000000000970344       0x84 /home/mx3g/linux/mpu/manual-build/sources/imx-atf/build-optee/imx8mp/release/bl31/interrupt_mgmt.o
 .text.get_scr_el3_from_routing_model
                0x00000000009703c8       0x30 /home/mx3g/linux/mpu/manual-build/sources/imx-atf/build-optee/imx8mp/release/bl31/interrupt_mgmt.o
                0x00000000009703c8                get_scr_el3_from_routing_model
 .text.set_routing_model
                0x00000000009703f8       0x98 /home/mx3g/linux/mpu/manual-build/sources/imx-atf/build-optee/imx8mp/release/bl31/interrupt_mgmt.o
                0x00000000009703f8                set_routing_model
 .text.register_interrupt_type_handler
                0x0000000000970490       0x68 /home/mx3g/linux/mpu/manual-build/sources/imx-atf/build-optee/imx8mp/release/bl31/interrupt_mgmt.o
                0x0000000000970490                register_interrupt_type_handler
 .text.get_interrupt_type_handler
                0x00000000009704f8       0x40 /home/mx3g/linux/mpu/manual-build/sources/imx-atf/build-optee/imx8mp/release/bl31/interrupt_mgmt.o
                0x00000000009704f8                get_interrupt_type_handler
 .text.print_entry_point_info
                0x0000000000970538        0x4 /home/mx3g/linux/mpu/manual-build/sources/imx-atf/build-optee/imx8mp/release/bl31/bl_common.o
                0x0000000000970538                print_entry_point_info
 .text.runtime_svc_init
                0x000000000097053c      0x12c /home/mx3g/linux/mpu/manual-build/sources/imx-atf/build-optee/imx8mp/release/bl31/runtime_svc.o
                0x000000000097053c                runtime_svc_init
 .text.tf_log   0x0000000000970668       0x94 /home/mx3g/linux/mpu/manual-build/sources/imx-atf/build-optee/imx8mp/release/bl31/tf_log.o
                0x0000000000970668                tf_log
 .text.arm_gicv3_distif_pre_save
                0x00000000009706fc       0x30 /home/mx3g/linux/mpu/manual-build/sources/imx-atf/build-optee/imx8mp/release/bl31/arm_gicv3_common.o
                0x00000000009706fc                arm_gicv3_distif_pre_save
 .text.arm_gicv3_distif_post_restore
                0x000000000097072c       0x38 /home/mx3g/linux/mpu/manual-build/sources/imx-atf/build-optee/imx8mp/release/bl31/arm_gicv3_common.o
                0x000000000097072c                arm_gicv3_distif_post_restore
 .text.gicv3_distif_pre_save
                0x0000000000970764        0x4 /home/mx3g/linux/mpu/manual-build/sources/imx-atf/build-optee/imx8mp/release/bl31/gic-x00.o
                0x0000000000970764                gicv3_distif_pre_save
 .text.gicv3_distif_post_restore
                0x0000000000970768        0x4 /home/mx3g/linux/mpu/manual-build/sources/imx-atf/build-optee/imx8mp/release/bl31/gic-x00.o
                0x0000000000970768                gicv3_distif_post_restore
 .text.gicv3_rdistif_on
                0x000000000097076c        0x4 /home/mx3g/linux/mpu/manual-build/sources/imx-atf/build-optee/imx8mp/release/bl31/gic-x00.o
                0x000000000097076c                gicv3_rdistif_on
 .text.gicv3_check_erratas_applies
                0x0000000000970770       0x1c /home/mx3g/linux/mpu/manual-build/sources/imx-atf/build-optee/imx8mp/release/bl31/gic-x00.o
                0x0000000000970770                gicv3_check_erratas_applies
 .text.gicd_set_icfgr
                0x000000000097078c       0x34 /home/mx3g/linux/mpu/manual-build/sources/imx-atf/build-optee/imx8mp/release/bl31/gicdv3_helpers.o
                0x000000000097078c                gicd_set_icfgr
 .text.gicd_clr_igroupr
                0x00000000009707c0       0x24 /home/mx3g/linux/mpu/manual-build/sources/imx-atf/build-optee/imx8mp/release/bl31/gicdv3_helpers.o
                0x00000000009707c0                gicd_clr_igroupr
 .text.gicd_set_igrpmodr
                0x00000000009707e4       0x24 /home/mx3g/linux/mpu/manual-build/sources/imx-atf/build-optee/imx8mp/release/bl31/gicdv3_helpers.o
                0x00000000009707e4                gicd_set_igrpmodr
 .text.gicd_clr_igrpmodr
                0x0000000000970808       0x24 /home/mx3g/linux/mpu/manual-build/sources/imx-atf/build-optee/imx8mp/release/bl31/gicdv3_helpers.o
                0x0000000000970808                gicd_clr_igrpmodr
 .text.gicd_set_isenabler
                0x000000000097082c       0x1c /home/mx3g/linux/mpu/manual-build/sources/imx-atf/build-optee/imx8mp/release/bl31/gicdv3_helpers.o
                0x000000000097082c                gicd_set_isenabler
 .text.gicd_set_ipriorityr
                0x0000000000970848       0x14 /home/mx3g/linux/mpu/manual-build/sources/imx-atf/build-optee/imx8mp/release/bl31/gicdv3_helpers.o
                0x0000000000970848                gicd_set_ipriorityr
 .text.gicd_read_icfgr
                0x000000000097085c       0x14 /home/mx3g/linux/mpu/manual-build/sources/imx-atf/build-optee/imx8mp/release/bl31/gicdv3_helpers.o
                0x000000000097085c                gicd_read_icfgr
 .text.gicd_write_icfgr
                0x0000000000970870       0x14 /home/mx3g/linux/mpu/manual-build/sources/imx-atf/build-optee/imx8mp/release/bl31/gicdv3_helpers.o
                0x0000000000970870                gicd_write_icfgr
 .text.gicd_read_igroupr
                0x0000000000970884       0x14 /home/mx3g/linux/mpu/manual-build/sources/imx-atf/build-optee/imx8mp/release/bl31/gicdv3_helpers.o
                0x0000000000970884                gicd_read_igroupr
 .text.gicd_write_igroupr
                0x0000000000970898       0x14 /home/mx3g/linux/mpu/manual-build/sources/imx-atf/build-optee/imx8mp/release/bl31/gicdv3_helpers.o
                0x0000000000970898                gicd_write_igroupr
 .text.gicd_read_igrpmodr
                0x00000000009708ac       0x14 /home/mx3g/linux/mpu/manual-build/sources/imx-atf/build-optee/imx8mp/release/bl31/gicdv3_helpers.o
                0x00000000009708ac                gicd_read_igrpmodr
 .text.gicd_write_igrpmodr
                0x00000000009708c0       0x14 /home/mx3g/linux/mpu/manual-build/sources/imx-atf/build-optee/imx8mp/release/bl31/gicdv3_helpers.o
                0x00000000009708c0                gicd_write_igrpmodr
 .text.gicd_read_ipriorityr
                0x00000000009708d4       0x10 /home/mx3g/linux/mpu/manual-build/sources/imx-atf/build-optee/imx8mp/release/bl31/gicdv3_helpers.o
                0x00000000009708d4                gicd_read_ipriorityr
 .text.gicd_write_ipriorityr
                0x00000000009708e4       0x10 /home/mx3g/linux/mpu/manual-build/sources/imx-atf/build-optee/imx8mp/release/bl31/gicdv3_helpers.o
                0x00000000009708e4                gicd_write_ipriorityr
 .text.gicd_read_isactiver
                0x00000000009708f4       0x14 /home/mx3g/linux/mpu/manual-build/sources/imx-atf/build-optee/imx8mp/release/bl31/gicdv3_helpers.o
                0x00000000009708f4                gicd_read_isactiver
 .text.gicd_write_isactiver
                0x0000000000970908       0x14 /home/mx3g/linux/mpu/manual-build/sources/imx-atf/build-optee/imx8mp/release/bl31/gicdv3_helpers.o
                0x0000000000970908                gicd_write_isactiver
 .text.gicd_read_isenabler
                0x000000000097091c       0x14 /home/mx3g/linux/mpu/manual-build/sources/imx-atf/build-optee/imx8mp/release/bl31/gicdv3_helpers.o
                0x000000000097091c                gicd_read_isenabler
 .text.gicd_write_isenabler
                0x0000000000970930       0x14 /home/mx3g/linux/mpu/manual-build/sources/imx-atf/build-optee/imx8mp/release/bl31/gicdv3_helpers.o
                0x0000000000970930                gicd_write_isenabler
 .text.gicd_read_ispendr
                0x0000000000970944       0x14 /home/mx3g/linux/mpu/manual-build/sources/imx-atf/build-optee/imx8mp/release/bl31/gicdv3_helpers.o
                0x0000000000970944                gicd_read_ispendr
 .text.gicd_write_ispendr
                0x0000000000970958       0x14 /home/mx3g/linux/mpu/manual-build/sources/imx-atf/build-optee/imx8mp/release/bl31/gicdv3_helpers.o
                0x0000000000970958                gicd_write_ispendr
 .text.gicd_read_nsacr
                0x000000000097096c       0x14 /home/mx3g/linux/mpu/manual-build/sources/imx-atf/build-optee/imx8mp/release/bl31/gicdv3_helpers.o
                0x000000000097096c                gicd_read_nsacr
 .text.gicd_write_nsacr
                0x0000000000970980       0x14 /home/mx3g/linux/mpu/manual-build/sources/imx-atf/build-optee/imx8mp/release/bl31/gicdv3_helpers.o
                0x0000000000970980                gicd_write_nsacr
 .text.gicr_write_ipriorityr
                0x0000000000970994       0x14 /home/mx3g/linux/mpu/manual-build/sources/imx-atf/build-optee/imx8mp/release/bl31/gicrv3_helpers.o
                0x0000000000970994                gicr_write_ipriorityr
 .text.gicr_set_ipriorityr
                0x00000000009709a8       0x18 /home/mx3g/linux/mpu/manual-build/sources/imx-atf/build-optee/imx8mp/release/bl31/gicrv3_helpers.o
                0x00000000009709a8                gicr_set_ipriorityr
 .text.gicr_clr_igroupr
                0x00000000009709c0       0x28 /home/mx3g/linux/mpu/manual-build/sources/imx-atf/build-optee/imx8mp/release/bl31/gicrv3_helpers.o
                0x00000000009709c0                gicr_clr_igroupr
 .text.gicr_set_igrpmodr
                0x00000000009709e8       0x28 /home/mx3g/linux/mpu/manual-build/sources/imx-atf/build-optee/imx8mp/release/bl31/gicrv3_helpers.o
                0x00000000009709e8                gicr_set_igrpmodr
 .text.gicr_clr_igrpmodr
                0x0000000000970a10       0x28 /home/mx3g/linux/mpu/manual-build/sources/imx-atf/build-optee/imx8mp/release/bl31/gicrv3_helpers.o
                0x0000000000970a10                gicr_clr_igrpmodr
 .text.gicr_set_isenabler
                0x0000000000970a38       0x20 /home/mx3g/linux/mpu/manual-build/sources/imx-atf/build-optee/imx8mp/release/bl31/gicrv3_helpers.o
                0x0000000000970a38                gicr_set_isenabler
 .text.gicr_set_icfgr
                0x0000000000970a58       0x38 /home/mx3g/linux/mpu/manual-build/sources/imx-atf/build-optee/imx8mp/release/bl31/gicrv3_helpers.o
                0x0000000000970a58                gicr_set_icfgr
 .text.gicv3_rdistif_mark_core_awake
                0x0000000000970a90       0x38 /home/mx3g/linux/mpu/manual-build/sources/imx-atf/build-optee/imx8mp/release/bl31/gicv3_helpers.o
                0x0000000000970a90                gicv3_rdistif_mark_core_awake
 .text.gicv3_rdistif_mark_core_asleep
                0x0000000000970ac8       0x1c /home/mx3g/linux/mpu/manual-build/sources/imx-atf/build-optee/imx8mp/release/bl31/gicv3_helpers.o
                0x0000000000970ac8                gicv3_rdistif_mark_core_asleep
 .text.gicv3_rdistif_base_addrs_probe
                0x0000000000970ae4       0x6c /home/mx3g/linux/mpu/manual-build/sources/imx-atf/build-optee/imx8mp/release/bl31/gicv3_helpers.o
                0x0000000000970ae4                gicv3_rdistif_base_addrs_probe
 .text.gicv3_get_spi_limit
                0x0000000000970b50       0x1c /home/mx3g/linux/mpu/manual-build/sources/imx-atf/build-optee/imx8mp/release/bl31/gicv3_helpers.o
                0x0000000000970b50                gicv3_get_spi_limit
 .text.gicv3_spis_config_defaults
                0x0000000000970b6c       0x98 /home/mx3g/linux/mpu/manual-build/sources/imx-atf/build-optee/imx8mp/release/bl31/gicv3_helpers.o
                0x0000000000970b6c                gicv3_spis_config_defaults
 .text.gicv3_secure_spis_config_props
                0x0000000000970c04       0xf0 /home/mx3g/linux/mpu/manual-build/sources/imx-atf/build-optee/imx8mp/release/bl31/gicv3_helpers.o
                0x0000000000970c04                gicv3_secure_spis_config_props
 .text.gicv3_ppi_sgi_config_defaults
                0x0000000000970cf4       0x70 /home/mx3g/linux/mpu/manual-build/sources/imx-atf/build-optee/imx8mp/release/bl31/gicv3_helpers.o
                0x0000000000970cf4                gicv3_ppi_sgi_config_defaults
 .text.gicv3_secure_ppi_sgi_config_props
                0x0000000000970d64       0xcc /home/mx3g/linux/mpu/manual-build/sources/imx-atf/build-optee/imx8mp/release/bl31/gicv3_helpers.o
                0x0000000000970d64                gicv3_secure_ppi_sgi_config_props
 .text.gicv3_get_component_prodid_rev
                0x0000000000970e30       0x18 /home/mx3g/linux/mpu/manual-build/sources/imx-atf/build-optee/imx8mp/release/bl31/gicv3_helpers.o
                0x0000000000970e30                gicv3_get_component_prodid_rev
 .text.gicd_wait_for_pending_write
                0x0000000000970e48        0xc /home/mx3g/linux/mpu/manual-build/sources/imx-atf/build-optee/imx8mp/release/bl31/gicv3_main.o
 .text.gicr_wait_for_pending_write
                0x0000000000970e54        0xc /home/mx3g/linux/mpu/manual-build/sources/imx-atf/build-optee/imx8mp/release/bl31/gicv3_main.o
 .text.gicv3_driver_init
                0x0000000000970e60       0x74 /home/mx3g/linux/mpu/manual-build/sources/imx-atf/build-optee/imx8mp/release/bl31/gicv3_main.o
                0x0000000000970e60                gicv3_driver_init
 .text.gicv3_distif_init
                0x0000000000970ed4       0x74 /home/mx3g/linux/mpu/manual-build/sources/imx-atf/build-optee/imx8mp/release/bl31/gicv3_main.o
                0x0000000000970ed4                gicv3_distif_init
 .text.gicv3_rdistif_init
                0x0000000000970f48       0x90 /home/mx3g/linux/mpu/manual-build/sources/imx-atf/build-optee/imx8mp/release/bl31/gicv3_main.o
                0x0000000000970f48                gicv3_rdistif_init
 .text.gicv3_cpuif_enable
                0x0000000000970fd8       0x90 /home/mx3g/linux/mpu/manual-build/sources/imx-atf/build-optee/imx8mp/release/bl31/gicv3_main.o
                0x0000000000970fd8                gicv3_cpuif_enable
 .text.gicv3_cpuif_disable
                0x0000000000971068       0x40 /home/mx3g/linux/mpu/manual-build/sources/imx-atf/build-optee/imx8mp/release/bl31/gicv3_main.o
                0x0000000000971068                gicv3_cpuif_disable
 .text.gicv3_get_pending_interrupt_type
                0x00000000009710a8        0xc /home/mx3g/linux/mpu/manual-build/sources/imx-atf/build-optee/imx8mp/release/bl31/gicv3_main.o
                0x00000000009710a8                gicv3_get_pending_interrupt_type
 .text.gicv3_rdistif_save
                0x00000000009710b4       0xf8 /home/mx3g/linux/mpu/manual-build/sources/imx-atf/build-optee/imx8mp/release/bl31/gicv3_main.o
                0x00000000009710b4                gicv3_rdistif_save
 .text.gicv3_rdistif_init_restore
                0x00000000009711ac      0x124 /home/mx3g/linux/mpu/manual-build/sources/imx-atf/build-optee/imx8mp/release/bl31/gicv3_main.o
                0x00000000009711ac                gicv3_rdistif_init_restore
 .text.gicv3_distif_save
                0x00000000009712d0      0x1f4 /home/mx3g/linux/mpu/manual-build/sources/imx-atf/build-optee/imx8mp/release/bl31/gicv3_main.o
                0x00000000009712d0                gicv3_distif_save
 .text.gicv3_distif_init_restore
                0x00000000009714c4      0x210 /home/mx3g/linux/mpu/manual-build/sources/imx-atf/build-optee/imx8mp/release/bl31/gicv3_main.o
                0x00000000009714c4                gicv3_distif_init_restore
 .text.gicv3_raise_sgi
                0x00000000009716d4       0x64 /home/mx3g/linux/mpu/manual-build/sources/imx-atf/build-optee/imx8mp/release/bl31/gicv3_main.o
                0x00000000009716d4                gicv3_raise_sgi
 .text.tzc380_init
                0x0000000000971738       0x2c /home/mx3g/linux/mpu/manual-build/sources/imx-atf/build-optee/imx8mp/release/bl31/tzc380.o
                0x0000000000971738                tzc380_init
 .text.tzc380_configure_region
                0x0000000000971764       0x30 /home/mx3g/linux/mpu/manual-build/sources/imx-atf/build-optee/imx8mp/release/bl31/tzc380.o
                0x0000000000971764                tzc380_configure_region
 .text.console_is_registered
                0x0000000000971794       0x2c /home/mx3g/linux/mpu/manual-build/sources/imx-atf/build-optee/imx8mp/release/bl31/multi_console.o
                0x0000000000971794                console_is_registered
 .text.console_register
                0x00000000009717c0       0x34 /home/mx3g/linux/mpu/manual-build/sources/imx-atf/build-optee/imx8mp/release/bl31/multi_console.o
                0x00000000009717c0                console_register
 .text.console_switch_state
                0x00000000009717f4        0xc /home/mx3g/linux/mpu/manual-build/sources/imx-atf/build-optee/imx8mp/release/bl31/multi_console.o
                0x00000000009717f4                console_switch_state
 .text.console_set_scope
                0x0000000000971800       0x18 /home/mx3g/linux/mpu/manual-build/sources/imx-atf/build-optee/imx8mp/release/bl31/multi_console.o
                0x0000000000971800                console_set_scope
 .text.console_putc
                0x0000000000971818       0x9c /home/mx3g/linux/mpu/manual-build/sources/imx-atf/build-optee/imx8mp/release/bl31/multi_console.o
                0x0000000000971818                console_putc
 .text.putchar  0x00000000009718b4       0x28 /home/mx3g/linux/mpu/manual-build/sources/imx-atf/build-optee/imx8mp/release/bl31/multi_console.o
                0x00000000009718b4                putchar
 .text.console_flush
                0x00000000009718dc       0x54 /home/mx3g/linux/mpu/manual-build/sources/imx-atf/build-optee/imx8mp/release/bl31/multi_console.o
                0x00000000009718dc                console_flush
 .text.udelay   0x0000000000971930       0x68 /home/mx3g/linux/mpu/manual-build/sources/imx-atf/build-optee/imx8mp/release/bl31/delay_timer.o
                0x0000000000971930                udelay
 .text.timer_init
                0x0000000000971998        0xc /home/mx3g/linux/mpu/manual-build/sources/imx-atf/build-optee/imx8mp/release/bl31/delay_timer.o
                0x0000000000971998                timer_init
 .text.get_timer_value
                0x00000000009719a4        0xc /home/mx3g/linux/mpu/manual-build/sources/imx-atf/build-optee/imx8mp/release/bl31/generic_delay_timer.o
 .text.generic_delay_timer_init_args
                0x00000000009719b0       0x20 /home/mx3g/linux/mpu/manual-build/sources/imx-atf/build-optee/imx8mp/release/bl31/generic_delay_timer.o
                0x00000000009719b0                generic_delay_timer_init_args
 .text.generic_delay_timer_init
                0x00000000009719d0       0x44 /home/mx3g/linux/mpu/manual-build/sources/imx-atf/build-optee/imx8mp/release/bl31/generic_delay_timer.o
                0x00000000009719d0                generic_delay_timer_init
 .text.print_errata_status
                0x0000000000971a14        0x4 /home/mx3g/linux/mpu/manual-build/sources/imx-atf/build-optee/imx8mp/release/bl31/errata_report.o
                0x0000000000971a14                print_errata_status
 .text.read_feat_mpam_version
                0x0000000000971a18       0x1c /home/mx3g/linux/mpu/manual-build/sources/imx-atf/build-optee/imx8mp/release/bl31/context_mgmt.o
 .text.cm_init  0x0000000000971a34        0x4 /home/mx3g/linux/mpu/manual-build/sources/imx-atf/build-optee/imx8mp/release/bl31/context_mgmt.o
                0x0000000000971a34                cm_init
 .text.cm_setup_context
                0x0000000000971a38      0x1a8 /home/mx3g/linux/mpu/manual-build/sources/imx-atf/build-optee/imx8mp/release/bl31/context_mgmt.o
                0x0000000000971a38                cm_setup_context
 .text.cm_manage_extensions_el3
                0x0000000000971be0       0x20 /home/mx3g/linux/mpu/manual-build/sources/imx-atf/build-optee/imx8mp/release/bl31/context_mgmt.o
                0x0000000000971be0                cm_manage_extensions_el3
 .text.manage_extensions_nonsecure_per_world
                0x0000000000971c00       0x28 /home/mx3g/linux/mpu/manual-build/sources/imx-atf/build-optee/imx8mp/release/bl31/context_mgmt.o
                0x0000000000971c00                manage_extensions_nonsecure_per_world
 .text.cm_init_context_by_index
                0x0000000000971c28       0x30 /home/mx3g/linux/mpu/manual-build/sources/imx-atf/build-optee/imx8mp/release/bl31/context_mgmt.o
                0x0000000000971c28                cm_init_context_by_index
 .text.cm_init_my_context
                0x0000000000971c58       0x30 /home/mx3g/linux/mpu/manual-build/sources/imx-atf/build-optee/imx8mp/release/bl31/context_mgmt.o
                0x0000000000971c58                cm_init_my_context
 .text.cm_el1_sysregs_context_save
                0x0000000000971c88       0x70 /home/mx3g/linux/mpu/manual-build/sources/imx-atf/build-optee/imx8mp/release/bl31/context_mgmt.o
                0x0000000000971c88                cm_el1_sysregs_context_save
 .text.cm_el1_sysregs_context_restore
                0x0000000000971cf8       0x70 /home/mx3g/linux/mpu/manual-build/sources/imx-atf/build-optee/imx8mp/release/bl31/context_mgmt.o
                0x0000000000971cf8                cm_el1_sysregs_context_restore
 .text.cm_set_elr_el3
                0x0000000000971d68       0x24 /home/mx3g/linux/mpu/manual-build/sources/imx-atf/build-optee/imx8mp/release/bl31/context_mgmt.o
                0x0000000000971d68                cm_set_elr_el3
 .text.cm_write_scr_el3_bit
                0x0000000000971d8c       0x40 /home/mx3g/linux/mpu/manual-build/sources/imx-atf/build-optee/imx8mp/release/bl31/context_mgmt.o
                0x0000000000971d8c                cm_write_scr_el3_bit
 .text.cm_set_next_eret_context
                0x0000000000971dcc       0x20 /home/mx3g/linux/mpu/manual-build/sources/imx-atf/build-optee/imx8mp/release/bl31/context_mgmt.o
                0x0000000000971dcc                cm_set_next_eret_context
 .text.cm_prepare_el3_exit
                0x0000000000971dec       0x54 /home/mx3g/linux/mpu/manual-build/sources/imx-atf/build-optee/imx8mp/release/bl31/context_mgmt.o
                0x0000000000971dec                cm_prepare_el3_exit
 .text.cm_prepare_el3_exit_ns
                0x0000000000971e40        0x8 /home/mx3g/linux/mpu/manual-build/sources/imx-atf/build-optee/imx8mp/release/bl31/context_mgmt.o
                0x0000000000971e40                cm_prepare_el3_exit_ns
 .text.mpam_enable
                0x0000000000971e48       0x14 /home/mx3g/linux/mpu/manual-build/sources/imx-atf/build-optee/imx8mp/release/bl31/mpam.o
                0x0000000000971e48                mpam_enable
 .text.pmuv3_enable
                0x0000000000971e5c        0x4 /home/mx3g/linux/mpu/manual-build/sources/imx-atf/build-optee/imx8mp/release/bl31/pmuv3.o
                0x0000000000971e5c                pmuv3_enable
 .text.pmuv3_init_el3
                0x0000000000971e60       0x40 /home/mx3g/linux/mpu/manual-build/sources/imx-atf/build-optee/imx8mp/release/bl31/pmuv3.o
                0x0000000000971e60                pmuv3_init_el3
 .text.spe_drain_buffers_hook
                0x0000000000971ea0       0x24 /home/mx3g/linux/mpu/manual-build/sources/imx-atf/build-optee/imx8mp/release/bl31/spe.o
 .text.spe_init_el3
                0x0000000000971ec4       0x1c /home/mx3g/linux/mpu/manual-build/sources/imx-atf/build-optee/imx8mp/release/bl31/spe.o
                0x0000000000971ec4                spe_init_el3
 .text.sve_enable_per_world
                0x0000000000971ee0       0x20 /home/mx3g/linux/mpu/manual-build/sources/imx-atf/build-optee/imx8mp/release/bl31/sve.o
                0x0000000000971ee0                sve_enable_per_world
 .text.sve_disable_per_world
                0x0000000000971f00       0x18 /home/mx3g/linux/mpu/manual-build/sources/imx-atf/build-optee/imx8mp/release/bl31/sve.o
                0x0000000000971f00                sve_disable_per_world
 .text.bakery_lock_get
                0x0000000000971f18       0xbc /home/mx3g/linux/mpu/manual-build/sources/imx-atf/build-optee/imx8mp/release/bl31/bakery_lock_coherent.o
                0x0000000000971f18                bakery_lock_get
 .text.bakery_lock_release
                0x0000000000971fd4       0x34 /home/mx3g/linux/mpu/manual-build/sources/imx-atf/build-optee/imx8mp/release/bl31/bakery_lock_coherent.o
                0x0000000000971fd4                bakery_lock_release
 .text.psci_set_req_local_pwr_state
                0x0000000000972008       0x34 /home/mx3g/linux/mpu/manual-build/sources/imx-atf/build-optee/imx8mp/release/bl31/psci_common.o
 .text.psci_validate_power_state
                0x000000000097203c       0x28 /home/mx3g/linux/mpu/manual-build/sources/imx-atf/build-optee/imx8mp/release/bl31/psci_common.o
                0x000000000097203c                psci_validate_power_state
 .text.psci_query_sys_suspend_pwrstate
                0x0000000000972064       0x14 /home/mx3g/linux/mpu/manual-build/sources/imx-atf/build-optee/imx8mp/release/bl31/psci_common.o
                0x0000000000972064                psci_query_sys_suspend_pwrstate
 .text.psci_is_last_on_cpu
                0x0000000000972078       0x70 /home/mx3g/linux/mpu/manual-build/sources/imx-atf/build-optee/imx8mp/release/bl31/psci_common.o
                0x0000000000972078                psci_is_last_on_cpu
 .text.psci_init_req_local_pwr_states
                0x00000000009720e8       0x58 /home/mx3g/linux/mpu/manual-build/sources/imx-atf/build-optee/imx8mp/release/bl31/psci_common.o
                0x00000000009720e8                psci_init_req_local_pwr_states
 .text.psci_get_target_local_pwr_states
                0x0000000000972140       0x90 /home/mx3g/linux/mpu/manual-build/sources/imx-atf/build-optee/imx8mp/release/bl31/psci_common.o
                0x0000000000972140                psci_get_target_local_pwr_states
 .text.psci_set_target_local_pwr_states
                0x00000000009721d0       0x84 /home/mx3g/linux/mpu/manual-build/sources/imx-atf/build-optee/imx8mp/release/bl31/psci_common.o
                0x00000000009721d0                psci_set_target_local_pwr_states
 .text.psci_get_parent_pwr_domain_nodes
                0x0000000000972254       0x48 /home/mx3g/linux/mpu/manual-build/sources/imx-atf/build-optee/imx8mp/release/bl31/psci_common.o
                0x0000000000972254                psci_get_parent_pwr_domain_nodes
 .text.psci_set_pwr_domains_to_run
                0x000000000097229c       0x8c /home/mx3g/linux/mpu/manual-build/sources/imx-atf/build-optee/imx8mp/release/bl31/psci_common.o
                0x000000000097229c                psci_set_pwr_domains_to_run
 .text.psci_do_state_coordination
                0x0000000000972328      0x124 /home/mx3g/linux/mpu/manual-build/sources/imx-atf/build-optee/imx8mp/release/bl31/psci_common.o
                0x0000000000972328                psci_do_state_coordination
 .text.psci_find_max_off_lvl
                0x000000000097244c       0x4c /home/mx3g/linux/mpu/manual-build/sources/imx-atf/build-optee/imx8mp/release/bl31/psci_common.o
                0x000000000097244c                psci_find_max_off_lvl
 .text.psci_find_target_suspend_lvl
                0x0000000000972498       0x34 /home/mx3g/linux/mpu/manual-build/sources/imx-atf/build-optee/imx8mp/release/bl31/psci_common.o
                0x0000000000972498                psci_find_target_suspend_lvl
 .text.psci_acquire_pwr_domain_locks
                0x00000000009724cc       0x6c /home/mx3g/linux/mpu/manual-build/sources/imx-atf/build-optee/imx8mp/release/bl31/psci_common.o
                0x00000000009724cc                psci_acquire_pwr_domain_locks
 .text.psci_release_pwr_domain_locks
                0x0000000000972538       0x58 /home/mx3g/linux/mpu/manual-build/sources/imx-atf/build-optee/imx8mp/release/bl31/psci_common.o
                0x0000000000972538                psci_release_pwr_domain_locks
 .text.psci_validate_entry_point
                0x0000000000972590       0xf4 /home/mx3g/linux/mpu/manual-build/sources/imx-atf/build-optee/imx8mp/release/bl31/psci_common.o
                0x0000000000972590                psci_validate_entry_point
 .text.psci_warmboot_entrypoint
                0x0000000000972684       0xdc /home/mx3g/linux/mpu/manual-build/sources/imx-atf/build-optee/imx8mp/release/bl31/psci_common.o
                0x0000000000972684                psci_warmboot_entrypoint
 .text.psci_register_spd_pm_hook
                0x0000000000972760       0x44 /home/mx3g/linux/mpu/manual-build/sources/imx-atf/build-optee/imx8mp/release/bl31/psci_common.o
                0x0000000000972760                psci_register_spd_pm_hook
 .text.psci_spd_migrate_info
                0x00000000009727a4       0x24 /home/mx3g/linux/mpu/manual-build/sources/imx-atf/build-optee/imx8mp/release/bl31/psci_common.o
                0x00000000009727a4                psci_spd_migrate_info
 .text.psci_print_power_domain_map
                0x00000000009727c8        0x4 /home/mx3g/linux/mpu/manual-build/sources/imx-atf/build-optee/imx8mp/release/bl31/psci_common.o
                0x00000000009727c8                psci_print_power_domain_map
 .text.psci_pwrdown_cpu
                0x00000000009727cc        0x4 /home/mx3g/linux/mpu/manual-build/sources/imx-atf/build-optee/imx8mp/release/bl31/psci_common.o
                0x00000000009727cc                psci_pwrdown_cpu
 .text.is_valid_mpidr
                0x00000000009727d0       0x1c /home/mx3g/linux/mpu/manual-build/sources/imx-atf/build-optee/imx8mp/release/bl31/psci_main.o
 .text.psci_cpu_on
                0x00000000009727ec       0x64 /home/mx3g/linux/mpu/manual-build/sources/imx-atf/build-optee/imx8mp/release/bl31/psci_main.o
                0x00000000009727ec                psci_cpu_on
 .text.psci_cpu_suspend
                0x0000000000972850      0x104 /home/mx3g/linux/mpu/manual-build/sources/imx-atf/build-optee/imx8mp/release/bl31/psci_main.o
                0x0000000000972850                psci_cpu_suspend
 .text.psci_system_suspend
                0x0000000000972954       0x84 /home/mx3g/linux/mpu/manual-build/sources/imx-atf/build-optee/imx8mp/release/bl31/psci_main.o
                0x0000000000972954                psci_system_suspend
 .text.psci_cpu_off
                0x00000000009729d8        0x8 /home/mx3g/linux/mpu/manual-build/sources/imx-atf/build-optee/imx8mp/release/bl31/psci_main.o
                0x00000000009729d8                psci_cpu_off
 .text.psci_affinity_info
                0x00000000009729e0       0x60 /home/mx3g/linux/mpu/manual-build/sources/imx-atf/build-optee/imx8mp/release/bl31/psci_main.o
                0x00000000009729e0                psci_affinity_info
 .text.psci_migrate
                0x0000000000972a40       0x90 /home/mx3g/linux/mpu/manual-build/sources/imx-atf/build-optee/imx8mp/release/bl31/psci_main.o
                0x0000000000972a40                psci_migrate
 .text.psci_migrate_info_type
                0x0000000000972ad0       0x18 /home/mx3g/linux/mpu/manual-build/sources/imx-atf/build-optee/imx8mp/release/bl31/psci_main.o
                0x0000000000972ad0                psci_migrate_info_type
 .text.psci_migrate_info_up_cpu
                0x0000000000972ae8       0x28 /home/mx3g/linux/mpu/manual-build/sources/imx-atf/build-optee/imx8mp/release/bl31/psci_main.o
                0x0000000000972ae8                psci_migrate_info_up_cpu
 .text.psci_node_hw_state
                0x0000000000972b10       0x60 /home/mx3g/linux/mpu/manual-build/sources/imx-atf/build-optee/imx8mp/release/bl31/psci_main.o
                0x0000000000972b10                psci_node_hw_state
 .text.psci_features
                0x0000000000972b70       0x6c /home/mx3g/linux/mpu/manual-build/sources/imx-atf/build-optee/imx8mp/release/bl31/psci_main.o
                0x0000000000972b70                psci_features
 .text.psci_smc_handler
                0x0000000000972bdc      0x150 /home/mx3g/linux/mpu/manual-build/sources/imx-atf/build-optee/imx8mp/release/bl31/psci_main.o
                0x0000000000972bdc                psci_smc_handler
 .text.psci_mem_protect
                0x0000000000972d2c       0x60 /home/mx3g/linux/mpu/manual-build/sources/imx-atf/build-optee/imx8mp/release/bl31/psci_mem_protect.o
                0x0000000000972d2c                psci_mem_protect
 .text.psci_mem_chk_range
                0x0000000000972d8c       0x4c /home/mx3g/linux/mpu/manual-build/sources/imx-atf/build-optee/imx8mp/release/bl31/psci_mem_protect.o
                0x0000000000972d8c                psci_mem_chk_range
 .text.psci_do_cpu_off
                0x0000000000972dd8      0x158 /home/mx3g/linux/mpu/manual-build/sources/imx-atf/build-optee/imx8mp/release/bl31/psci_off.o
                0x0000000000972dd8                psci_do_cpu_off
 .text.psci_cpu_on_start
                0x0000000000972f30      0x164 /home/mx3g/linux/mpu/manual-build/sources/imx-atf/build-optee/imx8mp/release/bl31/psci_on.o
                0x0000000000972f30                psci_cpu_on_start
 .text.psci_cpu_on_finish
                0x0000000000973094       0xdc /home/mx3g/linux/mpu/manual-build/sources/imx-atf/build-optee/imx8mp/release/bl31/psci_on.o
                0x0000000000973094                psci_cpu_on_finish
 .text.psci_arch_setup
                0x0000000000973170       0x20 /home/mx3g/linux/mpu/manual-build/sources/imx-atf/build-optee/imx8mp/release/bl31/psci_setup.o
                0x0000000000973170                psci_arch_setup
 .text.psci_setup
                0x0000000000973190      0x340 /home/mx3g/linux/mpu/manual-build/sources/imx-atf/build-optee/imx8mp/release/bl31/psci_setup.o
                0x0000000000973190                psci_setup
 .text.psci_cpu_suspend_start
                0x00000000009734d0      0x1d8 /home/mx3g/linux/mpu/manual-build/sources/imx-atf/build-optee/imx8mp/release/bl31/psci_suspend.o
                0x00000000009734d0                psci_cpu_suspend_start
 .text.psci_cpu_suspend_finish
                0x00000000009736a8       0xa8 /home/mx3g/linux/mpu/manual-build/sources/imx-atf/build-optee/imx8mp/release/bl31/psci_suspend.o
                0x00000000009736a8                psci_cpu_suspend_finish
 .text.psci_system_off
                0x0000000000973750       0x40 /home/mx3g/linux/mpu/manual-build/sources/imx-atf/build-optee/imx8mp/release/bl31/psci_system_off.o
                0x0000000000973750                psci_system_off
 .text.psci_system_reset
                0x0000000000973790       0x40 /home/mx3g/linux/mpu/manual-build/sources/imx-atf/build-optee/imx8mp/release/bl31/psci_system_off.o
                0x0000000000973790                psci_system_reset
 .text.psci_system_reset2
                0x00000000009737d0       0xb0 /home/mx3g/linux/mpu/manual-build/sources/imx-atf/build-optee/imx8mp/release/bl31/psci_system_off.o
                0x00000000009737d0                psci_system_reset2
 .text.xlat_arch_get_pas
                0x0000000000973880       0x14 /home/mx3g/linux/mpu/manual-build/sources/imx-atf/build-optee/imx8mp/release/bl31/xlat_tables_arch.o
                0x0000000000973880                xlat_arch_get_pas
 .text.tcr_physical_addr_size_bits
                0x0000000000973894       0x4c /home/mx3g/linux/mpu/manual-build/sources/imx-atf/build-optee/imx8mp/release/bl31/xlat_tables_arch.o
                0x0000000000973894                tcr_physical_addr_size_bits
 .text.is_dcache_enabled
                0x00000000009738e0        0xc /home/mx3g/linux/mpu/manual-build/sources/imx-atf/build-optee/imx8mp/release/bl31/xlat_tables_arch.o
                0x00000000009738e0                is_dcache_enabled
 .text.xlat_arch_regime_get_xn_desc
                0x00000000009738ec       0x14 /home/mx3g/linux/mpu/manual-build/sources/imx-atf/build-optee/imx8mp/release/bl31/xlat_tables_arch.o
                0x00000000009738ec                xlat_arch_regime_get_xn_desc
 .text.xlat_arch_current_el
                0x0000000000973900        0xc /home/mx3g/linux/mpu/manual-build/sources/imx-atf/build-optee/imx8mp/release/bl31/xlat_tables_arch.o
                0x0000000000973900                xlat_arch_current_el
 .text.setup_mmu_cfg
                0x000000000097390c       0x7c /home/mx3g/linux/mpu/manual-build/sources/imx-atf/build-optee/imx8mp/release/bl31/xlat_tables_arch.o
                0x000000000097390c                setup_mmu_cfg
 .text.mmap_add
                0x0000000000973988       0x10 /home/mx3g/linux/mpu/manual-build/sources/imx-atf/build-optee/imx8mp/release/bl31/xlat_tables_context.o
                0x0000000000973988                mmap_add
 .text.init_xlat_tables
                0x0000000000973998       0x3c /home/mx3g/linux/mpu/manual-build/sources/imx-atf/build-optee/imx8mp/release/bl31/xlat_tables_context.o
                0x0000000000973998                init_xlat_tables
 .text.enable_mmu_el3
                0x00000000009739d4       0x48 /home/mx3g/linux/mpu/manual-build/sources/imx-atf/build-optee/imx8mp/release/bl31/xlat_tables_context.o
                0x00000000009739d4                enable_mmu_el3
 .text.xlat_clean_dcache_range
                0x0000000000973a1c       0x40 /home/mx3g/linux/mpu/manual-build/sources/imx-atf/build-optee/imx8mp/release/bl31/xlat_tables_core.o
 .text.xlat_desc
                0x0000000000973a5c       0xec /home/mx3g/linux/mpu/manual-build/sources/imx-atf/build-optee/imx8mp/release/bl31/xlat_tables_core.o
                0x0000000000973a5c                xlat_desc
 .text.xlat_tables_map_region
                0x0000000000973b48      0x220 /home/mx3g/linux/mpu/manual-build/sources/imx-atf/build-optee/imx8mp/release/bl31/xlat_tables_core.o
 .text.mmap_add_region_ctx
                0x0000000000973d68      0x234 /home/mx3g/linux/mpu/manual-build/sources/imx-atf/build-optee/imx8mp/release/bl31/xlat_tables_core.o
                0x0000000000973d68                mmap_add_region_ctx
 .text.mmap_add_ctx
                0x0000000000973f9c       0x3c /home/mx3g/linux/mpu/manual-build/sources/imx-atf/build-optee/imx8mp/release/bl31/xlat_tables_core.o
                0x0000000000973f9c                mmap_add_ctx
 .text.init_xlat_tables_ctx
                0x0000000000973fd8      0x100 /home/mx3g/linux/mpu/manual-build/sources/imx-atf/build-optee/imx8mp/release/bl31/xlat_tables_core.o
                0x0000000000973fd8                init_xlat_tables_ctx
 .text.xlat_mmap_print
                0x00000000009740d8        0x4 /home/mx3g/linux/mpu/manual-build/sources/imx-atf/build-optee/imx8mp/release/bl31/xlat_tables_utils.o
                0x00000000009740d8                xlat_mmap_print
 .text.xlat_tables_print
                0x00000000009740dc        0x4 /home/mx3g/linux/mpu/manual-build/sources/imx-atf/build-optee/imx8mp/release/bl31/xlat_tables_utils.o
                0x00000000009740dc                xlat_tables_print
 .text.bl31_plat_runtime_setup
                0x00000000009740e0        0x8 /home/mx3g/linux/mpu/manual-build/sources/imx-atf/build-optee/imx8mp/release/bl31/plat_common.o
                0x00000000009740e0                bl31_plat_runtime_setup
 .text.plat_get_soc_version
                0x00000000009740e8        0x8 /home/mx3g/linux/mpu/manual-build/sources/imx-atf/build-optee/imx8mp/release/bl31/plat_bl_common.o
                0x00000000009740e8                plat_get_soc_version
 .text.plat_get_soc_revision
                0x00000000009740f0        0x8 /home/mx3g/linux/mpu/manual-build/sources/imx-atf/build-optee/imx8mp/release/bl31/plat_bl_common.o
                0x00000000009740f0                plat_get_soc_revision
 .text.plat_is_smccc_feature_available
                0x00000000009740f8        0x8 /home/mx3g/linux/mpu/manual-build/sources/imx-atf/build-optee/imx8mp/release/bl31/plat_bl_common.o
                0x00000000009740f8                plat_is_smccc_feature_available
 .text.setup_page_tables
                0x0000000000974100       0x28 /home/mx3g/linux/mpu/manual-build/sources/imx-atf/build-optee/imx8mp/release/bl31/plat_bl_common.o
                0x0000000000974100                setup_page_tables
 .text.plat_ic_get_pending_interrupt_type
                0x0000000000974128       0x34 /home/mx3g/linux/mpu/manual-build/sources/imx-atf/build-optee/imx8mp/release/bl31/plat_gicv3.o
                0x0000000000974128                plat_ic_get_pending_interrupt_type
 .text.plat_ic_acknowledge_interrupt
                0x000000000097415c        0xc /home/mx3g/linux/mpu/manual-build/sources/imx-atf/build-optee/imx8mp/release/bl31/plat_gicv3.o
                0x000000000097415c                plat_ic_acknowledge_interrupt
 .text.plat_ic_end_of_interrupt
                0x0000000000974168       0x10 /home/mx3g/linux/mpu/manual-build/sources/imx-atf/build-optee/imx8mp/release/bl31/plat_gicv3.o
                0x0000000000974168                plat_ic_end_of_interrupt
 .text.plat_interrupt_type_to_line
                0x0000000000974178       0x48 /home/mx3g/linux/mpu/manual-build/sources/imx-atf/build-optee/imx8mp/release/bl31/plat_gicv3.o
                0x0000000000974178                plat_interrupt_type_to_line
 .text.plat_ic_has_interrupt_type
                0x00000000009741c0        0xc /home/mx3g/linux/mpu/manual-build/sources/imx-atf/build-optee/imx8mp/release/bl31/plat_gicv3.o
                0x00000000009741c0                plat_ic_has_interrupt_type
 .text.plat_ic_raise_el3_sgi
                0x00000000009741cc        0xc /home/mx3g/linux/mpu/manual-build/sources/imx-atf/build-optee/imx8mp/release/bl31/plat_gicv3.o
                0x00000000009741cc                plat_ic_raise_el3_sgi
 .text.plat_log_get_prefix
                0x00000000009741d8       0x30 /home/mx3g/linux/mpu/manual-build/sources/imx-atf/build-optee/imx8mp/release/bl31/plat_log_common.o
                0x00000000009741d8                plat_log_get_prefix
 .text.plat_get_target_pwr_state
                0x0000000000974208       0x28 /home/mx3g/linux/mpu/manual-build/sources/imx-atf/build-optee/imx8mp/release/bl31/plat_psci_common.o
                0x0000000000974208                plat_get_target_pwr_state
 .text.plat_get_power_domain_tree_desc
                0x0000000000974230        0xc /home/mx3g/linux/mpu/manual-build/sources/imx-atf/build-optee/imx8mp/release/bl31/imx8_topology.o
                0x0000000000974230                plat_get_power_domain_tree_desc
 .text.plat_core_pos_by_mpidr
                0x000000000097423c       0x3c /home/mx3g/linux/mpu/manual-build/sources/imx-atf/build-optee/imx8mp/release/bl31/imx8_topology.o
                0x000000000097423c                plat_core_pos_by_mpidr
 .text.imx_buildinfo_handler
                0x0000000000974278       0x84 /home/mx3g/linux/mpu/manual-build/sources/imx-atf/build-optee/imx8mp/release/bl31/imx_sip_handler.o
                0x0000000000974278                imx_buildinfo_handler
 .text.imx_kernel_entry_handler
                0x00000000009742fc       0x64 /home/mx3g/linux/mpu/manual-build/sources/imx-atf/build-optee/imx8mp/release/bl31/imx_sip_handler.o
                0x00000000009742fc                imx_kernel_entry_handler
 .text.imx_sip_setup
                0x0000000000974360        0x8 /home/mx3g/linux/mpu/manual-build/sources/imx-atf/build-optee/imx8mp/release/bl31/imx_sip_svc.o
 .text.imx_sip_handler
                0x0000000000974368       0xf0 /home/mx3g/linux/mpu/manual-build/sources/imx-atf/build-optee/imx8mp/release/bl31/imx_sip_svc.o
 .text.plat_imx_mpidr_to_core_pos
                0x0000000000974458        0x4 /home/mx3g/linux/mpu/manual-build/sources/imx-atf/build-optee/imx8mp/release/bl31/plat_imx8_gic.o
 .text.plat_gic_driver_init
                0x000000000097445c        0xc /home/mx3g/linux/mpu/manual-build/sources/imx-atf/build-optee/imx8mp/release/bl31/plat_imx8_gic.o
                0x000000000097445c                plat_gic_driver_init
 .text.plat_gic_init
                0x0000000000974468       0x40 /home/mx3g/linux/mpu/manual-build/sources/imx-atf/build-optee/imx8mp/release/bl31/plat_imx8_gic.o
                0x0000000000974468                plat_gic_init
 .text.plat_gic_cpuif_enable
                0x00000000009744a8       0x14 /home/mx3g/linux/mpu/manual-build/sources/imx-atf/build-optee/imx8mp/release/bl31/plat_imx8_gic.o
                0x00000000009744a8                plat_gic_cpuif_enable
 .text.plat_gic_cpuif_disable
                0x00000000009744bc       0x14 /home/mx3g/linux/mpu/manual-build/sources/imx-atf/build-optee/imx8mp/release/bl31/plat_imx8_gic.o
                0x00000000009744bc                plat_gic_cpuif_disable
 .text.plat_gic_pcpu_init
                0x00000000009744d0       0x14 /home/mx3g/linux/mpu/manual-build/sources/imx-atf/build-optee/imx8mp/release/bl31/plat_imx8_gic.o
                0x00000000009744d0                plat_gic_pcpu_init
 .text.plat_gic_save
                0x00000000009744e4       0x50 /home/mx3g/linux/mpu/manual-build/sources/imx-atf/build-optee/imx8mp/release/bl31/plat_imx8_gic.o
                0x00000000009744e4                plat_gic_save
 .text.plat_gic_restore
                0x0000000000974534       0x50 /home/mx3g/linux/mpu/manual-build/sources/imx-atf/build-optee/imx8mp/release/bl31/plat_imx8_gic.o
                0x0000000000974534                plat_gic_restore
 .text.ddr_pll_bypass_100mts
                0x0000000000974584       0x3c /home/mx3g/linux/mpu/manual-build/sources/imx-atf/build-optee/imx8mp/release/bl31/clock.o
                0x0000000000974584                ddr_pll_bypass_100mts
 .text.ddr_pll_bypass_400mts
                0x00000000009745c0       0x3c /home/mx3g/linux/mpu/manual-build/sources/imx-atf/build-optee/imx8mp/release/bl31/clock.o
                0x00000000009745c0                ddr_pll_bypass_400mts
 .text.ddr_pll_unbypass
                0x00000000009745fc       0x24 /home/mx3g/linux/mpu/manual-build/sources/imx-atf/build-optee/imx8mp/release/bl31/clock.o
                0x00000000009745fc                ddr_pll_unbypass
 .text.dram_pll_init
                0x0000000000974620      0x120 /home/mx3g/linux/mpu/manual-build/sources/imx-atf/build-optee/imx8mp/release/bl31/clock.o
                0x0000000000974620                dram_pll_init
 .text.dram_clock_switch
                0x0000000000974740       0x28 /home/mx3g/linux/mpu/manual-build/sources/imx-atf/build-optee/imx8mp/release/bl31/clock.o
                0x0000000000974740                dram_clock_switch
 .text.ddr4_mr_write
                0x0000000000974768      0x108 /home/mx3g/linux/mpu/manual-build/sources/imx-atf/build-optee/imx8mp/release/bl31/ddr4_dvfs.o
                0x0000000000974768                ddr4_mr_write
 .text.dram_cfg_all_mr
                0x0000000000974870       0x7c /home/mx3g/linux/mpu/manual-build/sources/imx-atf/build-optee/imx8mp/release/bl31/ddr4_dvfs.o
                0x0000000000974870                dram_cfg_all_mr
 .text.sw_pstate
                0x00000000009748ec       0xd8 /home/mx3g/linux/mpu/manual-build/sources/imx-atf/build-optee/imx8mp/release/bl31/ddr4_dvfs.o
                0x00000000009748ec                sw_pstate
 .text.ddr4_swffc
                0x00000000009749c4      0x118 /home/mx3g/linux/mpu/manual-build/sources/imx-atf/build-optee/imx8mp/release/bl31/ddr4_dvfs.o
                0x00000000009749c4                ddr4_swffc
 .text.waiting_dvfs
                0x0000000000974adc       0x88 /home/mx3g/linux/mpu/manual-build/sources/imx-atf/build-optee/imx8mp/release/bl31/dram.o
 .text.lpddr4_mr_read.constprop.0
                0x0000000000974b64       0xa0 /home/mx3g/linux/mpu/manual-build/sources/imx-atf/build-optee/imx8mp/release/bl31/dram.o
 .text.dram_umctl2_init
                0x0000000000974c04       0x38 /home/mx3g/linux/mpu/manual-build/sources/imx-atf/build-optee/imx8mp/release/bl31/dram.o
                0x0000000000974c04                dram_umctl2_init
 .text.dram_phy_init
                0x0000000000974c3c       0xa0 /home/mx3g/linux/mpu/manual-build/sources/imx-atf/build-optee/imx8mp/release/bl31/dram.o
                0x0000000000974c3c                dram_phy_init
 .text.dram_info_init
                0x0000000000974cdc      0x22c /home/mx3g/linux/mpu/manual-build/sources/imx-atf/build-optee/imx8mp/release/bl31/dram.o
                0x0000000000974cdc                dram_info_init
 .text.dram_dvfs_get_freq_info
                0x0000000000974f08       0xd0 /home/mx3g/linux/mpu/manual-build/sources/imx-atf/build-optee/imx8mp/release/bl31/dram.o
                0x0000000000974f08                dram_dvfs_get_freq_info
 .text.dram_dvfs_handler
                0x0000000000974fd8      0x168 /home/mx3g/linux/mpu/manual-build/sources/imx-atf/build-optee/imx8mp/release/bl31/dram.o
                0x0000000000974fd8                dram_dvfs_handler
 .text.rank_setting_update
                0x0000000000975140       0x8c /home/mx3g/linux/mpu/manual-build/sources/imx-atf/build-optee/imx8mp/release/bl31/dram_retention.o
                0x0000000000975140                rank_setting_update
 .text.dram_enter_retention
                0x00000000009751cc      0x17c /home/mx3g/linux/mpu/manual-build/sources/imx-atf/build-optee/imx8mp/release/bl31/dram_retention.o
                0x00000000009751cc                dram_enter_retention
 .text.dram_exit_retention
                0x0000000000975348      0x1f8 /home/mx3g/linux/mpu/manual-build/sources/imx-atf/build-optee/imx8mp/release/bl31/dram_retention.o
                0x0000000000975348                dram_exit_retention
 .text.lpddr4_mr_write.constprop.0
                0x0000000000975540       0x40 /home/mx3g/linux/mpu/manual-build/sources/imx-atf/build-optee/imx8mp/release/bl31/lpddr4_dvfs.o
 .text.lpddr4_swffc
                0x0000000000975580      0x4a4 /home/mx3g/linux/mpu/manual-build/sources/imx-atf/build-optee/imx8mp/release/bl31/lpddr4_dvfs.o
                0x0000000000975580                lpddr4_swffc
 .text.imx_m4_lpa_active
                0x0000000000975a24       0x24 /home/mx3g/linux/mpu/manual-build/sources/imx-atf/build-optee/imx8mp/release/bl31/gpc_common.o
                0x0000000000975a24                imx_m4_lpa_active
 .text.imx_is_m4_enabled
                0x0000000000975a48       0x18 /home/mx3g/linux/mpu/manual-build/sources/imx-atf/build-optee/imx8mp/release/bl31/gpc_common.o
                0x0000000000975a48                imx_is_m4_enabled
 .text.imx_set_cpu_secure_entry
                0x0000000000975a60       0x2c /home/mx3g/linux/mpu/manual-build/sources/imx-atf/build-optee/imx8mp/release/bl31/gpc_common.o
                0x0000000000975a60                imx_set_cpu_secure_entry
 .text.imx_set_cpu_pwr_off
                0x0000000000975a8c       0x80 /home/mx3g/linux/mpu/manual-build/sources/imx-atf/build-optee/imx8mp/release/bl31/gpc_common.o
                0x0000000000975a8c                imx_set_cpu_pwr_off
 .text.imx_set_cpu_pwr_on
                0x0000000000975b0c       0xe0 /home/mx3g/linux/mpu/manual-build/sources/imx-atf/build-optee/imx8mp/release/bl31/gpc_common.o
                0x0000000000975b0c                imx_set_cpu_pwr_on
 .text.imx_set_cpu_lpm
                0x0000000000975bec       0xd0 /home/mx3g/linux/mpu/manual-build/sources/imx-atf/build-optee/imx8mp/release/bl31/gpc_common.o
                0x0000000000975bec                imx_set_cpu_lpm
 .text.imx_set_cluster_powerdown
                0x0000000000975cbc      0x11c /home/mx3g/linux/mpu/manual-build/sources/imx-atf/build-optee/imx8mp/release/bl31/gpc_common.o
                0x0000000000975cbc                imx_set_cluster_powerdown
 .text.imx_set_sys_wakeup
                0x0000000000975dd8       0xe0 /home/mx3g/linux/mpu/manual-build/sources/imx-atf/build-optee/imx8mp/release/bl31/gpc_common.o
                0x0000000000975dd8                imx_set_sys_wakeup
 .text.imx_noc_slot_config
                0x0000000000975eb8       0x94 /home/mx3g/linux/mpu/manual-build/sources/imx-atf/build-optee/imx8mp/release/bl31/gpc_common.o
                0x0000000000975eb8                imx_noc_slot_config
 .text.imx_set_sys_lpm
                0x0000000000975f4c       0x64 /home/mx3g/linux/mpu/manual-build/sources/imx-atf/build-optee/imx8mp/release/bl31/gpc_common.o
                0x0000000000975f4c                imx_set_sys_lpm
 .text.imx_set_rbc_count
                0x0000000000975fb0       0x1c /home/mx3g/linux/mpu/manual-build/sources/imx-atf/build-optee/imx8mp/release/bl31/gpc_common.o
                0x0000000000975fb0                imx_set_rbc_count
 .text.imx_clear_rbc_count
                0x0000000000975fcc       0x18 /home/mx3g/linux/mpu/manual-build/sources/imx-atf/build-optee/imx8mp/release/bl31/gpc_common.o
                0x0000000000975fcc                imx_clear_rbc_count
 .text.imx_anamix_override
                0x0000000000975fe4       0x6c /home/mx3g/linux/mpu/manual-build/sources/imx-atf/build-optee/imx8mp/release/bl31/gpc_common.o
                0x0000000000975fe4                imx_anamix_override
 .text.imx_gpc_handler
                0x0000000000976050       0x34 /home/mx3g/linux/mpu/manual-build/sources/imx-atf/build-optee/imx8mp/release/bl31/gpc_common.o
                0x0000000000976050                imx_gpc_handler
 .text.imx_src_handler
                0x0000000000976084      0x1d0 /home/mx3g/linux/mpu/manual-build/sources/imx-atf/build-optee/imx8mp/release/bl31/gpc_common.o
                0x0000000000976084                imx_src_handler
 .text.imx8m_caam_init
                0x0000000000976254       0xa4 /home/mx3g/linux/mpu/manual-build/sources/imx-atf/build-optee/imx8mp/release/bl31/imx8m_caam.o
                0x0000000000976254                imx8m_caam_init
 .text.imx_csu_init
                0x00000000009762f8      0x150 /home/mx3g/linux/mpu/manual-build/sources/imx-atf/build-optee/imx8mp/release/bl31/imx8m_csu.o
                0x00000000009762f8                imx_csu_init
 .text.imx_validate_ns_entrypoint
                0x0000000000976448       0x14 /home/mx3g/linux/mpu/manual-build/sources/imx-atf/build-optee/imx8mp/release/bl31/imx8m_psci_common.o
                0x0000000000976448                imx_validate_ns_entrypoint
 .text.imx_pwr_domain_on
                0x000000000097645c       0x38 /home/mx3g/linux/mpu/manual-build/sources/imx-atf/build-optee/imx8mp/release/bl31/imx8m_psci_common.o
                0x000000000097645c                imx_pwr_domain_on
 .text.imx_pwr_domain_on_finish
                0x0000000000976494       0x14 /home/mx3g/linux/mpu/manual-build/sources/imx-atf/build-optee/imx8mp/release/bl31/imx8m_psci_common.o
                0x0000000000976494                imx_pwr_domain_on_finish
 .text.imx_pwr_domain_off
                0x00000000009764a8       0x24 /home/mx3g/linux/mpu/manual-build/sources/imx-atf/build-optee/imx8mp/release/bl31/imx8m_psci_common.o
                0x00000000009764a8                imx_pwr_domain_off
 .text.imx_validate_power_state
                0x00000000009764cc       0x54 /home/mx3g/linux/mpu/manual-build/sources/imx-atf/build-optee/imx8mp/release/bl31/imx8m_psci_common.o
                0x00000000009764cc                imx_validate_power_state
 .text.imx_cpu_standby
                0x0000000000976520       0x2c /home/mx3g/linux/mpu/manual-build/sources/imx-atf/build-optee/imx8mp/release/bl31/imx8m_psci_common.o
                0x0000000000976520                imx_cpu_standby
 .text.imx_domain_suspend
                0x000000000097654c       0xe8 /home/mx3g/linux/mpu/manual-build/sources/imx-atf/build-optee/imx8mp/release/bl31/imx8m_psci_common.o
                0x000000000097654c                imx_domain_suspend
 .text.imx_domain_suspend_finish
                0x0000000000976634       0xd8 /home/mx3g/linux/mpu/manual-build/sources/imx-atf/build-optee/imx8mp/release/bl31/imx8m_psci_common.o
                0x0000000000976634                imx_domain_suspend_finish
 .text.imx_get_sys_suspend_power_state
                0x000000000097670c       0x14 /home/mx3g/linux/mpu/manual-build/sources/imx-atf/build-optee/imx8mp/release/bl31/imx8m_psci_common.o
                0x000000000097670c                imx_get_sys_suspend_power_state
 .text.imx_system_reset
                0x0000000000976720       0x38 /home/mx3g/linux/mpu/manual-build/sources/imx-atf/build-optee/imx8mp/release/bl31/imx8m_psci_common.o
                0x0000000000976720                imx_system_reset
 .text.imx_system_off
                0x0000000000976758       0x1c /home/mx3g/linux/mpu/manual-build/sources/imx-atf/build-optee/imx8mp/release/bl31/imx8m_psci_common.o
                0x0000000000976758                imx_system_off
 .text.imx_pwr_domain_pwr_down_wfi
                0x0000000000976774       0x34 /home/mx3g/linux/mpu/manual-build/sources/imx-atf/build-optee/imx8mp/release/bl31/imx8m_psci_common.o
                0x0000000000976774                imx_pwr_domain_pwr_down_wfi
 .text.imx_gpc_pm_domain_enable
                0x00000000009767a8      0x490 /home/mx3g/linux/mpu/manual-build/sources/imx-atf/build-optee/imx8mp/release/bl31/gpc.o
                0x00000000009767a8                imx_gpc_pm_domain_enable
 .text.imx_noc_wrapper_pre_suspend
                0x0000000000976c38       0x58 /home/mx3g/linux/mpu/manual-build/sources/imx-atf/build-optee/imx8mp/release/bl31/gpc.o
                0x0000000000976c38                imx_noc_wrapper_pre_suspend
 .text.imx_noc_wrapper_post_resume
                0x0000000000976c90       0xb0 /home/mx3g/linux/mpu/manual-build/sources/imx-atf/build-optee/imx8mp/release/bl31/gpc.o
                0x0000000000976c90                imx_noc_wrapper_post_resume
 .text.imx_gpc_init
                0x0000000000976d40      0x1d4 /home/mx3g/linux/mpu/manual-build/sources/imx-atf/build-optee/imx8mp/release/bl31/gpc.o
                0x0000000000976d40                imx_gpc_init
 .text.bl31_early_platform_setup2
                0x0000000000976f14      0x158 /home/mx3g/linux/mpu/manual-build/sources/imx-atf/build-optee/imx8mp/release/bl31/imx8mp_bl31_setup.o
                0x0000000000976f14                bl31_early_platform_setup2
 .text.bl31_plat_arch_setup
                0x000000000097706c       0xb0 /home/mx3g/linux/mpu/manual-build/sources/imx-atf/build-optee/imx8mp/release/bl31/imx8mp_bl31_setup.o
                0x000000000097706c                bl31_plat_arch_setup
 .text.bl31_platform_setup
                0x000000000097711c       0x58 /home/mx3g/linux/mpu/manual-build/sources/imx-atf/build-optee/imx8mp/release/bl31/imx8mp_bl31_setup.o
                0x000000000097711c                bl31_platform_setup
 .text.bl31_plat_get_next_image_ep_info
                0x0000000000977174       0x28 /home/mx3g/linux/mpu/manual-build/sources/imx-atf/build-optee/imx8mp/release/bl31/imx8mp_bl31_setup.o
                0x0000000000977174                bl31_plat_get_next_image_ep_info
 .text.plat_get_syscnt_freq2
                0x000000000097719c        0xc /home/mx3g/linux/mpu/manual-build/sources/imx-atf/build-optee/imx8mp/release/bl31/imx8mp_bl31_setup.o
                0x000000000097719c                plat_get_syscnt_freq2
 .text.plat_setup_psci_ops
                0x00000000009771a8       0x30 /home/mx3g/linux/mpu/manual-build/sources/imx-atf/build-optee/imx8mp/release/bl31/imx8mp_psci.o
                0x00000000009771a8                plat_setup_psci_ops
 .text.imx_aipstz_init
                0x00000000009771d8       0x48 /home/mx3g/linux/mpu/manual-build/sources/imx-atf/build-optee/imx8mp/release/bl31/imx_aipstz.o
                0x00000000009771d8                imx_aipstz_init
 .text.imx_hab_handler
                0x0000000000977220      0x108 /home/mx3g/linux/mpu/manual-build/sources/imx-atf/build-optee/imx8mp/release/bl31/imx_hab.o
                0x0000000000977220                imx_hab_handler
 .text.imx_rdc_init
                0x0000000000977328       0x98 /home/mx3g/linux/mpu/manual-build/sources/imx-atf/build-optee/imx8mp/release/bl31/imx_rdc.o
                0x0000000000977328                imx_rdc_init
 .text.arm_arch_svc_smc_handler
                0x00000000009773c0      0x13c /home/mx3g/linux/mpu/manual-build/sources/imx-atf/build-optee/imx8mp/release/bl31/arm_arch_svc_setup.o
 .text.opteed_init_optee_ep_state
                0x00000000009774fc       0xa8 /home/mx3g/linux/mpu/manual-build/sources/imx-atf/build-optee/imx8mp/release/bl31/opteed_common.o
                0x00000000009774fc                opteed_init_optee_ep_state
 .text.opteed_synchronous_sp_entry
                0x00000000009775a4       0x30 /home/mx3g/linux/mpu/manual-build/sources/imx-atf/build-optee/imx8mp/release/bl31/opteed_common.o
                0x00000000009775a4                opteed_synchronous_sp_entry
 .text.opteed_synchronous_sp_exit
                0x00000000009775d4       0x28 /home/mx3g/linux/mpu/manual-build/sources/imx-atf/build-optee/imx8mp/release/bl31/opteed_common.o
                0x00000000009775d4                opteed_synchronous_sp_exit
 .text.opteed_sel1_interrupt_handler
                0x00000000009775fc       0x74 /home/mx3g/linux/mpu/manual-build/sources/imx-atf/build-optee/imx8mp/release/bl31/opteed_main.o
 .text.opteed_smc_handler
                0x0000000000977670      0x1f8 /home/mx3g/linux/mpu/manual-build/sources/imx-atf/build-optee/imx8mp/release/bl31/opteed_main.o
 .text.opteed_setup
                0x0000000000977868       0x7c /home/mx3g/linux/mpu/manual-build/sources/imx-atf/build-optee/imx8mp/release/bl31/opteed_main.o
 .text.opteed_init
                0x00000000009778e4       0x48 /home/mx3g/linux/mpu/manual-build/sources/imx-atf/build-optee/imx8mp/release/bl31/opteed_main.o
 .text.opteed_cpu_on_handler
                0x000000000097792c        0x4 /home/mx3g/linux/mpu/manual-build/sources/imx-atf/build-optee/imx8mp/release/bl31/opteed_pm.o
 .text.opteed_cpu_migrate_info
                0x0000000000977930        0x8 /home/mx3g/linux/mpu/manual-build/sources/imx-atf/build-optee/imx8mp/release/bl31/opteed_pm.o
 .text.opteed_cpu_on_finish_handler
                0x0000000000977938       0xa0 /home/mx3g/linux/mpu/manual-build/sources/imx-atf/build-optee/imx8mp/release/bl31/opteed_pm.o
                0x0000000000977938                opteed_cpu_on_finish_handler
 .text.opteed_system_reset
                0x00000000009779d8       0x68 /home/mx3g/linux/mpu/manual-build/sources/imx-atf/build-optee/imx8mp/release/bl31/opteed_pm.o
 .text.opteed_system_off
                0x0000000000977a40       0x68 /home/mx3g/linux/mpu/manual-build/sources/imx-atf/build-optee/imx8mp/release/bl31/opteed_pm.o
 .text.opteed_cpu_suspend_finish_handler
                0x0000000000977aa8       0x98 /home/mx3g/linux/mpu/manual-build/sources/imx-atf/build-optee/imx8mp/release/bl31/opteed_pm.o
 .text.opteed_cpu_suspend_handler
                0x0000000000977b40       0x94 /home/mx3g/linux/mpu/manual-build/sources/imx-atf/build-optee/imx8mp/release/bl31/opteed_pm.o
 .text.opteed_cpu_off_handler
                0x0000000000977bd4       0x88 /home/mx3g/linux/mpu/manual-build/sources/imx-atf/build-optee/imx8mp/release/bl31/opteed_pm.o
 .text.std_svc_smc_handler
                0x0000000000977c5c       0xb8 /home/mx3g/linux/mpu/manual-build/sources/imx-atf/build-optee/imx8mp/release/bl31/std_svc_setup.o
 .text.std_svc_setup
                0x0000000000977d14       0x24 /home/mx3g/linux/mpu/manual-build/sources/imx-atf/build-optee/imx8mp/release/bl31/std_svc_setup.o
 .text.asm.report_unhandled_exception
                0x0000000000977d38        0x4 /home/mx3g/linux/mpu/manual-build/sources/imx-atf/build-optee/imx8mp/release/bl31/crash_reporting.o
                0x0000000000977d38                report_unhandled_exception
                0x0000000000977d38                report_unhandled_interrupt
 .text.asm.sync_exception_handler
                0x0000000000977d3c       0xe0 /home/mx3g/linux/mpu/manual-build/sources/imx-atf/build-optee/imx8mp/release/bl31/runtime_exceptions.o
 .text.asm.handle_interrupt_exception
                0x0000000000977e1c       0x54 /home/mx3g/linux/mpu/manual-build/sources/imx-atf/build-optee/imx8mp/release/bl31/runtime_exceptions.o
 .text.asm.imp_def_el3_handler
                0x0000000000977e70       0x38 /home/mx3g/linux/mpu/manual-build/sources/imx-atf/build-optee/imx8mp/release/bl31/runtime_exceptions.o
 .text.asm.reflect_pending_async_ea_to_lower_el
                0x0000000000977ea8       0x80 /home/mx3g/linux/mpu/manual-build/sources/imx-atf/build-optee/imx8mp/release/bl31/runtime_exceptions.o
 .text.asm.asm_print_str
                0x0000000000977f28       0x18 /home/mx3g/linux/mpu/manual-build/sources/imx-atf/build-optee/imx8mp/release/bl31/debug.o
                0x0000000000977f28                asm_print_str
 .text.asm.asm_print_hex
                0x0000000000977f40       0x30 /home/mx3g/linux/mpu/manual-build/sources/imx-atf/build-optee/imx8mp/release/bl31/debug.o
                0x0000000000977f40                asm_print_hex
                0x0000000000977f44                asm_print_hex_bits
 .text.asm.asm_print_newline
                0x0000000000977f70        0x8 /home/mx3g/linux/mpu/manual-build/sources/imx-atf/build-optee/imx8mp/release/bl31/debug.o
                0x0000000000977f70                asm_print_newline
 .text.asm.elx_panic
                0x0000000000977f78        0x4 /home/mx3g/linux/mpu/manual-build/sources/imx-atf/build-optee/imx8mp/release/bl31/debug.o
                0x0000000000977f78                elx_panic
 .text.asm.el3_panic
                0x0000000000977f7c       0x30 /home/mx3g/linux/mpu/manual-build/sources/imx-atf/build-optee/imx8mp/release/bl31/debug.o
                0x0000000000977f7c                el3_panic
 .text.asm.flush_dcache_range
                0x0000000000977fac       0x38 /home/mx3g/linux/mpu/manual-build/sources/imx-atf/build-optee/imx8mp/release/bl31/cache_helpers.o
                0x0000000000977fac                flush_dcache_range
 .text.asm.clean_dcache_range
                0x0000000000977fe4       0x38 /home/mx3g/linux/mpu/manual-build/sources/imx-atf/build-optee/imx8mp/release/bl31/cache_helpers.o
                0x0000000000977fe4                clean_dcache_range
 .text.asm.inv_dcache_range
                0x000000000097801c       0x38 /home/mx3g/linux/mpu/manual-build/sources/imx-atf/build-optee/imx8mp/release/bl31/cache_helpers.o
                0x000000000097801c                inv_dcache_range
 .text.asm.do_dcsw_op
                0x0000000000978054       0xfc /home/mx3g/linux/mpu/manual-build/sources/imx-atf/build-optee/imx8mp/release/bl31/cache_helpers.o
 .text.asm.dcsw_op_all
                0x0000000000978150       0x14 /home/mx3g/linux/mpu/manual-build/sources/imx-atf/build-optee/imx8mp/release/bl31/cache_helpers.o
                0x0000000000978150                dcsw_op_all
 .text.asm.dcsw_op_level1
                0x0000000000978164       0x10 /home/mx3g/linux/mpu/manual-build/sources/imx-atf/build-optee/imx8mp/release/bl31/cache_helpers.o
                0x0000000000978164                dcsw_op_level1
 .text.asm.dcsw_op_level2
                0x0000000000978174       0x10 /home/mx3g/linux/mpu/manual-build/sources/imx-atf/build-optee/imx8mp/release/bl31/cache_helpers.o
                0x0000000000978174                dcsw_op_level2
 .text.asm.zeromem
                0x0000000000978184        0x8 /home/mx3g/linux/mpu/manual-build/sources/imx-atf/build-optee/imx8mp/release/bl31/misc_helpers.o
                0x0000000000978184                zeromem
 .text.asm.zeromem_dczva
                0x000000000097818c       0xe8 /home/mx3g/linux/mpu/manual-build/sources/imx-atf/build-optee/imx8mp/release/bl31/misc_helpers.o
                0x000000000097818c                zero_normalmem
 .text.asm.fixup_gdt_reloc
                0x0000000000978274       0x98 /home/mx3g/linux/mpu/manual-build/sources/imx-atf/build-optee/imx8mp/release/bl31/misc_helpers.o
                0x0000000000978274                fixup_gdt_reloc
 .text.asm.cortex_a53_disable_dcache
                0x000000000097830c       0x14 /home/mx3g/linux/mpu/manual-build/sources/imx-atf/build-optee/imx8mp/release/bl31/cortex_a53.o
 .text.asm.cortex_a53_disable_smp
                0x0000000000978320       0x18 /home/mx3g/linux/mpu/manual-build/sources/imx-atf/build-optee/imx8mp/release/bl31/cortex_a53.o
 .text.asm.check_erratum_cortex_a53_819472
                0x0000000000978338        0x8 /home/mx3g/linux/mpu/manual-build/sources/imx-atf/build-optee/imx8mp/release/bl31/cortex_a53.o
 .text.asm.check_erratum_cortex_a53_824069
                0x0000000000978340        0x8 /home/mx3g/linux/mpu/manual-build/sources/imx-atf/build-optee/imx8mp/release/bl31/cortex_a53.o
 .text.asm.check_erratum_cortex_a53_826319
                0x0000000000978348        0x8 /home/mx3g/linux/mpu/manual-build/sources/imx-atf/build-optee/imx8mp/release/bl31/cortex_a53.o
 .text.asm.check_erratum_cortex_a53_827319
                0x0000000000978350        0x8 /home/mx3g/linux/mpu/manual-build/sources/imx-atf/build-optee/imx8mp/release/bl31/cortex_a53.o
 .text.asm.check_erratum_cortex_a53_835769
                0x0000000000978358       0x24 /home/mx3g/linux/mpu/manual-build/sources/imx-atf/build-optee/imx8mp/release/bl31/cortex_a53.o
 .text.asm.check_erratum_cortex_a53_836870
                0x000000000097837c        0x8 /home/mx3g/linux/mpu/manual-build/sources/imx-atf/build-optee/imx8mp/release/bl31/cortex_a53.o
 .text.asm.check_erratum_cortex_a53_843419
                0x0000000000978384       0x24 /home/mx3g/linux/mpu/manual-build/sources/imx-atf/build-optee/imx8mp/release/bl31/cortex_a53.o
 .text.asm.erratum_cortex_a53_855873_wa
                0x00000000009783a8       0x20 /home/mx3g/linux/mpu/manual-build/sources/imx-atf/build-optee/imx8mp/release/bl31/cortex_a53.o
 .text.asm.check_erratum_cortex_a53_855873
                0x00000000009783c8        0x8 /home/mx3g/linux/mpu/manual-build/sources/imx-atf/build-optee/imx8mp/release/bl31/cortex_a53.o
 .text.asm.check_erratum_cortex_a53_1530924
                0x00000000009783d0        0x8 /home/mx3g/linux/mpu/manual-build/sources/imx-atf/build-optee/imx8mp/release/bl31/cortex_a53.o
 .text.asm.cortex_a53_reset_func
                0x00000000009783d8       0x58 /home/mx3g/linux/mpu/manual-build/sources/imx-atf/build-optee/imx8mp/release/bl31/cortex_a53.o
 .text.asm.cortex_a53_core_pwr_dwn
                0x0000000000978430       0x18 /home/mx3g/linux/mpu/manual-build/sources/imx-atf/build-optee/imx8mp/release/bl31/cortex_a53.o
 .text.asm.cortex_a53_cluster_pwr_dwn
                0x0000000000978448       0x24 /home/mx3g/linux/mpu/manual-build/sources/imx-atf/build-optee/imx8mp/release/bl31/cortex_a53.o
 .text.asm.reset_handler
                0x000000000097846c       0x20 /home/mx3g/linux/mpu/manual-build/sources/imx-atf/build-optee/imx8mp/release/bl31/cpu_helpers.o
                0x000000000097846c                reset_handler
 .text.asm.prepare_cpu_pwr_dwn
                0x000000000097848c       0x24 /home/mx3g/linux/mpu/manual-build/sources/imx-atf/build-optee/imx8mp/release/bl31/cpu_helpers.o
                0x000000000097848c                prepare_cpu_pwr_dwn
 .text.asm.init_cpu_ops
                0x00000000009784b0       0x20 /home/mx3g/linux/mpu/manual-build/sources/imx-atf/build-optee/imx8mp/release/bl31/cpu_helpers.o
                0x00000000009784b0                init_cpu_ops
 .text.asm.get_cpu_ops_ptr
                0x00000000009784d0       0x40 /home/mx3g/linux/mpu/manual-build/sources/imx-atf/build-optee/imx8mp/release/bl31/cpu_helpers.o
                0x00000000009784d0                get_cpu_ops_ptr
 .text.asm.cpu_get_rev_var
                0x0000000000978510       0x10 /home/mx3g/linux/mpu/manual-build/sources/imx-atf/build-optee/imx8mp/release/bl31/cpu_helpers.o
                0x0000000000978510                cpu_get_rev_var
 .text.asm.cpu_rev_var_ls
                0x0000000000978520       0x14 /home/mx3g/linux/mpu/manual-build/sources/imx-atf/build-optee/imx8mp/release/bl31/cpu_helpers.o
                0x0000000000978520                cpu_rev_var_ls
 .text.asm.cpu_rev_var_hs
                0x0000000000978534       0x14 /home/mx3g/linux/mpu/manual-build/sources/imx-atf/build-optee/imx8mp/release/bl31/cpu_helpers.o
                0x0000000000978534                cpu_rev_var_hs
 .text.asm.check_wa_cve_2017_5715
                0x0000000000978548       0x20 /home/mx3g/linux/mpu/manual-build/sources/imx-atf/build-optee/imx8mp/release/bl31/cpu_helpers.o
                0x0000000000978548                check_wa_cve_2017_5715
 .text.asm.check_smccc_arch_wa3_applies
                0x0000000000978568       0x20 /home/mx3g/linux/mpu/manual-build/sources/imx-atf/build-optee/imx8mp/release/bl31/cpu_helpers.o
                0x0000000000978568                check_smccc_arch_wa3_applies
 .text.asm.el1_sysregs_context_save
                0x0000000000978588       0xac /home/mx3g/linux/mpu/manual-build/sources/imx-atf/build-optee/imx8mp/release/bl31/context.o
                0x0000000000978588                el1_sysregs_context_save
 .text.asm.el1_sysregs_context_restore
                0x0000000000978634       0xac /home/mx3g/linux/mpu/manual-build/sources/imx-atf/build-optee/imx8mp/release/bl31/context.o
                0x0000000000978634                el1_sysregs_context_restore
 .text.asm.prepare_el3_entry
                0x00000000009786e0       0x68 /home/mx3g/linux/mpu/manual-build/sources/imx-atf/build-optee/imx8mp/release/bl31/context.o
                0x00000000009786e0                prepare_el3_entry
 .text.asm.restore_gp_pmcr_pauth_regs
                0x0000000000978748       0x50 /home/mx3g/linux/mpu/manual-build/sources/imx-atf/build-optee/imx8mp/release/bl31/context.o
                0x0000000000978748                restore_gp_pmcr_pauth_regs
 .text.asm.el3_exit
                0x0000000000978798       0xb4 /home/mx3g/linux/mpu/manual-build/sources/imx-atf/build-optee/imx8mp/release/bl31/context.o
                0x0000000000978798                el3_exit
 .text.asm.init_cpu_data_ptr
                0x000000000097884c       0x14 /home/mx3g/linux/mpu/manual-build/sources/imx-atf/build-optee/imx8mp/release/bl31/cpu_data.o
                0x000000000097884c                init_cpu_data_ptr
 .text.asm._cpu_data_by_index
                0x0000000000978860       0x18 /home/mx3g/linux/mpu/manual-build/sources/imx-atf/build-optee/imx8mp/release/bl31/cpu_data.o
                0x0000000000978860                _cpu_data_by_index
 .text.asm.spin_lock
                0x0000000000978878       0x20 /home/mx3g/linux/mpu/manual-build/sources/imx-atf/build-optee/imx8mp/release/bl31/spinlock.o
                0x0000000000978878                spin_lock
 .text.asm.spin_unlock
                0x0000000000978898        0x8 /home/mx3g/linux/mpu/manual-build/sources/imx-atf/build-optee/imx8mp/release/bl31/spinlock.o
                0x0000000000978898                spin_unlock
 .text.asm.psci_do_pwrdown_cache_maintenance
                0x00000000009788a0       0x3c /home/mx3g/linux/mpu/manual-build/sources/imx-atf/build-optee/imx8mp/release/bl31/psci_helpers.o
                0x00000000009788a0                psci_do_pwrdown_cache_maintenance
 .text.asm.psci_do_pwrup_cache_maintenance
                0x00000000009788dc       0x34 /home/mx3g/linux/mpu/manual-build/sources/imx-atf/build-optee/imx8mp/release/bl31/psci_helpers.o
                0x00000000009788dc                psci_do_pwrup_cache_maintenance
 .text.asm.psci_power_down_wfi
                0x0000000000978910        0xc /home/mx3g/linux/mpu/manual-build/sources/imx-atf/build-optee/imx8mp/release/bl31/psci_helpers.o
                0x0000000000978910                psci_power_down_wfi
 .text.asm.enable_mmu_direct_el3
                0x000000000097891c       0x58 /home/mx3g/linux/mpu/manual-build/sources/imx-atf/build-optee/imx8mp/release/bl31/enable_mmu.o
                0x000000000097891c                enable_mmu_direct_el3
 .text.asm.plat_disable_acp
                0x0000000000978974        0x4 /home/mx3g/linux/mpu/manual-build/sources/imx-atf/build-optee/imx8mp/release/bl31/platform_helpers.o
                0x0000000000978974                plat_disable_acp
 .text.asm.plat_panic_handler
                0x0000000000978978        0x8 /home/mx3g/linux/mpu/manual-build/sources/imx-atf/build-optee/imx8mp/release/bl31/platform_helpers.o
                0x0000000000978978                plat_panic_handler
 .text.asm.bl31_plat_enable_mmu
                0x0000000000978980        0x4 /home/mx3g/linux/mpu/manual-build/sources/imx-atf/build-optee/imx8mp/release/bl31/platform_helpers.o
                0x0000000000978980                bl31_plat_enable_mmu
 .text.asm.plat_handle_el3_ea
                0x0000000000978984        0x4 /home/mx3g/linux/mpu/manual-build/sources/imx-atf/build-optee/imx8mp/release/bl31/platform_helpers.o
                0x0000000000978984                plat_handle_el3_ea
 .text.asm.plat_get_my_stack
                0x0000000000978988       0x1c /home/mx3g/linux/mpu/manual-build/sources/imx-atf/build-optee/imx8mp/release/bl31/platform_mp_stack.o
                0x0000000000978988                plat_get_my_stack
 .text.asm.plat_set_my_stack
                0x00000000009789a4       0x10 /home/mx3g/linux/mpu/manual-build/sources/imx-atf/build-optee/imx8mp/release/bl31/platform_mp_stack.o
                0x00000000009789a4                plat_set_my_stack
 .text.asm.plat_is_my_cpu_primary
                0x00000000009789b4       0x14 /home/mx3g/linux/mpu/manual-build/sources/imx-atf/build-optee/imx8mp/release/bl31/imx8_helpers.o
                0x00000000009789b4                plat_is_my_cpu_primary
 .text.asm.plat_my_core_pos
                0x00000000009789c8       0x14 /home/mx3g/linux/mpu/manual-build/sources/imx-atf/build-optee/imx8mp/release/bl31/imx8_helpers.o
                0x00000000009789c8                plat_my_core_pos
 .text.asm.plat_reset_handler
                0x00000000009789dc       0x38 /home/mx3g/linux/mpu/manual-build/sources/imx-atf/build-optee/imx8mp/release/bl31/imx8_helpers.o
                0x00000000009789dc                plat_reset_handler
 .text.asm.plat_get_my_entrypoint
                0x0000000000978a14        0xc /home/mx3g/linux/mpu/manual-build/sources/imx-atf/build-optee/imx8mp/release/bl31/imx8_helpers.o
                0x0000000000978a14                plat_get_my_entrypoint
 .text.asm.imx_mailbox_init
                0x0000000000978a20        0xc /home/mx3g/linux/mpu/manual-build/sources/imx-atf/build-optee/imx8mp/release/bl31/imx8_helpers.o
                0x0000000000978a20                imx_mailbox_init
 .text.asm.plat_secondary_cold_boot_setup
                0x0000000000978a2c        0x4 /home/mx3g/linux/mpu/manual-build/sources/imx-atf/build-optee/imx8mp/release/bl31/imx8_helpers.o
                0x0000000000978a2c                plat_secondary_cold_boot_setup
 .text.asm.plat_crash_console_init
                0x0000000000978a30        0x8 /home/mx3g/linux/mpu/manual-build/sources/imx-atf/build-optee/imx8mp/release/bl31/imx8_helpers.o
                0x0000000000978a30                plat_crash_console_init
 .text.asm.plat_crash_console_putc
                0x0000000000978a38        0x4 /home/mx3g/linux/mpu/manual-build/sources/imx-atf/build-optee/imx8mp/release/bl31/imx8_helpers.o
                0x0000000000978a38                plat_crash_console_putc
 .text.asm.plat_crash_console_flush
                0x0000000000978a3c        0x8 /home/mx3g/linux/mpu/manual-build/sources/imx-atf/build-optee/imx8mp/release/bl31/imx8_helpers.o
                0x0000000000978a3c                plat_crash_console_flush
 .text.asm.platform_mem_init
                0x0000000000978a44        0x4 /home/mx3g/linux/mpu/manual-build/sources/imx-atf/build-optee/imx8mp/release/bl31/imx8_helpers.o
                0x0000000000978a44                platform_mem_init
 .text.asm.console_imx_uart_register
                0x0000000000978a48       0x48 /home/mx3g/linux/mpu/manual-build/sources/imx-atf/build-optee/imx8mp/release/bl31/imx_uart_console.o
                0x0000000000978a48                console_imx_uart_register
 .text.asm.console_imx_uart_init
                0x0000000000978a90       0x38 /home/mx3g/linux/mpu/manual-build/sources/imx-atf/build-optee/imx8mp/release/bl31/imx_uart_console.o
                0x0000000000978a90                console_imx_uart_init
 .text.asm.console_imx_uart_putc
                0x0000000000978ac8       0x38 /home/mx3g/linux/mpu/manual-build/sources/imx-atf/build-optee/imx8mp/release/bl31/imx_uart_console.o
                0x0000000000978ac8                console_imx_uart_putc
 .text.asm.console_imx_uart_flush
                0x0000000000978b00       0x14 /home/mx3g/linux/mpu/manual-build/sources/imx-atf/build-optee/imx8mp/release/bl31/imx_uart_console.o
                0x0000000000978b00                console_imx_uart_flush
 .text.asm.opteed_enter_sp
                0x0000000000978b14       0x28 /home/mx3g/linux/mpu/manual-build/sources/imx-atf/build-optee/imx8mp/release/bl31/opteed_helpers.o
                0x0000000000978b14                opteed_enter_sp
 .text.asm.opteed_exit_sp
                0x0000000000978b3c       0x24 /home/mx3g/linux/mpu/manual-build/sources/imx-atf/build-optee/imx8mp/release/bl31/opteed_helpers.o
                0x0000000000978b3c                opteed_exit_sp
 .text.memcmp   0x0000000000978b60       0x34 /home/mx3g/linux/mpu/manual-build/sources/imx-atf/build-optee/imx8mp/release/lib/libc.a(memcmp.o)
                0x0000000000978b60                memcmp
 .text.memcpy   0x0000000000978b94       0x20 /home/mx3g/linux/mpu/manual-build/sources/imx-atf/build-optee/imx8mp/release/lib/libc.a(memcpy.o)
                0x0000000000978b94                memcpy
 .text.memmove  0x0000000000978bb4       0x34 /home/mx3g/linux/mpu/manual-build/sources/imx-atf/build-optee/imx8mp/release/lib/libc.a(memmove.o)
                0x0000000000978bb4                memmove
 .text.memset   0x0000000000978be8       0x7c /home/mx3g/linux/mpu/manual-build/sources/imx-atf/build-optee/imx8mp/release/lib/libc.a(memset.o)
                0x0000000000978be8                memset
 .text.unsigned_num_print.part.0
                0x0000000000978c64       0xe8 /home/mx3g/linux/mpu/manual-build/sources/imx-atf/build-optee/imx8mp/release/lib/libc.a(printf.o)
 .text.vprintf  0x0000000000978d4c      0x460 /home/mx3g/linux/mpu/manual-build/sources/imx-atf/build-optee/imx8mp/release/lib/libc.a(printf.o)
                0x0000000000978d4c                vprintf
 .text.strchr   0x00000000009791ac       0x24 /home/mx3g/linux/mpu/manual-build/sources/imx-atf/build-optee/imx8mp/release/lib/libc.a(strchr.o)
                0x00000000009791ac                strchr
 .text.strlen   0x00000000009791d0       0x1c /home/mx3g/linux/mpu/manual-build/sources/imx-atf/build-optee/imx8mp/release/lib/libc.a(strlen.o)
                0x00000000009791d0                strlen
 *(SORT_BY_ALIGNMENT(.rodata*))
 *fill*         0x00000000009791ec        0x4 
 .rodata.aipstz
                0x00000000009791f0       0xc8 /home/mx3g/linux/mpu/manual-build/sources/imx-atf/build-optee/imx8mp/release/bl31/imx8mp_bl31_setup.o
 .rodata.imx_mmap
                0x00000000009792b8      0x1e0 /home/mx3g/linux/mpu/manual-build/sources/imx-atf/build-optee/imx8mp/release/bl31/imx8mp_bl31_setup.o
 .rodata.errata_entries
                0x0000000000979498       0xd8 /home/mx3g/linux/mpu/manual-build/sources/imx-atf/build-optee/imx8mp/release/bl31/cortex_a53.o
 .rodata.psci_smc_handler
                0x0000000000979570       0x2c /home/mx3g/linux/mpu/manual-build/sources/imx-atf/build-optee/imx8mp/release/bl31/psci_main.o
 .rodata.imx_sip_handler
                0x000000000097959c        0x8 /home/mx3g/linux/mpu/manual-build/sources/imx-atf/build-optee/imx8mp/release/bl31/imx_sip_svc.o
 .rodata.g01s_interrupt_props
                0x00000000009795a4        0x4 /home/mx3g/linux/mpu/manual-build/sources/imx-atf/build-optee/imx8mp/release/bl31/plat_imx8_gic.o
 .rodata.dram_dvfs_get_freq_info
                0x00000000009795a8        0x4 /home/mx3g/linux/mpu/manual-build/sources/imx-atf/build-optee/imx8mp/release/bl31/dram.o
 .rodata.fsp_init_reg
                0x00000000009795ac       0x30 /home/mx3g/linux/mpu/manual-build/sources/imx-atf/build-optee/imx8mp/release/bl31/dram.o
 .rodata.gpc_imr_offset
                0x00000000009795dc       0x10 /home/mx3g/linux/mpu/manual-build/sources/imx-atf/build-optee/imx8mp/release/bl31/gpc_common.o
 .rodata.imx_csu_init
                0x00000000009795ec        0x4 /home/mx3g/linux/mpu/manual-build/sources/imx-atf/build-optee/imx8mp/release/bl31/imx8m_csu.o
 .rodata.noc_setting
                0x00000000009795f0      0x120 /home/mx3g/linux/mpu/manual-build/sources/imx-atf/build-optee/imx8mp/release/bl31/gpc.o
 .rodata.pu_domains
                0x0000000000979710      0x190 /home/mx3g/linux/mpu/manual-build/sources/imx-atf/build-optee/imx8mp/release/bl31/gpc.o
 .rodata.csu_cfg
                0x00000000009798a0       0x18 /home/mx3g/linux/mpu/manual-build/sources/imx-atf/build-optee/imx8mp/release/bl31/imx8mp_bl31_setup.o
 .rodata.rdc    0x00000000009798b8       0x64 /home/mx3g/linux/mpu/manual-build/sources/imx-atf/build-optee/imx8mp/release/bl31/imx8mp_bl31_setup.o
 .rodata.imx_hab_handler
                0x000000000097991c        0x9 /home/mx3g/linux/mpu/manual-build/sources/imx-atf/build-optee/imx8mp/release/bl31/imx_hab.o
 *fill*         0x0000000000979925        0x3 
 .rodata.opteed_smc_handler
                0x0000000000979928        0x9 /home/mx3g/linux/mpu/manual-build/sources/imx-atf/build-optee/imx8mp/release/bl31/opteed_main.o
 *fill*         0x0000000000979931        0x3 
 .rodata.vprintf
                0x0000000000979934       0x30 /home/mx3g/linux/mpu/manual-build/sources/imx-atf/build-optee/imx8mp/release/lib/libc.a(printf.o)
 .rodata.build_message
                0x0000000000979964       0x1e /home/mx3g/linux/mpu/manual-build/sources/imx-atf/build-optee/imx8mp/release/bl31/build_message.o
                0x0000000000979964                build_message
 .rodata.version_string
                0x0000000000979982       0x2a /home/mx3g/linux/mpu/manual-build/sources/imx-atf/build-optee/imx8mp/release/bl31/build_message.o
                0x0000000000979982                version_string
 .rodata.bl31_prepare_next_image_entry.str1.1
                0x00000000009799ac       0x50 /home/mx3g/linux/mpu/manual-build/sources/imx-atf/build-optee/imx8mp/release/bl31/bl31_main.o
 .rodata.bl31_main.str1.1
                0x00000000009799fc        0xb /home/mx3g/linux/mpu/manual-build/sources/imx-atf/build-optee/imx8mp/release/bl31/bl31_main.o
 .rodata.runtime_svc_init.str1.1
                0x0000000000979a07       0x50 /home/mx3g/linux/mpu/manual-build/sources/imx-atf/build-optee/imx8mp/release/bl31/runtime_svc.o
 .rodata.cm_setup_context.str1.1
                0x0000000000979a57       0x19 /home/mx3g/linux/mpu/manual-build/sources/imx-atf/build-optee/imx8mp/release/bl31/context_mgmt.o
 .rodata.psci_warmboot_entrypoint.str1.1
                0x0000000000979a70       0x22 /home/mx3g/linux/mpu/manual-build/sources/imx-atf/build-optee/imx8mp/release/bl31/psci_common.o
 .rodata.psci_cpu_suspend.str1.1
                0x0000000000979a92       0x33 /home/mx3g/linux/mpu/manual-build/sources/imx-atf/build-optee/imx8mp/release/bl31/psci_main.o
 .rodata.mmap_add_region_ctx.str1.1
                0x0000000000979ac5       0x2b /home/mx3g/linux/mpu/manual-build/sources/imx-atf/build-optee/imx8mp/release/bl31/xlat_tables_core.o
 .rodata.init_xlat_tables_ctx.str1.1
                0x0000000000979af0       0x4f /home/mx3g/linux/mpu/manual-build/sources/imx-atf/build-optee/imx8mp/release/bl31/xlat_tables_core.o
 .rodata.CSWTCH.13
                0x0000000000979b3f        0x4 /home/mx3g/linux/mpu/manual-build/sources/imx-atf/build-optee/imx8mp/release/bl31/plat_gicv3.o
 .rodata.str1.1
                0x0000000000979b43       0x32 /home/mx3g/linux/mpu/manual-build/sources/imx-atf/build-optee/imx8mp/release/bl31/plat_log_common.o
 .rodata.imx_power_domain_tree_desc
                0x0000000000979b75        0x4 /home/mx3g/linux/mpu/manual-build/sources/imx-atf/build-optee/imx8mp/release/bl31/imx8_topology.o
                0x0000000000979b75                imx_power_domain_tree_desc
 .rodata.str1.1
                0x0000000000979b79        0xc /home/mx3g/linux/mpu/manual-build/sources/imx-atf/build-optee/imx8mp/release/bl31/imx_sip_svc.o
 .rodata.imx_src_handler.str1.1
                0x0000000000979b85        0x8 /home/mx3g/linux/mpu/manual-build/sources/imx-atf/build-optee/imx8mp/release/bl31/gpc_common.o
 .rodata.imx8m_caam_init.str1.1
                0x0000000000979b8d       0x34 /home/mx3g/linux/mpu/manual-build/sources/imx-atf/build-optee/imx8mp/release/bl31/imx8m_caam.o
 .rodata.str1.1
                0x0000000000979bc1        0xd /home/mx3g/linux/mpu/manual-build/sources/imx-atf/build-optee/imx8mp/release/bl31/arm_arch_svc_setup.o
 .rodata.str1.1
                0x0000000000979bce       0x17 /home/mx3g/linux/mpu/manual-build/sources/imx-atf/build-optee/imx8mp/release/bl31/opteed_main.o
 .rodata.str1.1
                0x0000000000979be5        0x8 /home/mx3g/linux/mpu/manual-build/sources/imx-atf/build-optee/imx8mp/release/bl31/std_svc_setup.o
 .rodata.panic_str
                0x0000000000979bed       0x11 /home/mx3g/linux/mpu/manual-build/sources/imx-atf/build-optee/imx8mp/release/bl31/debug.o
 .rodata.vprintf.str1.1
                0x0000000000979bfe        0x3 /home/mx3g/linux/mpu/manual-build/sources/imx-atf/build-optee/imx8mp/release/lib/libc.a(printf.o)
                0x0000000000979c08                . = ALIGN (0x8)
 *fill*         0x0000000000979c01        0x7 
                0x0000000000979c08                __RT_SVC_DESCS_START__ = .
 *(SORT_BY_ALIGNMENT(.rt_svc_descs))
 .rt_svc_descs  0x0000000000979c08       0x20 /home/mx3g/linux/mpu/manual-build/sources/imx-atf/build-optee/imx8mp/release/bl31/imx_sip_svc.o
 .rt_svc_descs  0x0000000000979c28       0x20 /home/mx3g/linux/mpu/manual-build/sources/imx-atf/build-optee/imx8mp/release/bl31/arm_arch_svc_setup.o
 .rt_svc_descs  0x0000000000979c48       0x40 /home/mx3g/linux/mpu/manual-build/sources/imx-atf/build-optee/imx8mp/release/bl31/opteed_main.o
 .rt_svc_descs  0x0000000000979c88       0x20 /home/mx3g/linux/mpu/manual-build/sources/imx-atf/build-optee/imx8mp/release/bl31/std_svc_setup.o
                0x0000000000979ca8                __RT_SVC_DESCS_END__ = .
                0x0000000000979ca8                . = ALIGN (0x8)
                0x0000000000979ca8                __FCONF_POPULATOR_START__ = .
 *(SORT_BY_ALIGNMENT(.fconf_populator))
                0x0000000000979ca8                __FCONF_POPULATOR_END__ = .
                0x0000000000979ca8                . = ALIGN (0x8)
                0x0000000000979ca8                __PMF_SVC_DESCS_START__ = .
 *(SORT_BY_ALIGNMENT(.pmf_svc_descs))
                0x0000000000979ca8                __PMF_SVC_DESCS_END__ = .