Archive member included to satisfy reference by file (symbol)

/home/mx3g/linux/mpu/nxp/frdm-imx8mp/tmp/work/imx8mpfrdm-poky-linux/imx-atf/2.10+git/git/build-optee/imx8mp/release/lib/libc.a(memcmp.o)
                              /home/mx3g/linux/mpu/nxp/frdm-imx8mp/tmp/work/imx8mpfrdm-poky-linux/imx-atf/2.10+git/git/build-optee/imx8mp/release/bl31/gpc_common.o (memcmp)
/home/mx3g/linux/mpu/nxp/frdm-imx8mp/tmp/work/imx8mpfrdm-poky-linux/imx-atf/2.10+git/git/build-optee/imx8mp/release/lib/libc.a(memcpy.o)
                              /home/mx3g/linux/mpu/nxp/frdm-imx8mp/tmp/work/imx8mpfrdm-poky-linux/imx-atf/2.10+git/git/build-optee/imx8mp/release/bl31/context_mgmt.o (memcpy)
/home/mx3g/linux/mpu/nxp/frdm-imx8mp/tmp/work/imx8mpfrdm-poky-linux/imx-atf/2.10+git/git/build-optee/imx8mp/release/lib/libc.a(memmove.o)
                              /home/mx3g/linux/mpu/nxp/frdm-imx8mp/tmp/work/imx8mpfrdm-poky-linux/imx-atf/2.10+git/git/build-optee/imx8mp/release/bl31/xlat_tables_core.o (memmove)
/home/mx3g/linux/mpu/nxp/frdm-imx8mp/tmp/work/imx8mpfrdm-poky-linux/imx-atf/2.10+git/git/build-optee/imx8mp/release/lib/libc.a(memset.o)
                              /home/mx3g/linux/mpu/nxp/frdm-imx8mp/tmp/work/imx8mpfrdm-poky-linux/imx-atf/2.10+git/git/build-optee/imx8mp/release/bl31/runtime_svc.o (memset)
/home/mx3g/linux/mpu/nxp/frdm-imx8mp/tmp/work/imx8mpfrdm-poky-linux/imx-atf/2.10+git/git/build-optee/imx8mp/release/lib/libc.a(printf.o)
                              /home/mx3g/linux/mpu/nxp/frdm-imx8mp/tmp/work/imx8mpfrdm-poky-linux/imx-atf/2.10+git/git/build-optee/imx8mp/release/bl31/tf_log.o (vprintf)
/home/mx3g/linux/mpu/nxp/frdm-imx8mp/tmp/work/imx8mpfrdm-poky-linux/imx-atf/2.10+git/git/build-optee/imx8mp/release/lib/libc.a(strchr.o)
                              /home/mx3g/linux/mpu/nxp/frdm-imx8mp/tmp/work/imx8mpfrdm-poky-linux/imx-atf/2.10+git/git/build-optee/imx8mp/release/bl31/imx_sip_handler.o (strchr)
/home/mx3g/linux/mpu/nxp/frdm-imx8mp/tmp/work/imx8mpfrdm-poky-linux/imx-atf/2.10+git/git/build-optee/imx8mp/release/lib/libc.a(strlen.o)
                              /home/mx3g/linux/mpu/nxp/frdm-imx8mp/tmp/work/imx8mpfrdm-poky-linux/imx-atf/2.10+git/git/build-optee/imx8mp/release/bl31/gpc_common.o (strlen)

Discarded input sections

 .text          0x0000000000000000        0x0 /home/mx3g/linux/mpu/nxp/frdm-imx8mp/tmp/work/imx8mpfrdm-poky-linux/imx-atf/2.10+git/git/build-optee/imx8mp/release/bl31/build_message.o
 .data          0x0000000000000000        0x0 /home/mx3g/linux/mpu/nxp/frdm-imx8mp/tmp/work/imx8mpfrdm-poky-linux/imx-atf/2.10+git/git/build-optee/imx8mp/release/bl31/build_message.o
 .bss           0x0000000000000000        0x0 /home/mx3g/linux/mpu/nxp/frdm-imx8mp/tmp/work/imx8mpfrdm-poky-linux/imx-atf/2.10+git/git/build-optee/imx8mp/release/bl31/build_message.o
 .rodata.version
                0x0000000000000000        0x8 /home/mx3g/linux/mpu/nxp/frdm-imx8mp/tmp/work/imx8mpfrdm-poky-linux/imx-atf/2.10+git/git/build-optee/imx8mp/release/bl31/build_message.o
 .text          0x0000000000000000        0x0 /home/mx3g/linux/mpu/nxp/frdm-imx8mp/tmp/work/imx8mpfrdm-poky-linux/imx-atf/2.10+git/git/build-optee/imx8mp/release/bl31/bl31_context_mgmt.o
 .data          0x0000000000000000        0x0 /home/mx3g/linux/mpu/nxp/frdm-imx8mp/tmp/work/imx8mpfrdm-poky-linux/imx-atf/2.10+git/git/build-optee/imx8mp/release/bl31/bl31_context_mgmt.o
 .bss           0x0000000000000000        0x0 /home/mx3g/linux/mpu/nxp/frdm-imx8mp/tmp/work/imx8mpfrdm-poky-linux/imx-atf/2.10+git/git/build-optee/imx8mp/release/bl31/bl31_context_mgmt.o
 .eh_frame      0x0000000000000000       0x88 /home/mx3g/linux/mpu/nxp/frdm-imx8mp/tmp/work/imx8mpfrdm-poky-linux/imx-atf/2.10+git/git/build-optee/imx8mp/release/bl31/bl31_context_mgmt.o
 .text          0x0000000000000000        0x0 /home/mx3g/linux/mpu/nxp/frdm-imx8mp/tmp/work/imx8mpfrdm-poky-linux/imx-atf/2.10+git/git/build-optee/imx8mp/release/bl31/bl31_main.o
 .data          0x0000000000000000        0x0 /home/mx3g/linux/mpu/nxp/frdm-imx8mp/tmp/work/imx8mpfrdm-poky-linux/imx-atf/2.10+git/git/build-optee/imx8mp/release/bl31/bl31_main.o
 .bss           0x0000000000000000        0x0 /home/mx3g/linux/mpu/nxp/frdm-imx8mp/tmp/work/imx8mpfrdm-poky-linux/imx-atf/2.10+git/git/build-optee/imx8mp/release/bl31/bl31_main.o
 .text.bl31_lib_init
                0x0000000000000000        0x4 /home/mx3g/linux/mpu/nxp/frdm-imx8mp/tmp/work/imx8mpfrdm-poky-linux/imx-atf/2.10+git/git/build-optee/imx8mp/release/bl31/bl31_main.o
 .text.bl31_set_next_image_type
                0x0000000000000000        0xc /home/mx3g/linux/mpu/nxp/frdm-imx8mp/tmp/work/imx8mpfrdm-poky-linux/imx-atf/2.10+git/git/build-optee/imx8mp/release/bl31/bl31_main.o
 .text.bl31_get_next_image_type
                0x0000000000000000        0xc /home/mx3g/linux/mpu/nxp/frdm-imx8mp/tmp/work/imx8mpfrdm-poky-linux/imx-atf/2.10+git/git/build-optee/imx8mp/release/bl31/bl31_main.o
[...]
Memory Configuration

Name             Origin             Length             Attributes
RAM              0x0000000000970000 0x0000000000020000 xrw
*default*        0x0000000000000000 0xffffffffffffffff

Linker script and memory map

                0x0000000000970000                RAM_REGION_START = ORIGIN (RAM)
                0x0000000000020000                RAM_REGION_LENGTH = LENGTH (RAM)
                0x0000000000970000                . = 0x970000
                0x0000000000000001                ASSERT ((. == ALIGN (0x1000)), BL31_BASE address is not aligned on a page boundary.)
                0x0000000000970000                __BL31_START__ = .

.ro             0x0000000000970000     0xb000
                0x0000000000970000                __RO_START__ = .
 *bl31_entrypoint.o(SORT_BY_ALIGNMENT(.text*))
 .text.asm.bl31_entrypoint
                0x0000000000970000      0x148 /home/mx3g/linux/mpu/nxp/frdm-imx8mp/tmp/work/imx8mpfrdm-poky-linux/imx-atf/2.10+git/git/build-optee/imx8mp/release/bl31/bl31_entrypoint.o
                0x0000000000970000                bl31_entrypoint
 .text.asm.bl31_warm_entrypoint
                0x0000000000970148       0x60 /home/mx3g/linux/mpu/nxp/frdm-imx8mp/tmp/work/imx8mpfrdm-poky-linux/imx-atf/2.10+git/git/build-optee/imx8mp/release/bl31/bl31_entrypoint.o
                0x0000000000970148                bl31_warm_entrypoint
 *(SORT_BY_ALIGNMENT(.text*))
 .text.cm_get_context
                0x00000000009701a8       0x14 /home/mx3g/linux/mpu/nxp/frdm-imx8mp/tmp/work/imx8mpfrdm-poky-linux/imx-atf/2.10+git/git/build-optee/imx8mp/release/bl31/bl31_context_mgmt.o
                0x00000000009701a8                cm_get_context
 .text.cm_set_context
                0x00000000009701bc       0x14 /home/mx3g/linux/mpu/nxp/frdm-imx8mp/tmp/work/imx8mpfrdm-poky-linux/imx-atf/2.10+git/git/build-optee/imx8mp/release/bl31/bl31_context_mgmt.o
                0x00000000009701bc                cm_set_context
 .text.cm_get_context_by_index
                0x00000000009701d0       0x2c /home/mx3g/linux/mpu/nxp/frdm-imx8mp/tmp/work/imx8mpfrdm-poky-linux/imx-atf/2.10+git/git/build-optee/imx8mp/release/bl31/bl31_context_mgmt.o
                0x00000000009701d0                cm_get_context_by_index
 .text.cm_set_context_by_index
                0x00000000009701fc       0x30 /home/mx3g/linux/mpu/nxp/frdm-imx8mp/tmp/work/imx8mpfrdm-poky-linux/imx-atf/2.10+git/git/build-optee/imx8mp/release/bl31/bl31_context_mgmt.o
                0x00000000009701fc                cm_set_context_by_index
 .text.get_arm_std_svc_args
                0x000000000097022c        0xc /home/mx3g/linux/mpu/nxp/frdm-imx8mp/tmp/work/imx8mpfrdm-poky-linux/imx-atf/2.10+git/git/build-optee/imx8mp/release/bl31/bl31_main.o
                0x000000000097022c                get_arm_std_svc_args
 .text.bl31_setup
                0x0000000000970238       0x14 /home/mx3g/linux/mpu/nxp/frdm-imx8mp/tmp/work/imx8mpfrdm-poky-linux/imx-atf/2.10+git/git/build-optee/imx8mp/release/bl31/bl31_main.o
                0x0000000000970238                bl31_setup
 .text.bl31_prepare_next_image_entry
                0x000000000097024c       0x74 /home/mx3g/linux/mpu/nxp/frdm-imx8mp/tmp/work/imx8mpfrdm-poky-linux/imx-atf/2.10+git/git/build-optee/imx8mp/release/bl31/bl31_main.o
                0x000000000097024c                bl31_prepare_next_image_entry
 .text.bl31_main
                0x00000000009702c0       0x70 /home/mx3g/linux/mpu/nxp/frdm-imx8mp/tmp/work/imx8mpfrdm-poky-linux/imx-atf/2.10+git/git/build-optee/imx8mp/release/bl31/bl31_main.o
                0x00000000009702c0                bl31_main
 .text.bl31_register_bl32_init
                0x0000000000970330        0xc /home/mx3g/linux/mpu/nxp/frdm-imx8mp/tmp/work/imx8mpfrdm-poky-linux/imx-atf/2.10+git/git/build-optee/imx8mp/release/bl31/bl31_main.o
                0x0000000000970330                bl31_register_bl32_init
 .text.handle_sysreg_trap
                0x000000000097033c        0x8 /home/mx3g/linux/mpu/nxp/frdm-imx8mp/tmp/work/imx8mpfrdm-poky-linux/imx-atf/2.10+git/git/build-optee/imx8mp/release/bl31/bl31_traps.o
                0x000000000097033c                handle_sysreg_trap
 .text.set_scr_el3_from_rm
                0x0000000000970344       0x84 /home/mx3g/linux/mpu/nxp/frdm-imx8mp/tmp/work/imx8mpfrdm-poky-linux/imx-atf/2.10+git/git/build-optee/imx8mp/release/bl31/interrupt_mgmt.o
 .text.get_scr_el3_from_routing_model
                0x00000000009703c8       0x30 /home/mx3g/linux/mpu/nxp/frdm-imx8mp/tmp/work/imx8mpfrdm-poky-linux/imx-atf/2.10+git/git/build-optee/imx8mp/release/bl31/interrupt_mgmt.o
                0x00000000009703c8                get_scr_el3_from_routing_model
 .text.set_routing_model
                0x00000000009703f8       0x94 /home/mx3g/linux/mpu/nxp/frdm-imx8mp/tmp/work/imx8mpfrdm-poky-linux/imx-atf/2.10+git/git/build-optee/imx8mp/release/bl31/interrupt_mgmt.o
                0x00000000009703f8                set_routing_model
 .text.register_interrupt_type_handler
                0x000000000097048c       0x68 /home/mx3g/linux/mpu/nxp/frdm-imx8mp/tmp/work/imx8mpfrdm-poky-linux/imx-atf/2.10+git/git/build-optee/imx8mp/release/bl31/interrupt_mgmt.o
                0x000000000097048c                register_interrupt_type_handler
 .text.get_interrupt_type_handler
                0x00000000009704f4       0x3c /home/mx3g/linux/mpu/nxp/frdm-imx8mp/tmp/work/imx8mpfrdm-poky-linux/imx-atf/2.10+git/git/build-optee/imx8mp/release/bl31/interrupt_mgmt.o
                0x00000000009704f4                get_interrupt_type_handler
 .text.print_entry_point_info
                0x0000000000970530        0x4 /home/mx3g/linux/mpu/nxp/frdm-imx8mp/tmp/work/imx8mpfrdm-poky-linux/imx-atf/2.10+git/git/build-optee/imx8mp/release/bl31/bl_common.o
                0x0000000000970530                print_entry_point_info
 .text.runtime_svc_init
                0x0000000000970534      0x130 /home/mx3g/linux/mpu/nxp/frdm-imx8mp/tmp/work/imx8mpfrdm-poky-linux/imx-atf/2.10+git/git/build-optee/imx8mp/release/bl31/runtime_svc.o
                0x0000000000970534                runtime_svc_init
 .text.tf_log   0x0000000000970664       0x94 /home/mx3g/linux/mpu/nxp/frdm-imx8mp/tmp/work/imx8mpfrdm-poky-linux/imx-atf/2.10+git/git/build-optee/imx8mp/release/bl31/tf_log.o
                0x0000000000970664                tf_log
 .text.arm_gicv3_distif_pre_save
                0x00000000009706f8       0x30 /home/mx3g/linux/mpu/nxp/frdm-imx8mp/tmp/work/imx8mpfrdm-poky-linux/imx-atf/2.10+git/git/build-optee/imx8mp/release/bl31/arm_gicv3_common.o
                0x00000000009706f8                arm_gicv3_distif_pre_save
 .text.arm_gicv3_distif_post_restore
                0x0000000000970728       0x38 /home/mx3g/linux/mpu/nxp/frdm-imx8mp/tmp/work/imx8mpfrdm-poky-linux/imx-atf/2.10+git/git/build-optee/imx8mp/release/bl31/arm_gicv3_common.o
                0x0000000000970728                arm_gicv3_distif_post_restore
 .text.gicv3_distif_pre_save
                0x0000000000970760        0x4 /home/mx3g/linux/mpu/nxp/frdm-imx8mp/tmp/work/imx8mpfrdm-poky-linux/imx-atf/2.10+git/git/build-optee/imx8mp/release/bl31/gic-x00.o
                0x0000000000970760                gicv3_distif_pre_save
 .text.gicv3_distif_post_restore
                0x0000000000970764        0x4 /home/mx3g/linux/mpu/nxp/frdm-imx8mp/tmp/work/imx8mpfrdm-poky-linux/imx-atf/2.10+git/git/build-optee/imx8mp/release/bl31/gic-x00.o
                0x0000000000970764                gicv3_distif_post_restore
 .text.gicv3_rdistif_on
                0x0000000000970768        0x4 /home/mx3g/linux/mpu/nxp/frdm-imx8mp/tmp/work/imx8mpfrdm-poky-linux/imx-atf/2.10+git/git/build-optee/imx8mp/release/bl31/gic-x00.o
                0x0000000000970768                gicv3_rdistif_on
 .text.gicv3_check_erratas_applies
                0x000000000097076c       0x1c /home/mx3g/linux/mpu/nxp/frdm-imx8mp/tmp/work/imx8mpfrdm-poky-linux/imx-atf/2.10+git/git/build-optee/imx8mp/release/bl31/gic-x00.o
                0x000000000097076c                gicv3_check_erratas_applies
 .text.gicd_set_icfgr
                0x0000000000970788       0x34 /home/mx3g/linux/mpu/nxp/frdm-imx8mp/tmp/work/imx8mpfrdm-poky-linux/imx-atf/2.10+git/git/build-optee/imx8mp/release/bl31/gicdv3_helpers.o
                0x0000000000970788                gicd_set_icfgr
 .text.gicd_clr_igroupr
                0x00000000009707bc       0x24 /home/mx3g/linux/mpu/nxp/frdm-imx8mp/tmp/work/imx8mpfrdm-poky-linux/imx-atf/2.10+git/git/build-optee/imx8mp/release/bl31/gicdv3_helpers.o
                0x00000000009707bc                gicd_clr_igroupr
 .text.gicd_set_igrpmodr
                0x00000000009707e0       0x24 /home/mx3g/linux/mpu/nxp/frdm-imx8mp/tmp/work/imx8mpfrdm-poky-linux/imx-atf/2.10+git/git/build-optee/imx8mp/release/bl31/gicdv3_helpers.o
                0x00000000009707e0                gicd_set_igrpmodr
 .text.gicd_clr_igrpmodr
                0x0000000000970804       0x24 /home/mx3g/linux/mpu/nxp/frdm-imx8mp/tmp/work/imx8mpfrdm-poky-linux/imx-atf/2.10+git/git/build-optee/imx8mp/release/bl31/gicdv3_helpers.o
                0x0000000000970804                gicd_clr_igrpmodr
 .text.gicd_set_isenabler
                0x0000000000970828       0x1c /home/mx3g/linux/mpu/nxp/frdm-imx8mp/tmp/work/imx8mpfrdm-poky-linux/imx-atf/2.10+git/git/build-optee/imx8mp/release/bl31/gicdv3_helpers.o
                0x0000000000970828                gicd_set_isenabler
 .text.gicd_set_ipriorityr
                0x0000000000970844       0x14 /home/mx3g/linux/mpu/nxp/frdm-imx8mp/tmp/work/imx8mpfrdm-poky-linux/imx-atf/2.10+git/git/build-optee/imx8mp/release/bl31/gicdv3_helpers.o
                0x0000000000970844                gicd_set_ipriorityr
 .text.gicd_read_icfgr
                0x0000000000970858       0x14 /home/mx3g/linux/mpu/nxp/frdm-imx8mp/tmp/work/imx8mpfrdm-poky-linux/imx-atf/2.10+git/git/build-optee/imx8mp/release/bl31/gicdv3_helpers.o
                0x0000000000970858                gicd_read_icfgr
 .text.gicd_write_icfgr
                0x000000000097086c       0x14 /home/mx3g/linux/mpu/nxp/frdm-imx8mp/tmp/work/imx8mpfrdm-poky-linux/imx-atf/2.10+git/git/build-optee/imx8mp/release/bl31/gicdv3_helpers.o
                0x000000000097086c                gicd_write_icfgr
 .text.gicd_read_igroupr
                0x0000000000970880       0x14 /home/mx3g/linux/mpu/nxp/frdm-imx8mp/tmp/work/imx8mpfrdm-poky-linux/imx-atf/2.10+git/git/build-optee/imx8mp/release/bl31/gicdv3_helpers.o
                0x0000000000970880                gicd_read_igroupr
 .text.gicd_write_igroupr
                0x0000000000970894       0x14 /home/mx3g/linux/mpu/nxp/frdm-imx8mp/tmp/work/imx8mpfrdm-poky-linux/imx-atf/2.10+git/git/build-optee/imx8mp/release/bl31/gicdv3_helpers.o
                0x0000000000970894                gicd_write_igroupr
 .text.gicd_read_igrpmodr
                0x00000000009708a8       0x14 /home/mx3g/linux/mpu/nxp/frdm-imx8mp/tmp/work/imx8mpfrdm-poky-linux/imx-atf/2.10+git/git/build-optee/imx8mp/release/bl31/gicdv3_helpers.o
                0x00000000009708a8                gicd_read_igrpmodr
 .text.gicd_write_igrpmodr
                0x00000000009708bc       0x14 /home/mx3g/linux/mpu/nxp/frdm-imx8mp/tmp/work/imx8mpfrdm-poky-linux/imx-atf/2.10+git/git/build-optee/imx8mp/release/bl31/gicdv3_helpers.o
                0x00000000009708bc                gicd_write_igrpmodr
 .text.gicd_read_ipriorityr
                0x00000000009708d0       0x10 /home/mx3g/linux/mpu/nxp/frdm-imx8mp/tmp/work/imx8mpfrdm-poky-linux/imx-atf/2.10+git/git/build-optee/imx8mp/release/bl31/gicdv3_helpers.o
                0x00000000009708d0                gicd_read_ipriorityr
 .text.gicd_write_ipriorityr
                0x00000000009708e0       0x10 /home/mx3g/linux/mpu/nxp/frdm-imx8mp/tmp/work/imx8mpfrdm-poky-linux/imx-atf/2.10+git/git/build-optee/imx8mp/release/bl31/gicdv3_helpers.o
                0x00000000009708e0                gicd_write_ipriorityr
 .text.gicd_read_isactiver
                0x00000000009708f0       0x14 /home/mx3g/linux/mpu/nxp/frdm-imx8mp/tmp/work/imx8mpfrdm-poky-linux/imx-atf/2.10+git/git/build-optee/imx8mp/release/bl31/gicdv3_helpers.o
                0x00000000009708f0                gicd_read_isactiver
 .text.gicd_write_isactiver
                0x0000000000970904       0x14 /home/mx3g/linux/mpu/nxp/frdm-imx8mp/tmp/work/imx8mpfrdm-poky-linux/imx-atf/2.10+git/git/build-optee/imx8mp/release/bl31/gicdv3_helpers.o
                0x0000000000970904                gicd_write_isactiver
 .text.gicd_read_isenabler
                0x0000000000970918       0x14 /home/mx3g/linux/mpu/nxp/frdm-imx8mp/tmp/work/imx8mpfrdm-poky-linux/imx-atf/2.10+git/git/build-optee/imx8mp/release/bl31/gicdv3_helpers.o
                0x0000000000970918                gicd_read_isenabler
 .text.gicd_write_isenabler
                0x000000000097092c       0x14 /home/mx3g/linux/mpu/nxp/frdm-imx8mp/tmp/work/imx8mpfrdm-poky-linux/imx-atf/2.10+git/git/build-optee/imx8mp/release/bl31/gicdv3_helpers.o
                0x000000000097092c                gicd_write_isenabler
 .text.gicd_read_ispendr
                0x0000000000970940       0x14 /home/mx3g/linux/mpu/nxp/frdm-imx8mp/tmp/work/imx8mpfrdm-poky-linux/imx-atf/2.10+git/git/build-optee/imx8mp/release/bl31/gicdv3_helpers.o
                0x0000000000970940                gicd_read_ispendr
 .text.gicd_write_ispendr
                0x0000000000970954       0x14 /home/mx3g/linux/mpu/nxp/frdm-imx8mp/tmp/work/imx8mpfrdm-poky-linux/imx-atf/2.10+git/git/build-optee/imx8mp/release/bl31/gicdv3_helpers.o
                0x0000000000970954                gicd_write_ispendr
 .text.gicd_read_nsacr
                0x0000000000970968       0x14 /home/mx3g/linux/mpu/nxp/frdm-imx8mp/tmp/work/imx8mpfrdm-poky-linux/imx-atf/2.10+git/git/build-optee/imx8mp/release/bl31/gicdv3_helpers.o
                0x0000000000970968                gicd_read_nsacr
 .text.gicd_write_nsacr
                0x000000000097097c       0x14 /home/mx3g/linux/mpu/nxp/frdm-imx8mp/tmp/work/imx8mpfrdm-poky-linux/imx-atf/2.10+git/git/build-optee/imx8mp/release/bl31/gicdv3_helpers.o
                0x000000000097097c                gicd_write_nsacr
 .text.gicr_write_ipriorityr
                0x0000000000970990       0x14 /home/mx3g/linux/mpu/nxp/frdm-imx8mp/tmp/work/imx8mpfrdm-poky-linux/imx-atf/2.10+git/git/build-optee/imx8mp/release/bl31/gicrv3_helpers.o
                0x0000000000970990                gicr_write_ipriorityr
 .text.gicr_set_ipriorityr
                0x00000000009709a4       0x18 /home/mx3g/linux/mpu/nxp/frdm-imx8mp/tmp/work/imx8mpfrdm-poky-linux/imx-atf/2.10+git/git/build-optee/imx8mp/release/bl31/gicrv3_helpers.o
                0x00000000009709a4                gicr_set_ipriorityr
 .text.gicr_clr_igroupr
                0x00000000009709bc       0x28 /home/mx3g/linux/mpu/nxp/frdm-imx8mp/tmp/work/imx8mpfrdm-poky-linux/imx-atf/2.10+git/git/build-optee/imx8mp/release/bl31/gicrv3_helpers.o
                0x00000000009709bc                gicr_clr_igroupr
 .text.gicr_set_igrpmodr
                0x00000000009709e4       0x28 /home/mx3g/linux/mpu/nxp/frdm-imx8mp/tmp/work/imx8mpfrdm-poky-linux/imx-atf/2.10+git/git/build-optee/imx8mp/release/bl31/gicrv3_helpers.o
                0x00000000009709e4                gicr_set_igrpmodr
 .text.gicr_clr_igrpmodr
                0x0000000000970a0c       0x28 /home/mx3g/linux/mpu/nxp/frdm-imx8mp/tmp/work/imx8mpfrdm-poky-linux/imx-atf/2.10+git/git/build-optee/imx8mp/release/bl31/gicrv3_helpers.o
                0x0000000000970a0c                gicr_clr_igrpmodr
 .text.gicr_set_isenabler
                0x0000000000970a34       0x20 /home/mx3g/linux/mpu/nxp/frdm-imx8mp/tmp/work/imx8mpfrdm-poky-linux/imx-atf/2.10+git/git/build-optee/imx8mp/release/bl31/gicrv3_helpers.o
                0x0000000000970a34                gicr_set_isenabler
 .text.gicr_set_icfgr
                0x0000000000970a54       0x38 /home/mx3g/linux/mpu/nxp/frdm-imx8mp/tmp/work/imx8mpfrdm-poky-linux/imx-atf/2.10+git/git/build-optee/imx8mp/release/bl31/gicrv3_helpers.o
                0x0000000000970a54                gicr_set_icfgr
 .text.gicv3_rdistif_mark_core_awake
                0x0000000000970a8c       0x38 /home/mx3g/linux/mpu/nxp/frdm-imx8mp/tmp/work/imx8mpfrdm-poky-linux/imx-atf/2.10+git/git/build-optee/imx8mp/release/bl31/gicv3_helpers.o
                0x0000000000970a8c                gicv3_rdistif_mark_core_awake
 .text.gicv3_rdistif_mark_core_asleep
                0x0000000000970ac4       0x1c /home/mx3g/linux/mpu/nxp/frdm-imx8mp/tmp/work/imx8mpfrdm-poky-linux/imx-atf/2.10+git/git/build-optee/imx8mp/release/bl31/gicv3_helpers.o
                0x0000000000970ac4                gicv3_rdistif_mark_core_asleep
 .text.gicv3_rdistif_base_addrs_probe
                0x0000000000970ae0       0x6c /home/mx3g/linux/mpu/nxp/frdm-imx8mp/tmp/work/imx8mpfrdm-poky-linux/imx-atf/2.10+git/git/build-optee/imx8mp/release/bl31/gicv3_helpers.o
                0x0000000000970ae0                gicv3_rdistif_base_addrs_probe
 .text.gicv3_get_spi_limit
                0x0000000000970b4c       0x1c /home/mx3g/linux/mpu/nxp/frdm-imx8mp/tmp/work/imx8mpfrdm-poky-linux/imx-atf/2.10+git/git/build-optee/imx8mp/release/bl31/gicv3_helpers.o
                0x0000000000970b4c                gicv3_get_spi_limit
 .text.gicv3_spis_config_defaults
                0x0000000000970b68       0x98 /home/mx3g/linux/mpu/nxp/frdm-imx8mp/tmp/work/imx8mpfrdm-poky-linux/imx-atf/2.10+git/git/build-optee/imx8mp/release/bl31/gicv3_helpers.o
                0x0000000000970b68                gicv3_spis_config_defaults
 .text.gicv3_secure_spis_config_props
                0x0000000000970c00       0xec /home/mx3g/linux/mpu/nxp/frdm-imx8mp/tmp/work/imx8mpfrdm-poky-linux/imx-atf/2.10+git/git/build-optee/imx8mp/release/bl31/gicv3_helpers.o
                0x0000000000970c00                gicv3_secure_spis_config_props
 .text.gicv3_ppi_sgi_config_defaults
                0x0000000000970cec       0x70 /home/mx3g/linux/mpu/nxp/frdm-imx8mp/tmp/work/imx8mpfrdm-poky-linux/imx-atf/2.10+git/git/build-optee/imx8mp/release/bl31/gicv3_helpers.o
                0x0000000000970cec                gicv3_ppi_sgi_config_defaults
 .text.gicv3_secure_ppi_sgi_config_props
                0x0000000000970d5c       0xcc /home/mx3g/linux/mpu/nxp/frdm-imx8mp/tmp/work/imx8mpfrdm-poky-linux/imx-atf/2.10+git/git/build-optee/imx8mp/release/bl31/gicv3_helpers.o
                0x0000000000970d5c                gicv3_secure_ppi_sgi_config_props
 .text.gicv3_get_component_prodid_rev
                0x0000000000970e28       0x18 /home/mx3g/linux/mpu/nxp/frdm-imx8mp/tmp/work/imx8mpfrdm-poky-linux/imx-atf/2.10+git/git/build-optee/imx8mp/release/bl31/gicv3_helpers.o
                0x0000000000970e28                gicv3_get_component_prodid_rev
 .text.gicd_wait_for_pending_write
                0x0000000000970e40        0xc /home/mx3g/linux/mpu/nxp/frdm-imx8mp/tmp/work/imx8mpfrdm-poky-linux/imx-atf/2.10+git/git/build-optee/imx8mp/release/bl31/gicv3_main.o
 .text.gicr_wait_for_pending_write
                0x0000000000970e4c        0xc /home/mx3g/linux/mpu/nxp/frdm-imx8mp/tmp/work/imx8mpfrdm-poky-linux/imx-atf/2.10+git/git/build-optee/imx8mp/release/bl31/gicv3_main.o
 .text.gicv3_driver_init
                0x0000000000970e58       0x74 /home/mx3g/linux/mpu/nxp/frdm-imx8mp/tmp/work/imx8mpfrdm-poky-linux/imx-atf/2.10+git/git/build-optee/imx8mp/release/bl31/gicv3_main.o
                0x0000000000970e58                gicv3_driver_init
 .text.gicv3_distif_init
                0x0000000000970ecc       0x74 /home/mx3g/linux/mpu/nxp/frdm-imx8mp/tmp/work/imx8mpfrdm-poky-linux/imx-atf/2.10+git/git/build-optee/imx8mp/release/bl31/gicv3_main.o
                0x0000000000970ecc                gicv3_distif_init
 .text.gicv3_rdistif_init
                0x0000000000970f40       0x90 /home/mx3g/linux/mpu/nxp/frdm-imx8mp/tmp/work/imx8mpfrdm-poky-linux/imx-atf/2.10+git/git/build-optee/imx8mp/release/bl31/gicv3_main.o
                0x0000000000970f40                gicv3_rdistif_init
 .text.gicv3_cpuif_enable
                0x0000000000970fd0       0x90 /home/mx3g/linux/mpu/nxp/frdm-imx8mp/tmp/work/imx8mpfrdm-poky-linux/imx-atf/2.10+git/git/build-optee/imx8mp/release/bl31/gicv3_main.o
                0x0000000000970fd0                gicv3_cpuif_enable
 .text.gicv3_cpuif_disable
                0x0000000000971060       0x40 /home/mx3g/linux/mpu/nxp/frdm-imx8mp/tmp/work/imx8mpfrdm-poky-linux/imx-atf/2.10+git/git/build-optee/imx8mp/release/bl31/gicv3_main.o
                0x0000000000971060                gicv3_cpuif_disable
 .text.gicv3_get_pending_interrupt_type
                0x00000000009710a0        0xc /home/mx3g/linux/mpu/nxp/frdm-imx8mp/tmp/work/imx8mpfrdm-poky-linux/imx-atf/2.10+git/git/build-optee/imx8mp/release/bl31/gicv3_main.o
                0x00000000009710a0                gicv3_get_pending_interrupt_type
 .text.gicv3_rdistif_save
                0x00000000009710ac       0xdc /home/mx3g/linux/mpu/nxp/frdm-imx8mp/tmp/work/imx8mpfrdm-poky-linux/imx-atf/2.10+git/git/build-optee/imx8mp/release/bl31/gicv3_main.o
                0x00000000009710ac                gicv3_rdistif_save
 .text.gicv3_rdistif_init_restore
                0x0000000000971188      0x11c /home/mx3g/linux/mpu/nxp/frdm-imx8mp/tmp/work/imx8mpfrdm-poky-linux/imx-atf/2.10+git/git/build-optee/imx8mp/release/bl31/gicv3_main.o
                0x0000000000971188                gicv3_rdistif_init_restore
 .text.gicv3_distif_save
                0x00000000009712a4      0x1f4 /home/mx3g/linux/mpu/nxp/frdm-imx8mp/tmp/work/imx8mpfrdm-poky-linux/imx-atf/2.10+git/git/build-optee/imx8mp/release/bl31/gicv3_main.o
                0x00000000009712a4                gicv3_distif_save
 .text.gicv3_distif_init_restore
                0x0000000000971498      0x210 /home/mx3g/linux/mpu/nxp/frdm-imx8mp/tmp/work/imx8mpfrdm-poky-linux/imx-atf/2.10+git/git/build-optee/imx8mp/release/bl31/gicv3_main.o
                0x0000000000971498                gicv3_distif_init_restore
 .text.gicv3_raise_sgi
                0x00000000009716a8       0x68 /home/mx3g/linux/mpu/nxp/frdm-imx8mp/tmp/work/imx8mpfrdm-poky-linux/imx-atf/2.10+git/git/build-optee/imx8mp/release/bl31/gicv3_main.o
                0x00000000009716a8                gicv3_raise_sgi
 .text.tzc380_init
                0x0000000000971710       0x2c /home/mx3g/linux/mpu/nxp/frdm-imx8mp/tmp/work/imx8mpfrdm-poky-linux/imx-atf/2.10+git/git/build-optee/imx8mp/release/bl31/tzc380.o
                0x0000000000971710                tzc380_init
 .text.tzc380_configure_region
                0x000000000097173c       0x30 /home/mx3g/linux/mpu/nxp/frdm-imx8mp/tmp/work/imx8mpfrdm-poky-linux/imx-atf/2.10+git/git/build-optee/imx8mp/release/bl31/tzc380.o
                0x000000000097173c                tzc380_configure_region
 .text.console_is_registered
                0x000000000097176c       0x2c /home/mx3g/linux/mpu/nxp/frdm-imx8mp/tmp/work/imx8mpfrdm-poky-linux/imx-atf/2.10+git/git/build-optee/imx8mp/release/bl31/multi_console.o
                0x000000000097176c                console_is_registered
 .text.console_register
                0x0000000000971798       0x34 /home/mx3g/linux/mpu/nxp/frdm-imx8mp/tmp/work/imx8mpfrdm-poky-linux/imx-atf/2.10+git/git/build-optee/imx8mp/release/bl31/multi_console.o
                0x0000000000971798                console_register
 .text.console_switch_state
                0x00000000009717cc        0xc /home/mx3g/linux/mpu/nxp/frdm-imx8mp/tmp/work/imx8mpfrdm-poky-linux/imx-atf/2.10+git/git/build-optee/imx8mp/release/bl31/multi_console.o
                0x00000000009717cc                console_switch_state
 .text.console_set_scope
                0x00000000009717d8       0x18 /home/mx3g/linux/mpu/nxp/frdm-imx8mp/tmp/work/imx8mpfrdm-poky-linux/imx-atf/2.10+git/git/build-optee/imx8mp/release/bl31/multi_console.o
                0x00000000009717d8                console_set_scope
 .text.console_putc
                0x00000000009717f0       0xa8 /home/mx3g/linux/mpu/nxp/frdm-imx8mp/tmp/work/imx8mpfrdm-poky-linux/imx-atf/2.10+git/git/build-optee/imx8mp/release/bl31/multi_console.o
                0x00000000009717f0                console_putc
 .text.putchar  0x0000000000971898       0x28 /home/mx3g/linux/mpu/nxp/frdm-imx8mp/tmp/work/imx8mpfrdm-poky-linux/imx-atf/2.10+git/git/build-optee/imx8mp/release/bl31/multi_console.o
                0x0000000000971898                putchar
 .text.console_flush
                0x00000000009718c0       0x54 /home/mx3g/linux/mpu/nxp/frdm-imx8mp/tmp/work/imx8mpfrdm-poky-linux/imx-atf/2.10+git/git/build-optee/imx8mp/release/bl31/multi_console.o
                0x00000000009718c0                console_flush
 .text.udelay   0x0000000000971914       0x68 /home/mx3g/linux/mpu/nxp/frdm-imx8mp/tmp/work/imx8mpfrdm-poky-linux/imx-atf/2.10+git/git/build-optee/imx8mp/release/bl31/delay_timer.o
                0x0000000000971914                udelay
 .text.timer_init
                0x000000000097197c        0xc /home/mx3g/linux/mpu/nxp/frdm-imx8mp/tmp/work/imx8mpfrdm-poky-linux/imx-atf/2.10+git/git/build-optee/imx8mp/release/bl31/delay_timer.o
                0x000000000097197c                timer_init
 .text.get_timer_value
                0x0000000000971988        0xc /home/mx3g/linux/mpu/nxp/frdm-imx8mp/tmp/work/imx8mpfrdm-poky-linux/imx-atf/2.10+git/git/build-optee/imx8mp/release/bl31/generic_delay_timer.o
 .text.generic_delay_timer_init_args
                0x0000000000971994       0x20 /home/mx3g/linux/mpu/nxp/frdm-imx8mp/tmp/work/imx8mpfrdm-poky-linux/imx-atf/2.10+git/git/build-optee/imx8mp/release/bl31/generic_delay_timer.o
                0x0000000000971994                generic_delay_timer_init_args
 .text.generic_delay_timer_init
                0x00000000009719b4       0x5c /home/mx3g/linux/mpu/nxp/frdm-imx8mp/tmp/work/imx8mpfrdm-poky-linux/imx-atf/2.10+git/git/build-optee/imx8mp/release/bl31/generic_delay_timer.o
                0x00000000009719b4                generic_delay_timer_init
 .text.print_errata_status
                0x0000000000971a10        0x4 /home/mx3g/linux/mpu/nxp/frdm-imx8mp/tmp/work/imx8mpfrdm-poky-linux/imx-atf/2.10+git/git/build-optee/imx8mp/release/bl31/errata_report.o
                0x0000000000971a10                print_errata_status
 .text.read_feat_mpam_version
                0x0000000000971a14       0x1c /home/mx3g/linux/mpu/nxp/frdm-imx8mp/tmp/work/imx8mpfrdm-poky-linux/imx-atf/2.10+git/git/build-optee/imx8mp/release/bl31/context_mgmt.o
 .text.cm_init  0x0000000000971a30        0x4 /home/mx3g/linux/mpu/nxp/frdm-imx8mp/tmp/work/imx8mpfrdm-poky-linux/imx-atf/2.10+git/git/build-optee/imx8mp/release/bl31/context_mgmt.o
                0x0000000000971a30                cm_init
 .text.cm_setup_context
                0x0000000000971a34      0x1a4 /home/mx3g/linux/mpu/nxp/frdm-imx8mp/tmp/work/imx8mpfrdm-poky-linux/imx-atf/2.10+git/git/build-optee/imx8mp/release/bl31/context_mgmt.o
                0x0000000000971a34                cm_setup_context
 .text.cm_manage_extensions_el3
                0x0000000000971bd8       0x20 /home/mx3g/linux/mpu/nxp/frdm-imx8mp/tmp/work/imx8mpfrdm-poky-linux/imx-atf/2.10+git/git/build-optee/imx8mp/release/bl31/context_mgmt.o
                0x0000000000971bd8                cm_manage_extensions_el3
 .text.manage_extensions_nonsecure_per_world
                0x0000000000971bf8       0x28 /home/mx3g/linux/mpu/nxp/frdm-imx8mp/tmp/work/imx8mpfrdm-poky-linux/imx-atf/2.10+git/git/build-optee/imx8mp/release/bl31/context_mgmt.o
                0x0000000000971bf8                manage_extensions_nonsecure_per_world
 .text.cm_init_context_by_index
                0x0000000000971c20       0x30 /home/mx3g/linux/mpu/nxp/frdm-imx8mp/tmp/work/imx8mpfrdm-poky-linux/imx-atf/2.10+git/git/build-optee/imx8mp/release/bl31/context_mgmt.o
                0x0000000000971c20                cm_init_context_by_index
 .text.cm_init_my_context
                0x0000000000971c50       0x30 /home/mx3g/linux/mpu/nxp/frdm-imx8mp/tmp/work/imx8mpfrdm-poky-linux/imx-atf/2.10+git/git/build-optee/imx8mp/release/bl31/context_mgmt.o
                0x0000000000971c50                cm_init_my_context
 .text.cm_el1_sysregs_context_save
                0x0000000000971c80       0x70 /home/mx3g/linux/mpu/nxp/frdm-imx8mp/tmp/work/imx8mpfrdm-poky-linux/imx-atf/2.10+git/git/build-optee/imx8mp/release/bl31/context_mgmt.o
                0x0000000000971c80                cm_el1_sysregs_context_save
 .text.cm_el1_sysregs_context_restore
                0x0000000000971cf0       0x70 /home/mx3g/linux/mpu/nxp/frdm-imx8mp/tmp/work/imx8mpfrdm-poky-linux/imx-atf/2.10+git/git/build-optee/imx8mp/release/bl31/context_mgmt.o
                0x0000000000971cf0                cm_el1_sysregs_context_restore
 .text.cm_set_elr_el3
                0x0000000000971d60       0x24 /home/mx3g/linux/mpu/nxp/frdm-imx8mp/tmp/work/imx8mpfrdm-poky-linux/imx-atf/2.10+git/git/build-optee/imx8mp/release/bl31/context_mgmt.o
                0x0000000000971d60                cm_set_elr_el3
 .text.cm_write_scr_el3_bit
                0x0000000000971d84       0x40 /home/mx3g/linux/mpu/nxp/frdm-imx8mp/tmp/work/imx8mpfrdm-poky-linux/imx-atf/2.10+git/git/build-optee/imx8mp/release/bl31/context_mgmt.o
                0x0000000000971d84                cm_write_scr_el3_bit
 .text.cm_set_next_eret_context
                0x0000000000971dc4       0x20 /home/mx3g/linux/mpu/nxp/frdm-imx8mp/tmp/work/imx8mpfrdm-poky-linux/imx-atf/2.10+git/git/build-optee/imx8mp/release/bl31/context_mgmt.o
                0x0000000000971dc4                cm_set_next_eret_context
 .text.cm_prepare_el3_exit
                0x0000000000971de4       0x54 /home/mx3g/linux/mpu/nxp/frdm-imx8mp/tmp/work/imx8mpfrdm-poky-linux/imx-atf/2.10+git/git/build-optee/imx8mp/release/bl31/context_mgmt.o
                0x0000000000971de4                cm_prepare_el3_exit
 .text.cm_prepare_el3_exit_ns
                0x0000000000971e38        0x8 /home/mx3g/linux/mpu/nxp/frdm-imx8mp/tmp/work/imx8mpfrdm-poky-linux/imx-atf/2.10+git/git/build-optee/imx8mp/release/bl31/context_mgmt.o
                0x0000000000971e38                cm_prepare_el3_exit_ns
 .text.mpam_enable
                0x0000000000971e40       0x14 /home/mx3g/linux/mpu/nxp/frdm-imx8mp/tmp/work/imx8mpfrdm-poky-linux/imx-atf/2.10+git/git/build-optee/imx8mp/release/bl31/mpam.o
                0x0000000000971e40                mpam_enable
 .text.pmuv3_enable
                0x0000000000971e54        0x4 /home/mx3g/linux/mpu/nxp/frdm-imx8mp/tmp/work/imx8mpfrdm-poky-linux/imx-atf/2.10+git/git/build-optee/imx8mp/release/bl31/pmuv3.o
                0x0000000000971e54                pmuv3_enable
 .text.pmuv3_init_el3
                0x0000000000971e58       0x40 /home/mx3g/linux/mpu/nxp/frdm-imx8mp/tmp/work/imx8mpfrdm-poky-linux/imx-atf/2.10+git/git/build-optee/imx8mp/release/bl31/pmuv3.o
                0x0000000000971e58                pmuv3_init_el3
 .text.spe_drain_buffers_hook
                0x0000000000971e98       0x24 /home/mx3g/linux/mpu/nxp/frdm-imx8mp/tmp/work/imx8mpfrdm-poky-linux/imx-atf/2.10+git/git/build-optee/imx8mp/release/bl31/spe.o
 .text.spe_init_el3
                0x0000000000971ebc       0x1c /home/mx3g/linux/mpu/nxp/frdm-imx8mp/tmp/work/imx8mpfrdm-poky-linux/imx-atf/2.10+git/git/build-optee/imx8mp/release/bl31/spe.o
                0x0000000000971ebc                spe_init_el3
 .text.sve_enable_per_world
                0x0000000000971ed8       0x20 /home/mx3g/linux/mpu/nxp/frdm-imx8mp/tmp/work/imx8mpfrdm-poky-linux/imx-atf/2.10+git/git/build-optee/imx8mp/release/bl31/sve.o
                0x0000000000971ed8                sve_enable_per_world
 .text.sve_disable_per_world
                0x0000000000971ef8       0x18 /home/mx3g/linux/mpu/nxp/frdm-imx8mp/tmp/work/imx8mpfrdm-poky-linux/imx-atf/2.10+git/git/build-optee/imx8mp/release/bl31/sve.o
                0x0000000000971ef8                sve_disable_per_world
 .text.bakery_lock_get
                0x0000000000971f10       0xbc /home/mx3g/linux/mpu/nxp/frdm-imx8mp/tmp/work/imx8mpfrdm-poky-linux/imx-atf/2.10+git/git/build-optee/imx8mp/release/bl31/bakery_lock_coherent.o
                0x0000000000971f10                bakery_lock_get
 .text.bakery_lock_release
                0x0000000000971fcc       0x34 /home/mx3g/linux/mpu/nxp/frdm-imx8mp/tmp/work/imx8mpfrdm-poky-linux/imx-atf/2.10+git/git/build-optee/imx8mp/release/bl31/bakery_lock_coherent.o
                0x0000000000971fcc                bakery_lock_release
 .text.psci_set_req_local_pwr_state
                0x0000000000972000       0x34 /home/mx3g/linux/mpu/nxp/frdm-imx8mp/tmp/work/imx8mpfrdm-poky-linux/imx-atf/2.10+git/git/build-optee/imx8mp/release/bl31/psci_common.o
 .text.psci_validate_power_state
                0x0000000000972034       0x28 /home/mx3g/linux/mpu/nxp/frdm-imx8mp/tmp/work/imx8mpfrdm-poky-linux/imx-atf/2.10+git/git/build-optee/imx8mp/release/bl31/psci_common.o
                0x0000000000972034                psci_validate_power_state
 .text.psci_query_sys_suspend_pwrstate
                0x000000000097205c       0x14 /home/mx3g/linux/mpu/nxp/frdm-imx8mp/tmp/work/imx8mpfrdm-poky-linux/imx-atf/2.10+git/git/build-optee/imx8mp/release/bl31/psci_common.o
                0x000000000097205c                psci_query_sys_suspend_pwrstate
 .text.psci_is_last_on_cpu
                0x0000000000972070       0x70 /home/mx3g/linux/mpu/nxp/frdm-imx8mp/tmp/work/imx8mpfrdm-poky-linux/imx-atf/2.10+git/git/build-optee/imx8mp/release/bl31/psci_common.o
                0x0000000000972070                psci_is_last_on_cpu
 .text.psci_init_req_local_pwr_states
                0x00000000009720e0       0x54 /home/mx3g/linux/mpu/nxp/frdm-imx8mp/tmp/work/imx8mpfrdm-poky-linux/imx-atf/2.10+git/git/build-optee/imx8mp/release/bl31/psci_common.o
                0x00000000009720e0                psci_init_req_local_pwr_states
 .text.psci_get_target_local_pwr_states
                0x0000000000972134       0x88 /home/mx3g/linux/mpu/nxp/frdm-imx8mp/tmp/work/imx8mpfrdm-poky-linux/imx-atf/2.10+git/git/build-optee/imx8mp/release/bl31/psci_common.o
                0x0000000000972134                psci_get_target_local_pwr_states
 .text.psci_set_target_local_pwr_states
                0x00000000009721bc       0x7c /home/mx3g/linux/mpu/nxp/frdm-imx8mp/tmp/work/imx8mpfrdm-poky-linux/imx-atf/2.10+git/git/build-optee/imx8mp/release/bl31/psci_common.o
                0x00000000009721bc                psci_set_target_local_pwr_states
 .text.psci_get_parent_pwr_domain_nodes
                0x0000000000972238       0x40 /home/mx3g/linux/mpu/nxp/frdm-imx8mp/tmp/work/imx8mpfrdm-poky-linux/imx-atf/2.10+git/git/build-optee/imx8mp/release/bl31/psci_common.o
                0x0000000000972238                psci_get_parent_pwr_domain_nodes
 .text.psci_set_pwr_domains_to_run
                0x0000000000972278       0x84 /home/mx3g/linux/mpu/nxp/frdm-imx8mp/tmp/work/imx8mpfrdm-poky-linux/imx-atf/2.10+git/git/build-optee/imx8mp/release/bl31/psci_common.o
                0x0000000000972278                psci_set_pwr_domains_to_run
 .text.psci_do_state_coordination
                0x00000000009722fc      0x120 /home/mx3g/linux/mpu/nxp/frdm-imx8mp/tmp/work/imx8mpfrdm-poky-linux/imx-atf/2.10+git/git/build-optee/imx8mp/release/bl31/psci_common.o
                0x00000000009722fc                psci_do_state_coordination
 .text.psci_find_max_off_lvl
                0x000000000097241c       0x4c /home/mx3g/linux/mpu/nxp/frdm-imx8mp/tmp/work/imx8mpfrdm-poky-linux/imx-atf/2.10+git/git/build-optee/imx8mp/release/bl31/psci_common.o
                0x000000000097241c                psci_find_max_off_lvl
 .text.psci_find_target_suspend_lvl
                0x0000000000972468       0x34 /home/mx3g/linux/mpu/nxp/frdm-imx8mp/tmp/work/imx8mpfrdm-poky-linux/imx-atf/2.10+git/git/build-optee/imx8mp/release/bl31/psci_common.o
                0x0000000000972468                psci_find_target_suspend_lvl
 .text.psci_acquire_pwr_domain_locks
                0x000000000097249c       0x6c /home/mx3g/linux/mpu/nxp/frdm-imx8mp/tmp/work/imx8mpfrdm-poky-linux/imx-atf/2.10+git/git/build-optee/imx8mp/release/bl31/psci_common.o
                0x000000000097249c                psci_acquire_pwr_domain_locks
 .text.psci_release_pwr_domain_locks
                0x0000000000972508       0x58 /home/mx3g/linux/mpu/nxp/frdm-imx8mp/tmp/work/imx8mpfrdm-poky-linux/imx-atf/2.10+git/git/build-optee/imx8mp/release/bl31/psci_common.o
                0x0000000000972508                psci_release_pwr_domain_locks
 .text.psci_validate_entry_point
                0x0000000000972560       0xf4 /home/mx3g/linux/mpu/nxp/frdm-imx8mp/tmp/work/imx8mpfrdm-poky-linux/imx-atf/2.10+git/git/build-optee/imx8mp/release/bl31/psci_common.o
                0x0000000000972560                psci_validate_entry_point
 .text.psci_warmboot_entrypoint
                0x0000000000972654       0xdc /home/mx3g/linux/mpu/nxp/frdm-imx8mp/tmp/work/imx8mpfrdm-poky-linux/imx-atf/2.10+git/git/build-optee/imx8mp/release/bl31/psci_common.o
                0x0000000000972654                psci_warmboot_entrypoint
 .text.psci_register_spd_pm_hook
                0x0000000000972730       0x44 /home/mx3g/linux/mpu/nxp/frdm-imx8mp/tmp/work/imx8mpfrdm-poky-linux/imx-atf/2.10+git/git/build-optee/imx8mp/release/bl31/psci_common.o
                0x0000000000972730                psci_register_spd_pm_hook
 .text.psci_spd_migrate_info
                0x0000000000972774       0x24 /home/mx3g/linux/mpu/nxp/frdm-imx8mp/tmp/work/imx8mpfrdm-poky-linux/imx-atf/2.10+git/git/build-optee/imx8mp/release/bl31/psci_common.o
                0x0000000000972774                psci_spd_migrate_info
 .text.psci_print_power_domain_map
                0x0000000000972798        0x4 /home/mx3g/linux/mpu/nxp/frdm-imx8mp/tmp/work/imx8mpfrdm-poky-linux/imx-atf/2.10+git/git/build-optee/imx8mp/release/bl31/psci_common.o
                0x0000000000972798                psci_print_power_domain_map
 .text.psci_pwrdown_cpu
                0x000000000097279c        0x4 /home/mx3g/linux/mpu/nxp/frdm-imx8mp/tmp/work/imx8mpfrdm-poky-linux/imx-atf/2.10+git/git/build-optee/imx8mp/release/bl31/psci_common.o
                0x000000000097279c                psci_pwrdown_cpu
 .text.is_valid_mpidr
                0x00000000009727a0       0x1c /home/mx3g/linux/mpu/nxp/frdm-imx8mp/tmp/work/imx8mpfrdm-poky-linux/imx-atf/2.10+git/git/build-optee/imx8mp/release/bl31/psci_main.o
 .text.psci_cpu_on
                0x00000000009727bc       0x60 /home/mx3g/linux/mpu/nxp/frdm-imx8mp/tmp/work/imx8mpfrdm-poky-linux/imx-atf/2.10+git/git/build-optee/imx8mp/release/bl31/psci_main.o
                0x00000000009727bc                psci_cpu_on
 .text.psci_cpu_suspend
                0x000000000097281c      0x104 /home/mx3g/linux/mpu/nxp/frdm-imx8mp/tmp/work/imx8mpfrdm-poky-linux/imx-atf/2.10+git/git/build-optee/imx8mp/release/bl31/psci_main.o
                0x000000000097281c                psci_cpu_suspend
 .text.psci_system_suspend
                0x0000000000972920       0x80 /home/mx3g/linux/mpu/nxp/frdm-imx8mp/tmp/work/imx8mpfrdm-poky-linux/imx-atf/2.10+git/git/build-optee/imx8mp/release/bl31/psci_main.o
                0x0000000000972920                psci_system_suspend
 .text.psci_cpu_off
                0x00000000009729a0        0x8 /home/mx3g/linux/mpu/nxp/frdm-imx8mp/tmp/work/imx8mpfrdm-poky-linux/imx-atf/2.10+git/git/build-optee/imx8mp/release/bl31/psci_main.o
                0x00000000009729a0                psci_cpu_off
 .text.psci_affinity_info
                0x00000000009729a8       0x5c /home/mx3g/linux/mpu/nxp/frdm-imx8mp/tmp/work/imx8mpfrdm-poky-linux/imx-atf/2.10+git/git/build-optee/imx8mp/release/bl31/psci_main.o
                0x00000000009729a8                psci_affinity_info
 .text.psci_migrate
                0x0000000000972a04       0x88 /home/mx3g/linux/mpu/nxp/frdm-imx8mp/tmp/work/imx8mpfrdm-poky-linux/imx-atf/2.10+git/git/build-optee/imx8mp/release/bl31/psci_main.o
                0x0000000000972a04                psci_migrate
 .text.psci_migrate_info_type
                0x0000000000972a8c       0x18 /home/mx3g/linux/mpu/nxp/frdm-imx8mp/tmp/work/imx8mpfrdm-poky-linux/imx-atf/2.10+git/git/build-optee/imx8mp/release/bl31/psci_main.o
                0x0000000000972a8c                psci_migrate_info_type
 .text.psci_migrate_info_up_cpu
                0x0000000000972aa4       0x28 /home/mx3g/linux/mpu/nxp/frdm-imx8mp/tmp/work/imx8mpfrdm-poky-linux/imx-atf/2.10+git/git/build-optee/imx8mp/release/bl31/psci_main.o
                0x0000000000972aa4                psci_migrate_info_up_cpu
 .text.psci_node_hw_state
                0x0000000000972acc       0x5c /home/mx3g/linux/mpu/nxp/frdm-imx8mp/tmp/work/imx8mpfrdm-poky-linux/imx-atf/2.10+git/git/build-optee/imx8mp/release/bl31/psci_main.o
                0x0000000000972acc                psci_node_hw_state
 .text.psci_features
                0x0000000000972b28       0x68 /home/mx3g/linux/mpu/nxp/frdm-imx8mp/tmp/work/imx8mpfrdm-poky-linux/imx-atf/2.10+git/git/build-optee/imx8mp/release/bl31/psci_main.o
                0x0000000000972b28                psci_features
 .text.psci_smc_handler
                0x0000000000972b90      0x150 /home/mx3g/linux/mpu/nxp/frdm-imx8mp/tmp/work/imx8mpfrdm-poky-linux/imx-atf/2.10+git/git/build-optee/imx8mp/release/bl31/psci_main.o
                0x0000000000972b90                psci_smc_handler
 .text.psci_mem_protect
                0x0000000000972ce0       0x60 /home/mx3g/linux/mpu/nxp/frdm-imx8mp/tmp/work/imx8mpfrdm-poky-linux/imx-atf/2.10+git/git/build-optee/imx8mp/release/bl31/psci_mem_protect.o
                0x0000000000972ce0                psci_mem_protect
 .text.psci_mem_chk_range
                0x0000000000972d40       0x4c /home/mx3g/linux/mpu/nxp/frdm-imx8mp/tmp/work/imx8mpfrdm-poky-linux/imx-atf/2.10+git/git/build-optee/imx8mp/release/bl31/psci_mem_protect.o
                0x0000000000972d40                psci_mem_chk_range
 .text.psci_do_cpu_off
                0x0000000000972d8c      0x158 /home/mx3g/linux/mpu/nxp/frdm-imx8mp/tmp/work/imx8mpfrdm-poky-linux/imx-atf/2.10+git/git/build-optee/imx8mp/release/bl31/psci_off.o
                0x0000000000972d8c                psci_do_cpu_off
 .text.psci_cpu_on_start
                0x0000000000972ee4      0x164 /home/mx3g/linux/mpu/nxp/frdm-imx8mp/tmp/work/imx8mpfrdm-poky-linux/imx-atf/2.10+git/git/build-optee/imx8mp/release/bl31/psci_on.o
                0x0000000000972ee4                psci_cpu_on_start
 .text.psci_cpu_on_finish
                0x0000000000973048       0xdc /home/mx3g/linux/mpu/nxp/frdm-imx8mp/tmp/work/imx8mpfrdm-poky-linux/imx-atf/2.10+git/git/build-optee/imx8mp/release/bl31/psci_on.o
                0x0000000000973048                psci_cpu_on_finish
 .text.psci_arch_setup
                0x0000000000973124       0x20 /home/mx3g/linux/mpu/nxp/frdm-imx8mp/tmp/work/imx8mpfrdm-poky-linux/imx-atf/2.10+git/git/build-optee/imx8mp/release/bl31/psci_setup.o
                0x0000000000973124                psci_arch_setup
 .text.psci_setup
                0x0000000000973144      0x344 /home/mx3g/linux/mpu/nxp/frdm-imx8mp/tmp/work/imx8mpfrdm-poky-linux/imx-atf/2.10+git/git/build-optee/imx8mp/release/bl31/psci_setup.o
                0x0000000000973144                psci_setup
 .text.psci_cpu_suspend_start
                0x0000000000973488      0x1d8 /home/mx3g/linux/mpu/nxp/frdm-imx8mp/tmp/work/imx8mpfrdm-poky-linux/imx-atf/2.10+git/git/build-optee/imx8mp/release/bl31/psci_suspend.o
                0x0000000000973488                psci_cpu_suspend_start
 .text.psci_cpu_suspend_finish
                0x0000000000973660       0xa8 /home/mx3g/linux/mpu/nxp/frdm-imx8mp/tmp/work/imx8mpfrdm-poky-linux/imx-atf/2.10+git/git/build-optee/imx8mp/release/bl31/psci_suspend.o
                0x0000000000973660                psci_cpu_suspend_finish
 .text.psci_system_off
                0x0000000000973708       0x40 /home/mx3g/linux/mpu/nxp/frdm-imx8mp/tmp/work/imx8mpfrdm-poky-linux/imx-atf/2.10+git/git/build-optee/imx8mp/release/bl31/psci_system_off.o
                0x0000000000973708                psci_system_off
 .text.psci_system_reset
                0x0000000000973748       0x40 /home/mx3g/linux/mpu/nxp/frdm-imx8mp/tmp/work/imx8mpfrdm-poky-linux/imx-atf/2.10+git/git/build-optee/imx8mp/release/bl31/psci_system_off.o
                0x0000000000973748                psci_system_reset
 .text.psci_system_reset2
                0x0000000000973788       0xb0 /home/mx3g/linux/mpu/nxp/frdm-imx8mp/tmp/work/imx8mpfrdm-poky-linux/imx-atf/2.10+git/git/build-optee/imx8mp/release/bl31/psci_system_off.o
                0x0000000000973788                psci_system_reset2
 .text.xlat_arch_get_pas
                0x0000000000973838       0x14 /home/mx3g/linux/mpu/nxp/frdm-imx8mp/tmp/work/imx8mpfrdm-poky-linux/imx-atf/2.10+git/git/build-optee/imx8mp/release/bl31/xlat_tables_arch.o
                0x0000000000973838                xlat_arch_get_pas
 .text.tcr_physical_addr_size_bits
                0x000000000097384c       0x4c /home/mx3g/linux/mpu/nxp/frdm-imx8mp/tmp/work/imx8mpfrdm-poky-linux/imx-atf/2.10+git/git/build-optee/imx8mp/release/bl31/xlat_tables_arch.o
                0x000000000097384c                tcr_physical_addr_size_bits
 .text.is_dcache_enabled
                0x0000000000973898        0xc /home/mx3g/linux/mpu/nxp/frdm-imx8mp/tmp/work/imx8mpfrdm-poky-linux/imx-atf/2.10+git/git/build-optee/imx8mp/release/bl31/xlat_tables_arch.o
                0x0000000000973898                is_dcache_enabled
 .text.xlat_arch_regime_get_xn_desc
                0x00000000009738a4       0x14 /home/mx3g/linux/mpu/nxp/frdm-imx8mp/tmp/work/imx8mpfrdm-poky-linux/imx-atf/2.10+git/git/build-optee/imx8mp/release/bl31/xlat_tables_arch.o
                0x00000000009738a4                xlat_arch_regime_get_xn_desc
 .text.xlat_arch_current_el
                0x00000000009738b8        0xc /home/mx3g/linux/mpu/nxp/frdm-imx8mp/tmp/work/imx8mpfrdm-poky-linux/imx-atf/2.10+git/git/build-optee/imx8mp/release/bl31/xlat_tables_arch.o
                0x00000000009738b8                xlat_arch_current_el
 .text.setup_mmu_cfg
                0x00000000009738c4       0x7c /home/mx3g/linux/mpu/nxp/frdm-imx8mp/tmp/work/imx8mpfrdm-poky-linux/imx-atf/2.10+git/git/build-optee/imx8mp/release/bl31/xlat_tables_arch.o
                0x00000000009738c4                setup_mmu_cfg
 .text.mmap_add
                0x0000000000973940       0x10 /home/mx3g/linux/mpu/nxp/frdm-imx8mp/tmp/work/imx8mpfrdm-poky-linux/imx-atf/2.10+git/git/build-optee/imx8mp/release/bl31/xlat_tables_context.o
                0x0000000000973940                mmap_add
 .text.init_xlat_tables
                0x0000000000973950       0x3c /home/mx3g/linux/mpu/nxp/frdm-imx8mp/tmp/work/imx8mpfrdm-poky-linux/imx-atf/2.10+git/git/build-optee/imx8mp/release/bl31/xlat_tables_context.o
                0x0000000000973950                init_xlat_tables
 .text.enable_mmu_el3
                0x000000000097398c       0x48 /home/mx3g/linux/mpu/nxp/frdm-imx8mp/tmp/work/imx8mpfrdm-poky-linux/imx-atf/2.10+git/git/build-optee/imx8mp/release/bl31/xlat_tables_context.o
                0x000000000097398c                enable_mmu_el3
 .text.xlat_clean_dcache_range
                0x00000000009739d4       0x3c /home/mx3g/linux/mpu/nxp/frdm-imx8mp/tmp/work/imx8mpfrdm-poky-linux/imx-atf/2.10+git/git/build-optee/imx8mp/release/bl31/xlat_tables_core.o
 .text.xlat_desc
                0x0000000000973a10       0xec /home/mx3g/linux/mpu/nxp/frdm-imx8mp/tmp/work/imx8mpfrdm-poky-linux/imx-atf/2.10+git/git/build-optee/imx8mp/release/bl31/xlat_tables_core.o
                0x0000000000973a10                xlat_desc
 .text.xlat_tables_map_region
                0x0000000000973afc      0x20c /home/mx3g/linux/mpu/nxp/frdm-imx8mp/tmp/work/imx8mpfrdm-poky-linux/imx-atf/2.10+git/git/build-optee/imx8mp/release/bl31/xlat_tables_core.o
 .text.mmap_add_region_ctx
                0x0000000000973d08      0x230 /home/mx3g/linux/mpu/nxp/frdm-imx8mp/tmp/work/imx8mpfrdm-poky-linux/imx-atf/2.10+git/git/build-optee/imx8mp/release/bl31/xlat_tables_core.o
                0x0000000000973d08                mmap_add_region_ctx
 .text.mmap_add_ctx
                0x0000000000973f38       0x3c /home/mx3g/linux/mpu/nxp/frdm-imx8mp/tmp/work/imx8mpfrdm-poky-linux/imx-atf/2.10+git/git/build-optee/imx8mp/release/bl31/xlat_tables_core.o
                0x0000000000973f38                mmap_add_ctx
 .text.init_xlat_tables_ctx
                0x0000000000973f74      0x100 /home/mx3g/linux/mpu/nxp/frdm-imx8mp/tmp/work/imx8mpfrdm-poky-linux/imx-atf/2.10+git/git/build-optee/imx8mp/release/bl31/xlat_tables_core.o
                0x0000000000973f74                init_xlat_tables_ctx
 .text.xlat_mmap_print
                0x0000000000974074        0x4 /home/mx3g/linux/mpu/nxp/frdm-imx8mp/tmp/work/imx8mpfrdm-poky-linux/imx-atf/2.10+git/git/build-optee/imx8mp/release/bl31/xlat_tables_utils.o
                0x0000000000974074                xlat_mmap_print
 .text.xlat_tables_print
                0x0000000000974078        0x4 /home/mx3g/linux/mpu/nxp/frdm-imx8mp/tmp/work/imx8mpfrdm-poky-linux/imx-atf/2.10+git/git/build-optee/imx8mp/release/bl31/xlat_tables_utils.o
                0x0000000000974078                xlat_tables_print
 .text.bl31_plat_runtime_setup
                0x000000000097407c        0x8 /home/mx3g/linux/mpu/nxp/frdm-imx8mp/tmp/work/imx8mpfrdm-poky-linux/imx-atf/2.10+git/git/build-optee/imx8mp/release/bl31/plat_common.o
                0x000000000097407c                bl31_plat_runtime_setup
 .text.plat_get_soc_version
                0x0000000000974084        0x8 /home/mx3g/linux/mpu/nxp/frdm-imx8mp/tmp/work/imx8mpfrdm-poky-linux/imx-atf/2.10+git/git/build-optee/imx8mp/release/bl31/plat_bl_common.o
                0x0000000000974084                plat_get_soc_version
 .text.plat_get_soc_revision
                0x000000000097408c        0x8 /home/mx3g/linux/mpu/nxp/frdm-imx8mp/tmp/work/imx8mpfrdm-poky-linux/imx-atf/2.10+git/git/build-optee/imx8mp/release/bl31/plat_bl_common.o
                0x000000000097408c                plat_get_soc_revision
 .text.plat_is_smccc_feature_available
                0x0000000000974094        0x8 /home/mx3g/linux/mpu/nxp/frdm-imx8mp/tmp/work/imx8mpfrdm-poky-linux/imx-atf/2.10+git/git/build-optee/imx8mp/release/bl31/plat_bl_common.o
                0x0000000000974094                plat_is_smccc_feature_available
 .text.setup_page_tables
                0x000000000097409c       0x28 /home/mx3g/linux/mpu/nxp/frdm-imx8mp/tmp/work/imx8mpfrdm-poky-linux/imx-atf/2.10+git/git/build-optee/imx8mp/release/bl31/plat_bl_common.o
                0x000000000097409c                setup_page_tables
 .text.plat_ic_get_pending_interrupt_type
                0x00000000009740c4       0x34 /home/mx3g/linux/mpu/nxp/frdm-imx8mp/tmp/work/imx8mpfrdm-poky-linux/imx-atf/2.10+git/git/build-optee/imx8mp/release/bl31/plat_gicv3.o
                0x00000000009740c4                plat_ic_get_pending_interrupt_type
 .text.plat_ic_acknowledge_interrupt
                0x00000000009740f8        0xc /home/mx3g/linux/mpu/nxp/frdm-imx8mp/tmp/work/imx8mpfrdm-poky-linux/imx-atf/2.10+git/git/build-optee/imx8mp/release/bl31/plat_gicv3.o
                0x00000000009740f8                plat_ic_acknowledge_interrupt
 .text.plat_ic_end_of_interrupt
                0x0000000000974104       0x10 /home/mx3g/linux/mpu/nxp/frdm-imx8mp/tmp/work/imx8mpfrdm-poky-linux/imx-atf/2.10+git/git/build-optee/imx8mp/release/bl31/plat_gicv3.o
                0x0000000000974104                plat_ic_end_of_interrupt
 .text.plat_interrupt_type_to_line
                0x0000000000974114       0x48 /home/mx3g/linux/mpu/nxp/frdm-imx8mp/tmp/work/imx8mpfrdm-poky-linux/imx-atf/2.10+git/git/build-optee/imx8mp/release/bl31/plat_gicv3.o
                0x0000000000974114                plat_interrupt_type_to_line
 .text.plat_ic_has_interrupt_type
                0x000000000097415c        0xc /home/mx3g/linux/mpu/nxp/frdm-imx8mp/tmp/work/imx8mpfrdm-poky-linux/imx-atf/2.10+git/git/build-optee/imx8mp/release/bl31/plat_gicv3.o
                0x000000000097415c                plat_ic_has_interrupt_type
 .text.plat_ic_raise_el3_sgi
                0x0000000000974168        0xc /home/mx3g/linux/mpu/nxp/frdm-imx8mp/tmp/work/imx8mpfrdm-poky-linux/imx-atf/2.10+git/git/build-optee/imx8mp/release/bl31/plat_gicv3.o
                0x0000000000974168                plat_ic_raise_el3_sgi
 .text.plat_log_get_prefix
                0x0000000000974174       0x30 /home/mx3g/linux/mpu/nxp/frdm-imx8mp/tmp/work/imx8mpfrdm-poky-linux/imx-atf/2.10+git/git/build-optee/imx8mp/release/bl31/plat_log_common.o
                0x0000000000974174                plat_log_get_prefix
 .text.plat_get_target_pwr_state
                0x00000000009741a4       0x28 /home/mx3g/linux/mpu/nxp/frdm-imx8mp/tmp/work/imx8mpfrdm-poky-linux/imx-atf/2.10+git/git/build-optee/imx8mp/release/bl31/plat_psci_common.o
                0x00000000009741a4                plat_get_target_pwr_state
 .text.plat_get_power_domain_tree_desc
                0x00000000009741cc        0xc /home/mx3g/linux/mpu/nxp/frdm-imx8mp/tmp/work/imx8mpfrdm-poky-linux/imx-atf/2.10+git/git/build-optee/imx8mp/release/bl31/imx8_topology.o
                0x00000000009741cc                plat_get_power_domain_tree_desc
 .text.plat_core_pos_by_mpidr
                0x00000000009741d8       0x38 /home/mx3g/linux/mpu/nxp/frdm-imx8mp/tmp/work/imx8mpfrdm-poky-linux/imx-atf/2.10+git/git/build-optee/imx8mp/release/bl31/imx8_topology.o
                0x00000000009741d8                plat_core_pos_by_mpidr
 .text.imx_buildinfo_handler
                0x0000000000974210       0x84 /home/mx3g/linux/mpu/nxp/frdm-imx8mp/tmp/work/imx8mpfrdm-poky-linux/imx-atf/2.10+git/git/build-optee/imx8mp/release/bl31/imx_sip_handler.o
                0x0000000000974210                imx_buildinfo_handler
 .text.imx_kernel_entry_handler
                0x0000000000974294       0x64 /home/mx3g/linux/mpu/nxp/frdm-imx8mp/tmp/work/imx8mpfrdm-poky-linux/imx-atf/2.10+git/git/build-optee/imx8mp/release/bl31/imx_sip_handler.o
                0x0000000000974294                imx_kernel_entry_handler
 .text.imx_sip_setup
                0x00000000009742f8        0x8 /home/mx3g/linux/mpu/nxp/frdm-imx8mp/tmp/work/imx8mpfrdm-poky-linux/imx-atf/2.10+git/git/build-optee/imx8mp/release/bl31/imx_sip_svc.o
 .text.imx_sip_handler
                0x0000000000974300       0xc4 /home/mx3g/linux/mpu/nxp/frdm-imx8mp/tmp/work/imx8mpfrdm-poky-linux/imx-atf/2.10+git/git/build-optee/imx8mp/release/bl31/imx_sip_svc.o
 .text.plat_imx_mpidr_to_core_pos
                0x00000000009743c4        0x4 /home/mx3g/linux/mpu/nxp/frdm-imx8mp/tmp/work/imx8mpfrdm-poky-linux/imx-atf/2.10+git/git/build-optee/imx8mp/release/bl31/plat_imx8_gic.o
 .text.plat_gic_driver_init
                0x00000000009743c8        0xc /home/mx3g/linux/mpu/nxp/frdm-imx8mp/tmp/work/imx8mpfrdm-poky-linux/imx-atf/2.10+git/git/build-optee/imx8mp/release/bl31/plat_imx8_gic.o
                0x00000000009743c8                plat_gic_driver_init
 .text.plat_gic_init
                0x00000000009743d4       0x40 /home/mx3g/linux/mpu/nxp/frdm-imx8mp/tmp/work/imx8mpfrdm-poky-linux/imx-atf/2.10+git/git/build-optee/imx8mp/release/bl31/plat_imx8_gic.o
                0x00000000009743d4                plat_gic_init
 .text.plat_gic_cpuif_enable
                0x0000000000974414       0x14 /home/mx3g/linux/mpu/nxp/frdm-imx8mp/tmp/work/imx8mpfrdm-poky-linux/imx-atf/2.10+git/git/build-optee/imx8mp/release/bl31/plat_imx8_gic.o
                0x0000000000974414                plat_gic_cpuif_enable
 .text.plat_gic_cpuif_disable
                0x0000000000974428       0x14 /home/mx3g/linux/mpu/nxp/frdm-imx8mp/tmp/work/imx8mpfrdm-poky-linux/imx-atf/2.10+git/git/build-optee/imx8mp/release/bl31/plat_imx8_gic.o
                0x0000000000974428                plat_gic_cpuif_disable
 .text.plat_gic_pcpu_init
                0x000000000097443c       0x14 /home/mx3g/linux/mpu/nxp/frdm-imx8mp/tmp/work/imx8mpfrdm-poky-linux/imx-atf/2.10+git/git/build-optee/imx8mp/release/bl31/plat_imx8_gic.o
                0x000000000097443c                plat_gic_pcpu_init
 .text.plat_gic_save
                0x0000000000974450       0x48 /home/mx3g/linux/mpu/nxp/frdm-imx8mp/tmp/work/imx8mpfrdm-poky-linux/imx-atf/2.10+git/git/build-optee/imx8mp/release/bl31/plat_imx8_gic.o
                0x0000000000974450                plat_gic_save
 .text.plat_gic_restore
                0x0000000000974498       0x50 /home/mx3g/linux/mpu/nxp/frdm-imx8mp/tmp/work/imx8mpfrdm-poky-linux/imx-atf/2.10+git/git/build-optee/imx8mp/release/bl31/plat_imx8_gic.o
                0x0000000000974498                plat_gic_restore
 .text.ddr_pll_bypass_100mts
                0x00000000009744e8       0x38 /home/mx3g/linux/mpu/nxp/frdm-imx8mp/tmp/work/imx8mpfrdm-poky-linux/imx-atf/2.10+git/git/build-optee/imx8mp/release/bl31/clock.o
                0x00000000009744e8                ddr_pll_bypass_100mts
 .text.ddr_pll_bypass_400mts
                0x0000000000974520       0x38 /home/mx3g/linux/mpu/nxp/frdm-imx8mp/tmp/work/imx8mpfrdm-poky-linux/imx-atf/2.10+git/git/build-optee/imx8mp/release/bl31/clock.o
                0x0000000000974520                ddr_pll_bypass_400mts
 .text.ddr_pll_unbypass
                0x0000000000974558       0x28 /home/mx3g/linux/mpu/nxp/frdm-imx8mp/tmp/work/imx8mpfrdm-poky-linux/imx-atf/2.10+git/git/build-optee/imx8mp/release/bl31/clock.o
                0x0000000000974558                ddr_pll_unbypass
 .text.dram_pll_init
                0x0000000000974580       0xe8 /home/mx3g/linux/mpu/nxp/frdm-imx8mp/tmp/work/imx8mpfrdm-poky-linux/imx-atf/2.10+git/git/build-optee/imx8mp/release/bl31/clock.o
                0x0000000000974580                dram_pll_init
 .text.dram_clock_switch
                0x0000000000974668       0x24 /home/mx3g/linux/mpu/nxp/frdm-imx8mp/tmp/work/imx8mpfrdm-poky-linux/imx-atf/2.10+git/git/build-optee/imx8mp/release/bl31/clock.o
                0x0000000000974668                dram_clock_switch
 .text.ddr4_mr_write
                0x000000000097468c       0xe4 /home/mx3g/linux/mpu/nxp/frdm-imx8mp/tmp/work/imx8mpfrdm-poky-linux/imx-atf/2.10+git/git/build-optee/imx8mp/release/bl31/ddr4_dvfs.o
                0x000000000097468c                ddr4_mr_write
 .text.dram_cfg_all_mr
                0x0000000000974770       0x7c /home/mx3g/linux/mpu/nxp/frdm-imx8mp/tmp/work/imx8mpfrdm-poky-linux/imx-atf/2.10+git/git/build-optee/imx8mp/release/bl31/ddr4_dvfs.o
                0x0000000000974770                dram_cfg_all_mr
 .text.sw_pstate
                0x00000000009747ec       0xbc /home/mx3g/linux/mpu/nxp/frdm-imx8mp/tmp/work/imx8mpfrdm-poky-linux/imx-atf/2.10+git/git/build-optee/imx8mp/release/bl31/ddr4_dvfs.o
                0x00000000009747ec                sw_pstate
 .text.ddr4_swffc
                0x00000000009748a8      0x104 /home/mx3g/linux/mpu/nxp/frdm-imx8mp/tmp/work/imx8mpfrdm-poky-linux/imx-atf/2.10+git/git/build-optee/imx8mp/release/bl31/ddr4_dvfs.o
                0x00000000009748a8                ddr4_swffc
 .text.waiting_dvfs
                0x00000000009749ac       0x84 /home/mx3g/linux/mpu/nxp/frdm-imx8mp/tmp/work/imx8mpfrdm-poky-linux/imx-atf/2.10+git/git/build-optee/imx8mp/release/bl31/dram.o
 .text.lpddr4_mr_read.constprop.0
                0x0000000000974a30       0x8c /home/mx3g/linux/mpu/nxp/frdm-imx8mp/tmp/work/imx8mpfrdm-poky-linux/imx-atf/2.10+git/git/build-optee/imx8mp/release/bl31/dram.o
 .text.dram_umctl2_init
                0x0000000000974abc       0x38 /home/mx3g/linux/mpu/nxp/frdm-imx8mp/tmp/work/imx8mpfrdm-poky-linux/imx-atf/2.10+git/git/build-optee/imx8mp/release/bl31/dram.o
                0x0000000000974abc                dram_umctl2_init
 .text.dram_phy_init
                0x0000000000974af4       0xa0 /home/mx3g/linux/mpu/nxp/frdm-imx8mp/tmp/work/imx8mpfrdm-poky-linux/imx-atf/2.10+git/git/build-optee/imx8mp/release/bl31/dram.o
                0x0000000000974af4                dram_phy_init
 .text.dram_info_init
                0x0000000000974b94      0x218 /home/mx3g/linux/mpu/nxp/frdm-imx8mp/tmp/work/imx8mpfrdm-poky-linux/imx-atf/2.10+git/git/build-optee/imx8mp/release/bl31/dram.o
                0x0000000000974b94                dram_info_init
 .text.dram_dvfs_get_freq_info
                0x0000000000974dac       0xc0 /home/mx3g/linux/mpu/nxp/frdm-imx8mp/tmp/work/imx8mpfrdm-poky-linux/imx-atf/2.10+git/git/build-optee/imx8mp/release/bl31/dram.o
                0x0000000000974dac                dram_dvfs_get_freq_info
 .text.dram_dvfs_handler
                0x0000000000974e6c      0x168 /home/mx3g/linux/mpu/nxp/frdm-imx8mp/tmp/work/imx8mpfrdm-poky-linux/imx-atf/2.10+git/git/build-optee/imx8mp/release/bl31/dram.o
                0x0000000000974e6c                dram_dvfs_handler
 .text.rank_setting_update
                0x0000000000974fd4       0x84 /home/mx3g/linux/mpu/nxp/frdm-imx8mp/tmp/work/imx8mpfrdm-poky-linux/imx-atf/2.10+git/git/build-optee/imx8mp/release/bl31/dram_retention.o
                0x0000000000974fd4                rank_setting_update
 .text.dram_enter_retention
                0x0000000000975058      0x154 /home/mx3g/linux/mpu/nxp/frdm-imx8mp/tmp/work/imx8mpfrdm-poky-linux/imx-atf/2.10+git/git/build-optee/imx8mp/release/bl31/dram_retention.o
                0x0000000000975058                dram_enter_retention
 .text.dram_exit_retention
                0x00000000009751ac      0x1d0 /home/mx3g/linux/mpu/nxp/frdm-imx8mp/tmp/work/imx8mpfrdm-poky-linux/imx-atf/2.10+git/git/build-optee/imx8mp/release/bl31/dram_retention.o
                0x00000000009751ac                dram_exit_retention
 .text.lpddr4_mr_write.constprop.0
                0x000000000097537c       0x38 /home/mx3g/linux/mpu/nxp/frdm-imx8mp/tmp/work/imx8mpfrdm-poky-linux/imx-atf/2.10+git/git/build-optee/imx8mp/release/bl31/lpddr4_dvfs.o
 .text.lpddr4_swffc
                0x00000000009753b4      0x450 /home/mx3g/linux/mpu/nxp/frdm-imx8mp/tmp/work/imx8mpfrdm-poky-linux/imx-atf/2.10+git/git/build-optee/imx8mp/release/bl31/lpddr4_dvfs.o
                0x00000000009753b4                lpddr4_swffc
 .text.imx_m4_lpa_active
                0x0000000000975804       0x24 /home/mx3g/linux/mpu/nxp/frdm-imx8mp/tmp/work/imx8mpfrdm-poky-linux/imx-atf/2.10+git/git/build-optee/imx8mp/release/bl31/gpc_common.o
                0x0000000000975804                imx_m4_lpa_active
 .text.imx_is_m4_enabled
                0x0000000000975828       0x18 /home/mx3g/linux/mpu/nxp/frdm-imx8mp/tmp/work/imx8mpfrdm-poky-linux/imx-atf/2.10+git/git/build-optee/imx8mp/release/bl31/gpc_common.o
                0x0000000000975828                imx_is_m4_enabled
 .text.imx_set_cpu_secure_entry
                0x0000000000975840       0x28 /home/mx3g/linux/mpu/nxp/frdm-imx8mp/tmp/work/imx8mpfrdm-poky-linux/imx-atf/2.10+git/git/build-optee/imx8mp/release/bl31/gpc_common.o
                0x0000000000975840                imx_set_cpu_secure_entry
 .text.imx_set_cpu_pwr_off
                0x0000000000975868       0x80 /home/mx3g/linux/mpu/nxp/frdm-imx8mp/tmp/work/imx8mpfrdm-poky-linux/imx-atf/2.10+git/git/build-optee/imx8mp/release/bl31/gpc_common.o
                0x0000000000975868                imx_set_cpu_pwr_off
 .text.imx_set_cpu_pwr_on
                0x00000000009758e8       0xe0 /home/mx3g/linux/mpu/nxp/frdm-imx8mp/tmp/work/imx8mpfrdm-poky-linux/imx-atf/2.10+git/git/build-optee/imx8mp/release/bl31/gpc_common.o
                0x00000000009758e8                imx_set_cpu_pwr_on
 .text.imx_set_cpu_lpm
                0x00000000009759c8       0xd0 /home/mx3g/linux/mpu/nxp/frdm-imx8mp/tmp/work/imx8mpfrdm-poky-linux/imx-atf/2.10+git/git/build-optee/imx8mp/release/bl31/gpc_common.o
                0x00000000009759c8                imx_set_cpu_lpm
 .text.imx_set_cluster_powerdown
                0x0000000000975a98       0xf8 /home/mx3g/linux/mpu/nxp/frdm-imx8mp/tmp/work/imx8mpfrdm-poky-linux/imx-atf/2.10+git/git/build-optee/imx8mp/release/bl31/gpc_common.o
                0x0000000000975a98                imx_set_cluster_powerdown
 .text.imx_set_sys_wakeup
                0x0000000000975b90       0xec /home/mx3g/linux/mpu/nxp/frdm-imx8mp/tmp/work/imx8mpfrdm-poky-linux/imx-atf/2.10+git/git/build-optee/imx8mp/release/bl31/gpc_common.o
                0x0000000000975b90                imx_set_sys_wakeup
 .text.imx_noc_slot_config
                0x0000000000975c7c       0x7c /home/mx3g/linux/mpu/nxp/frdm-imx8mp/tmp/work/imx8mpfrdm-poky-linux/imx-atf/2.10+git/git/build-optee/imx8mp/release/bl31/gpc_common.o
                0x0000000000975c7c                imx_noc_slot_config
 .text.imx_set_sys_lpm
                0x0000000000975cf8       0x68 /home/mx3g/linux/mpu/nxp/frdm-imx8mp/tmp/work/imx8mpfrdm-poky-linux/imx-atf/2.10+git/git/build-optee/imx8mp/release/bl31/gpc_common.o
                0x0000000000975cf8                imx_set_sys_lpm
 .text.imx_set_rbc_count
                0x0000000000975d60       0x1c /home/mx3g/linux/mpu/nxp/frdm-imx8mp/tmp/work/imx8mpfrdm-poky-linux/imx-atf/2.10+git/git/build-optee/imx8mp/release/bl31/gpc_common.o
                0x0000000000975d60                imx_set_rbc_count
 .text.imx_clear_rbc_count
                0x0000000000975d7c       0x18 /home/mx3g/linux/mpu/nxp/frdm-imx8mp/tmp/work/imx8mpfrdm-poky-linux/imx-atf/2.10+git/git/build-optee/imx8mp/release/bl31/gpc_common.o
                0x0000000000975d7c                imx_clear_rbc_count
 .text.imx_anamix_override
                0x0000000000975d94       0x70 /home/mx3g/linux/mpu/nxp/frdm-imx8mp/tmp/work/imx8mpfrdm-poky-linux/imx-atf/2.10+git/git/build-optee/imx8mp/release/bl31/gpc_common.o
                0x0000000000975d94                imx_anamix_override
 .text.imx_gpc_handler
                0x0000000000975e04       0x34 /home/mx3g/linux/mpu/nxp/frdm-imx8mp/tmp/work/imx8mpfrdm-poky-linux/imx-atf/2.10+git/git/build-optee/imx8mp/release/bl31/gpc_common.o
                0x0000000000975e04                imx_gpc_handler
 .text.imx_src_handler
                0x0000000000975e38      0x1c4 /home/mx3g/linux/mpu/nxp/frdm-imx8mp/tmp/work/imx8mpfrdm-poky-linux/imx-atf/2.10+git/git/build-optee/imx8mp/release/bl31/gpc_common.o
                0x0000000000975e38                imx_src_handler
 .text.imx8m_caam_init
                0x0000000000975ffc       0x98 /home/mx3g/linux/mpu/nxp/frdm-imx8mp/tmp/work/imx8mpfrdm-poky-linux/imx-atf/2.10+git/git/build-optee/imx8mp/release/bl31/imx8m_caam.o
                0x0000000000975ffc                imx8m_caam_init
 .text.imx_csu_init
                0x0000000000976094      0x158 /home/mx3g/linux/mpu/nxp/frdm-imx8mp/tmp/work/imx8mpfrdm-poky-linux/imx-atf/2.10+git/git/build-optee/imx8mp/release/bl31/imx8m_csu.o
                0x0000000000976094                imx_csu_init
 .text.imx_validate_ns_entrypoint
                0x00000000009761ec       0x14 /home/mx3g/linux/mpu/nxp/frdm-imx8mp/tmp/work/imx8mpfrdm-poky-linux/imx-atf/2.10+git/git/build-optee/imx8mp/release/bl31/imx8m_psci_common.o
                0x00000000009761ec                imx_validate_ns_entrypoint
 .text.imx_pwr_domain_on
                0x0000000000976200       0x38 /home/mx3g/linux/mpu/nxp/frdm-imx8mp/tmp/work/imx8mpfrdm-poky-linux/imx-atf/2.10+git/git/build-optee/imx8mp/release/bl31/imx8m_psci_common.o
                0x0000000000976200                imx_pwr_domain_on
 .text.imx_pwr_domain_on_finish
                0x0000000000976238       0x14 /home/mx3g/linux/mpu/nxp/frdm-imx8mp/tmp/work/imx8mpfrdm-poky-linux/imx-atf/2.10+git/git/build-optee/imx8mp/release/bl31/imx8m_psci_common.o
                0x0000000000976238                imx_pwr_domain_on_finish
 .text.imx_pwr_domain_off
                0x000000000097624c       0x24 /home/mx3g/linux/mpu/nxp/frdm-imx8mp/tmp/work/imx8mpfrdm-poky-linux/imx-atf/2.10+git/git/build-optee/imx8mp/release/bl31/imx8m_psci_common.o
                0x000000000097624c                imx_pwr_domain_off
 .text.imx_validate_power_state
                0x0000000000976270       0x5c /home/mx3g/linux/mpu/nxp/frdm-imx8mp/tmp/work/imx8mpfrdm-poky-linux/imx-atf/2.10+git/git/build-optee/imx8mp/release/bl31/imx8m_psci_common.o
                0x0000000000976270                imx_validate_power_state
 .text.imx_cpu_standby
                0x00000000009762cc       0x2c /home/mx3g/linux/mpu/nxp/frdm-imx8mp/tmp/work/imx8mpfrdm-poky-linux/imx-atf/2.10+git/git/build-optee/imx8mp/release/bl31/imx8m_psci_common.o
                0x00000000009762cc                imx_cpu_standby
 .text.imx_domain_suspend
                0x00000000009762f8       0xe4 /home/mx3g/linux/mpu/nxp/frdm-imx8mp/tmp/work/imx8mpfrdm-poky-linux/imx-atf/2.10+git/git/build-optee/imx8mp/release/bl31/imx8m_psci_common.o
                0x00000000009762f8                imx_domain_suspend
 .text.imx_domain_suspend_finish
                0x00000000009763dc       0xd4 /home/mx3g/linux/mpu/nxp/frdm-imx8mp/tmp/work/imx8mpfrdm-poky-linux/imx-atf/2.10+git/git/build-optee/imx8mp/release/bl31/imx8m_psci_common.o
                0x00000000009763dc                imx_domain_suspend_finish
 .text.imx_get_sys_suspend_power_state
                0x00000000009764b0       0x14 /home/mx3g/linux/mpu/nxp/frdm-imx8mp/tmp/work/imx8mpfrdm-poky-linux/imx-atf/2.10+git/git/build-optee/imx8mp/release/bl31/imx8m_psci_common.o
                0x00000000009764b0                imx_get_sys_suspend_power_state
 .text.imx_system_reset
                0x00000000009764c4       0x30 /home/mx3g/linux/mpu/nxp/frdm-imx8mp/tmp/work/imx8mpfrdm-poky-linux/imx-atf/2.10+git/git/build-optee/imx8mp/release/bl31/imx8m_psci_common.o
                0x00000000009764c4                imx_system_reset
 .text.imx_system_off
                0x00000000009764f4       0x1c /home/mx3g/linux/mpu/nxp/frdm-imx8mp/tmp/work/imx8mpfrdm-poky-linux/imx-atf/2.10+git/git/build-optee/imx8mp/release/bl31/imx8m_psci_common.o
                0x00000000009764f4                imx_system_off
 .text.imx_pwr_domain_pwr_down_wfi
                0x0000000000976510       0x34 /home/mx3g/linux/mpu/nxp/frdm-imx8mp/tmp/work/imx8mpfrdm-poky-linux/imx-atf/2.10+git/git/build-optee/imx8mp/release/bl31/imx8m_psci_common.o
                0x0000000000976510                imx_pwr_domain_pwr_down_wfi
 .text.imx_gpc_pm_domain_enable
                0x0000000000976544      0x46c /home/mx3g/linux/mpu/nxp/frdm-imx8mp/tmp/work/imx8mpfrdm-poky-linux/imx-atf/2.10+git/git/build-optee/imx8mp/release/bl31/gpc.o
                0x0000000000976544                imx_gpc_pm_domain_enable
 .text.imx_noc_wrapper_pre_suspend
                0x00000000009769b0       0x58 /home/mx3g/linux/mpu/nxp/frdm-imx8mp/tmp/work/imx8mpfrdm-poky-linux/imx-atf/2.10+git/git/build-optee/imx8mp/release/bl31/gpc.o
                0x00000000009769b0                imx_noc_wrapper_pre_suspend
 .text.imx_noc_wrapper_post_resume
                0x0000000000976a08       0xac /home/mx3g/linux/mpu/nxp/frdm-imx8mp/tmp/work/imx8mpfrdm-poky-linux/imx-atf/2.10+git/git/build-optee/imx8mp/release/bl31/gpc.o
                0x0000000000976a08                imx_noc_wrapper_post_resume
 .text.imx_gpc_init
                0x0000000000976ab4      0x19c /home/mx3g/linux/mpu/nxp/frdm-imx8mp/tmp/work/imx8mpfrdm-poky-linux/imx-atf/2.10+git/git/build-optee/imx8mp/release/bl31/gpc.o
                0x0000000000976ab4                imx_gpc_init
 .text.bl31_early_platform_setup2
                0x0000000000976c50      0x14c /home/mx3g/linux/mpu/nxp/frdm-imx8mp/tmp/work/imx8mpfrdm-poky-linux/imx-atf/2.10+git/git/build-optee/imx8mp/release/bl31/imx8mp_bl31_setup.o
                0x0000000000976c50                bl31_early_platform_setup2
 .text.bl31_plat_arch_setup
                0x0000000000976d9c       0xb0 /home/mx3g/linux/mpu/nxp/frdm-imx8mp/tmp/work/imx8mpfrdm-poky-linux/imx-atf/2.10+git/git/build-optee/imx8mp/release/bl31/imx8mp_bl31_setup.o
                0x0000000000976d9c                bl31_plat_arch_setup
 .text.bl31_platform_setup
                0x0000000000976e4c       0x58 /home/mx3g/linux/mpu/nxp/frdm-imx8mp/tmp/work/imx8mpfrdm-poky-linux/imx-atf/2.10+git/git/build-optee/imx8mp/release/bl31/imx8mp_bl31_setup.o
                0x0000000000976e4c                bl31_platform_setup
 .text.bl31_plat_get_next_image_ep_info
                0x0000000000976ea4       0x28 /home/mx3g/linux/mpu/nxp/frdm-imx8mp/tmp/work/imx8mpfrdm-poky-linux/imx-atf/2.10+git/git/build-optee/imx8mp/release/bl31/imx8mp_bl31_setup.o
                0x0000000000976ea4                bl31_plat_get_next_image_ep_info
 .text.plat_get_syscnt_freq2
                0x0000000000976ecc        0xc /home/mx3g/linux/mpu/nxp/frdm-imx8mp/tmp/work/imx8mpfrdm-poky-linux/imx-atf/2.10+git/git/build-optee/imx8mp/release/bl31/imx8mp_bl31_setup.o
                0x0000000000976ecc                plat_get_syscnt_freq2
 .text.plat_setup_psci_ops
                0x0000000000976ed8       0x30 /home/mx3g/linux/mpu/nxp/frdm-imx8mp/tmp/work/imx8mpfrdm-poky-linux/imx-atf/2.10+git/git/build-optee/imx8mp/release/bl31/imx8mp_psci.o
                0x0000000000976ed8                plat_setup_psci_ops
 .text.imx_aipstz_init
                0x0000000000976f08       0x48 /home/mx3g/linux/mpu/nxp/frdm-imx8mp/tmp/work/imx8mpfrdm-poky-linux/imx-atf/2.10+git/git/build-optee/imx8mp/release/bl31/imx_aipstz.o
                0x0000000000976f08                imx_aipstz_init
 .text.imx_hab_handler
                0x0000000000976f50      0x108 /home/mx3g/linux/mpu/nxp/frdm-imx8mp/tmp/work/imx8mpfrdm-poky-linux/imx-atf/2.10+git/git/build-optee/imx8mp/release/bl31/imx_hab.o
                0x0000000000976f50                imx_hab_handler
 .text.imx_rdc_init
                0x0000000000977058       0x88 /home/mx3g/linux/mpu/nxp/frdm-imx8mp/tmp/work/imx8mpfrdm-poky-linux/imx-atf/2.10+git/git/build-optee/imx8mp/release/bl31/imx_rdc.o
                0x0000000000977058                imx_rdc_init
 .text.arm_arch_svc_smc_handler
                0x00000000009770e0      0x13c /home/mx3g/linux/mpu/nxp/frdm-imx8mp/tmp/work/imx8mpfrdm-poky-linux/imx-atf/2.10+git/git/build-optee/imx8mp/release/bl31/arm_arch_svc_setup.o
 .text.opteed_init_optee_ep_state
                0x000000000097721c       0xa8 /home/mx3g/linux/mpu/nxp/frdm-imx8mp/tmp/work/imx8mpfrdm-poky-linux/imx-atf/2.10+git/git/build-optee/imx8mp/release/bl31/opteed_common.o
                0x000000000097721c                opteed_init_optee_ep_state
 .text.opteed_synchronous_sp_entry
                0x00000000009772c4       0x30 /home/mx3g/linux/mpu/nxp/frdm-imx8mp/tmp/work/imx8mpfrdm-poky-linux/imx-atf/2.10+git/git/build-optee/imx8mp/release/bl31/opteed_common.o
                0x00000000009772c4                opteed_synchronous_sp_entry
 .text.opteed_synchronous_sp_exit
                0x00000000009772f4       0x28 /home/mx3g/linux/mpu/nxp/frdm-imx8mp/tmp/work/imx8mpfrdm-poky-linux/imx-atf/2.10+git/git/build-optee/imx8mp/release/bl31/opteed_common.o
                0x00000000009772f4                opteed_synchronous_sp_exit
 .text.opteed_sel1_interrupt_handler
                0x000000000097731c       0x74 /home/mx3g/linux/mpu/nxp/frdm-imx8mp/tmp/work/imx8mpfrdm-poky-linux/imx-atf/2.10+git/git/build-optee/imx8mp/release/bl31/opteed_main.o
 .text.opteed_smc_handler
                0x0000000000977390      0x21c /home/mx3g/linux/mpu/nxp/frdm-imx8mp/tmp/work/imx8mpfrdm-poky-linux/imx-atf/2.10+git/git/build-optee/imx8mp/release/bl31/opteed_main.o
 .text.opteed_setup
                0x00000000009775ac       0x78 /home/mx3g/linux/mpu/nxp/frdm-imx8mp/tmp/work/imx8mpfrdm-poky-linux/imx-atf/2.10+git/git/build-optee/imx8mp/release/bl31/opteed_main.o
 .text.opteed_init
                0x0000000000977624       0x48 /home/mx3g/linux/mpu/nxp/frdm-imx8mp/tmp/work/imx8mpfrdm-poky-linux/imx-atf/2.10+git/git/build-optee/imx8mp/release/bl31/opteed_main.o
 .text.opteed_cpu_on_handler
                0x000000000097766c        0x4 /home/mx3g/linux/mpu/nxp/frdm-imx8mp/tmp/work/imx8mpfrdm-poky-linux/imx-atf/2.10+git/git/build-optee/imx8mp/release/bl31/opteed_pm.o
 .text.opteed_cpu_migrate_info
                0x0000000000977670        0x8 /home/mx3g/linux/mpu/nxp/frdm-imx8mp/tmp/work/imx8mpfrdm-poky-linux/imx-atf/2.10+git/git/build-optee/imx8mp/release/bl31/opteed_pm.o
 .text.opteed_cpu_on_finish_handler
                0x0000000000977678       0xa0 /home/mx3g/linux/mpu/nxp/frdm-imx8mp/tmp/work/imx8mpfrdm-poky-linux/imx-atf/2.10+git/git/build-optee/imx8mp/release/bl31/opteed_pm.o
                0x0000000000977678                opteed_cpu_on_finish_handler
 .text.opteed_system_reset
                0x0000000000977718       0x68 /home/mx3g/linux/mpu/nxp/frdm-imx8mp/tmp/work/imx8mpfrdm-poky-linux/imx-atf/2.10+git/git/build-optee/imx8mp/release/bl31/opteed_pm.o
 .text.opteed_system_off
                0x0000000000977780       0x68 /home/mx3g/linux/mpu/nxp/frdm-imx8mp/tmp/work/imx8mpfrdm-poky-linux/imx-atf/2.10+git/git/build-optee/imx8mp/release/bl31/opteed_pm.o
 .text.opteed_cpu_off_handler
                0x00000000009777e8       0x88 /home/mx3g/linux/mpu/nxp/frdm-imx8mp/tmp/work/imx8mpfrdm-poky-linux/imx-atf/2.10+git/git/build-optee/imx8mp/release/bl31/opteed_pm.o
 .text.opteed_cpu_suspend_handler
                0x0000000000977870       0x94 /home/mx3g/linux/mpu/nxp/frdm-imx8mp/tmp/work/imx8mpfrdm-poky-linux/imx-atf/2.10+git/git/build-optee/imx8mp/release/bl31/opteed_pm.o
 .text.opteed_cpu_suspend_finish_handler
                0x0000000000977904       0x98 /home/mx3g/linux/mpu/nxp/frdm-imx8mp/tmp/work/imx8mpfrdm-poky-linux/imx-atf/2.10+git/git/build-optee/imx8mp/release/bl31/opteed_pm.o
 .text.std_svc_smc_handler
                0x000000000097799c       0xb8 /home/mx3g/linux/mpu/nxp/frdm-imx8mp/tmp/work/imx8mpfrdm-poky-linux/imx-atf/2.10+git/git/build-optee/imx8mp/release/bl31/std_svc_setup.o
 .text.std_svc_setup
                0x0000000000977a54       0x24 /home/mx3g/linux/mpu/nxp/frdm-imx8mp/tmp/work/imx8mpfrdm-poky-linux/imx-atf/2.10+git/git/build-optee/imx8mp/release/bl31/std_svc_setup.o
 .text.asm.report_unhandled_exception
                0x0000000000977a78        0x4 /home/mx3g/linux/mpu/nxp/frdm-imx8mp/tmp/work/imx8mpfrdm-poky-linux/imx-atf/2.10+git/git/build-optee/imx8mp/release/bl31/crash_reporting.o
                0x0000000000977a78                report_unhandled_exception
                0x0000000000977a78                report_unhandled_interrupt
 .text.asm.sync_exception_handler
                0x0000000000977a7c       0xe0 /home/mx3g/linux/mpu/nxp/frdm-imx8mp/tmp/work/imx8mpfrdm-poky-linux/imx-atf/2.10+git/git/build-optee/imx8mp/release/bl31/runtime_exceptions.o
 .text.asm.handle_interrupt_exception
                0x0000000000977b5c       0x54 /home/mx3g/linux/mpu/nxp/frdm-imx8mp/tmp/work/imx8mpfrdm-poky-linux/imx-atf/2.10+git/git/build-optee/imx8mp/release/bl31/runtime_exceptions.o
 .text.asm.imp_def_el3_handler
                0x0000000000977bb0       0x38 /home/mx3g/linux/mpu/nxp/frdm-imx8mp/tmp/work/imx8mpfrdm-poky-linux/imx-atf/2.10+git/git/build-optee/imx8mp/release/bl31/runtime_exceptions.o
 .text.asm.reflect_pending_async_ea_to_lower_el
                0x0000000000977be8       0x80 /home/mx3g/linux/mpu/nxp/frdm-imx8mp/tmp/work/imx8mpfrdm-poky-linux/imx-atf/2.10+git/git/build-optee/imx8mp/release/bl31/runtime_exceptions.o
 .text.asm.asm_print_str
                0x0000000000977c68       0x18 /home/mx3g/linux/mpu/nxp/frdm-imx8mp/tmp/work/imx8mpfrdm-poky-linux/imx-atf/2.10+git/git/build-optee/imx8mp/release/bl31/debug.o
                0x0000000000977c68                asm_print_str
 .text.asm.asm_print_hex
                0x0000000000977c80       0x30 /home/mx3g/linux/mpu/nxp/frdm-imx8mp/tmp/work/imx8mpfrdm-poky-linux/imx-atf/2.10+git/git/build-optee/imx8mp/release/bl31/debug.o
                0x0000000000977c80                asm_print_hex
                0x0000000000977c84                asm_print_hex_bits
 .text.asm.asm_print_newline
                0x0000000000977cb0        0x8 /home/mx3g/linux/mpu/nxp/frdm-imx8mp/tmp/work/imx8mpfrdm-poky-linux/imx-atf/2.10+git/git/build-optee/imx8mp/release/bl31/debug.o
                0x0000000000977cb0                asm_print_newline
 .text.asm.elx_panic
                0x0000000000977cb8        0x4 /home/mx3g/linux/mpu/nxp/frdm-imx8mp/tmp/work/imx8mpfrdm-poky-linux/imx-atf/2.10+git/git/build-optee/imx8mp/release/bl31/debug.o
                0x0000000000977cb8                elx_panic
 .text.asm.el3_panic
                0x0000000000977cbc       0x30 /home/mx3g/linux/mpu/nxp/frdm-imx8mp/tmp/work/imx8mpfrdm-poky-linux/imx-atf/2.10+git/git/build-optee/imx8mp/release/bl31/debug.o
                0x0000000000977cbc                el3_panic
 .text.asm.flush_dcache_range
                0x0000000000977cec       0x38 /home/mx3g/linux/mpu/nxp/frdm-imx8mp/tmp/work/imx8mpfrdm-poky-linux/imx-atf/2.10+git/git/build-optee/imx8mp/release/bl31/cache_helpers.o
                0x0000000000977cec                flush_dcache_range
 .text.asm.clean_dcache_range
                0x0000000000977d24       0x38 /home/mx3g/linux/mpu/nxp/frdm-imx8mp/tmp/work/imx8mpfrdm-poky-linux/imx-atf/2.10+git/git/build-optee/imx8mp/release/bl31/cache_helpers.o
                0x0000000000977d24                clean_dcache_range
 .text.asm.inv_dcache_range
                0x0000000000977d5c       0x38 /home/mx3g/linux/mpu/nxp/frdm-imx8mp/tmp/work/imx8mpfrdm-poky-linux/imx-atf/2.10+git/git/build-optee/imx8mp/release/bl31/cache_helpers.o
                0x0000000000977d5c                inv_dcache_range
 .text.asm.do_dcsw_op
                0x0000000000977d94       0xfc /home/mx3g/linux/mpu/nxp/frdm-imx8mp/tmp/work/imx8mpfrdm-poky-linux/imx-atf/2.10+git/git/build-optee/imx8mp/release/bl31/cache_helpers.o
 .text.asm.dcsw_op_all
                0x0000000000977e90       0x14 /home/mx3g/linux/mpu/nxp/frdm-imx8mp/tmp/work/imx8mpfrdm-poky-linux/imx-atf/2.10+git/git/build-optee/imx8mp/release/bl31/cache_helpers.o
                0x0000000000977e90                dcsw_op_all
 .text.asm.dcsw_op_level1
                0x0000000000977ea4       0x10 /home/mx3g/linux/mpu/nxp/frdm-imx8mp/tmp/work/imx8mpfrdm-poky-linux/imx-atf/2.10+git/git/build-optee/imx8mp/release/bl31/cache_helpers.o
                0x0000000000977ea4                dcsw_op_level1
 .text.asm.dcsw_op_level2
                0x0000000000977eb4       0x10 /home/mx3g/linux/mpu/nxp/frdm-imx8mp/tmp/work/imx8mpfrdm-poky-linux/imx-atf/2.10+git/git/build-optee/imx8mp/release/bl31/cache_helpers.o
                0x0000000000977eb4                dcsw_op_level2
 .text.asm.zeromem
                0x0000000000977ec4        0x8 /home/mx3g/linux/mpu/nxp/frdm-imx8mp/tmp/work/imx8mpfrdm-poky-linux/imx-atf/2.10+git/git/build-optee/imx8mp/release/bl31/misc_helpers.o
                0x0000000000977ec4                zeromem
 .text.asm.zeromem_dczva
                0x0000000000977ecc       0xe8 /home/mx3g/linux/mpu/nxp/frdm-imx8mp/tmp/work/imx8mpfrdm-poky-linux/imx-atf/2.10+git/git/build-optee/imx8mp/release/bl31/misc_helpers.o
                0x0000000000977ecc                zero_normalmem
 .text.asm.fixup_gdt_reloc
                0x0000000000977fb4       0x98 /home/mx3g/linux/mpu/nxp/frdm-imx8mp/tmp/work/imx8mpfrdm-poky-linux/imx-atf/2.10+git/git/build-optee/imx8mp/release/bl31/misc_helpers.o
                0x0000000000977fb4                fixup_gdt_reloc
 .text.asm.cortex_a53_disable_dcache
                0x000000000097804c       0x14 /home/mx3g/linux/mpu/nxp/frdm-imx8mp/tmp/work/imx8mpfrdm-poky-linux/imx-atf/2.10+git/git/build-optee/imx8mp/release/bl31/cortex_a53.o
 .text.asm.cortex_a53_disable_smp
                0x0000000000978060       0x18 /home/mx3g/linux/mpu/nxp/frdm-imx8mp/tmp/work/imx8mpfrdm-poky-linux/imx-atf/2.10+git/git/build-optee/imx8mp/release/bl31/cortex_a53.o
 .text.asm.check_erratum_cortex_a53_819472
                0x0000000000978078        0x8 /home/mx3g/linux/mpu/nxp/frdm-imx8mp/tmp/work/imx8mpfrdm-poky-linux/imx-atf/2.10+git/git/build-optee/imx8mp/release/bl31/cortex_a53.o
 .text.asm.check_erratum_cortex_a53_824069
                0x0000000000978080        0x8 /home/mx3g/linux/mpu/nxp/frdm-imx8mp/tmp/work/imx8mpfrdm-poky-linux/imx-atf/2.10+git/git/build-optee/imx8mp/release/bl31/cortex_a53.o
 .text.asm.check_erratum_cortex_a53_826319
                0x0000000000978088        0x8 /home/mx3g/linux/mpu/nxp/frdm-imx8mp/tmp/work/imx8mpfrdm-poky-linux/imx-atf/2.10+git/git/build-optee/imx8mp/release/bl31/cortex_a53.o
 .text.asm.check_erratum_cortex_a53_827319
                0x0000000000978090        0x8 /home/mx3g/linux/mpu/nxp/frdm-imx8mp/tmp/work/imx8mpfrdm-poky-linux/imx-atf/2.10+git/git/build-optee/imx8mp/release/bl31/cortex_a53.o
 .text.asm.check_erratum_cortex_a53_835769
                0x0000000000978098       0x24 /home/mx3g/linux/mpu/nxp/frdm-imx8mp/tmp/work/imx8mpfrdm-poky-linux/imx-atf/2.10+git/git/build-optee/imx8mp/release/bl31/cortex_a53.o
 .text.asm.check_erratum_cortex_a53_836870
                0x00000000009780bc        0x8 /home/mx3g/linux/mpu/nxp/frdm-imx8mp/tmp/work/imx8mpfrdm-poky-linux/imx-atf/2.10+git/git/build-optee/imx8mp/release/bl31/cortex_a53.o
 .text.asm.check_erratum_cortex_a53_843419
                0x00000000009780c4       0x24 /home/mx3g/linux/mpu/nxp/frdm-imx8mp/tmp/work/imx8mpfrdm-poky-linux/imx-atf/2.10+git/git/build-optee/imx8mp/release/bl31/cortex_a53.o
 .text.asm.erratum_cortex_a53_855873_wa
                0x00000000009780e8       0x20 /home/mx3g/linux/mpu/nxp/frdm-imx8mp/tmp/work/imx8mpfrdm-poky-linux/imx-atf/2.10+git/git/build-optee/imx8mp/release/bl31/cortex_a53.o
 .text.asm.check_erratum_cortex_a53_855873
                0x0000000000978108        0x8 /home/mx3g/linux/mpu/nxp/frdm-imx8mp/tmp/work/imx8mpfrdm-poky-linux/imx-atf/2.10+git/git/build-optee/imx8mp/release/bl31/cortex_a53.o
 .text.asm.check_erratum_cortex_a53_1530924
                0x0000000000978110        0x8 /home/mx3g/linux/mpu/nxp/frdm-imx8mp/tmp/work/imx8mpfrdm-poky-linux/imx-atf/2.10+git/git/build-optee/imx8mp/release/bl31/cortex_a53.o
 .text.asm.cortex_a53_reset_func
                0x0000000000978118       0x58 /home/mx3g/linux/mpu/nxp/frdm-imx8mp/tmp/work/imx8mpfrdm-poky-linux/imx-atf/2.10+git/git/build-optee/imx8mp/release/bl31/cortex_a53.o
 .text.asm.cortex_a53_core_pwr_dwn
                0x0000000000978170       0x18 /home/mx3g/linux/mpu/nxp/frdm-imx8mp/tmp/work/imx8mpfrdm-poky-linux/imx-atf/2.10+git/git/build-optee/imx8mp/release/bl31/cortex_a53.o
 .text.asm.cortex_a53_cluster_pwr_dwn
                0x0000000000978188       0x24 /home/mx3g/linux/mpu/nxp/frdm-imx8mp/tmp/work/imx8mpfrdm-poky-linux/imx-atf/2.10+git/git/build-optee/imx8mp/release/bl31/cortex_a53.o
 .text.asm.reset_handler
                0x00000000009781ac       0x20 /home/mx3g/linux/mpu/nxp/frdm-imx8mp/tmp/work/imx8mpfrdm-poky-linux/imx-atf/2.10+git/git/build-optee/imx8mp/release/bl31/cpu_helpers.o
                0x00000000009781ac                reset_handler
 .text.asm.prepare_cpu_pwr_dwn
                0x00000000009781cc       0x24 /home/mx3g/linux/mpu/nxp/frdm-imx8mp/tmp/work/imx8mpfrdm-poky-linux/imx-atf/2.10+git/git/build-optee/imx8mp/release/bl31/cpu_helpers.o
                0x00000000009781cc                prepare_cpu_pwr_dwn
 .text.asm.init_cpu_ops
                0x00000000009781f0       0x20 /home/mx3g/linux/mpu/nxp/frdm-imx8mp/tmp/work/imx8mpfrdm-poky-linux/imx-atf/2.10+git/git/build-optee/imx8mp/release/bl31/cpu_helpers.o
                0x00000000009781f0                init_cpu_ops
 .text.asm.get_cpu_ops_ptr
                0x0000000000978210       0x40 /home/mx3g/linux/mpu/nxp/frdm-imx8mp/tmp/work/imx8mpfrdm-poky-linux/imx-atf/2.10+git/git/build-optee/imx8mp/release/bl31/cpu_helpers.o
                0x0000000000978210                get_cpu_ops_ptr
 .text.asm.cpu_get_rev_var
                0x0000000000978250       0x10 /home/mx3g/linux/mpu/nxp/frdm-imx8mp/tmp/work/imx8mpfrdm-poky-linux/imx-atf/2.10+git/git/build-optee/imx8mp/release/bl31/cpu_helpers.o
                0x0000000000978250                cpu_get_rev_var
 .text.asm.cpu_rev_var_ls
                0x0000000000978260       0x14 /home/mx3g/linux/mpu/nxp/frdm-imx8mp/tmp/work/imx8mpfrdm-poky-linux/imx-atf/2.10+git/git/build-optee/imx8mp/release/bl31/cpu_helpers.o
                0x0000000000978260                cpu_rev_var_ls
 .text.asm.cpu_rev_var_hs
                0x0000000000978274       0x14 /home/mx3g/linux/mpu/nxp/frdm-imx8mp/tmp/work/imx8mpfrdm-poky-linux/imx-atf/2.10+git/git/build-optee/imx8mp/release/bl31/cpu_helpers.o
                0x0000000000978274                cpu_rev_var_hs
 .text.asm.check_wa_cve_2017_5715
                0x0000000000978288       0x20 /home/mx3g/linux/mpu/nxp/frdm-imx8mp/tmp/work/imx8mpfrdm-poky-linux/imx-atf/2.10+git/git/build-optee/imx8mp/release/bl31/cpu_helpers.o
                0x0000000000978288                check_wa_cve_2017_5715
 .text.asm.check_smccc_arch_wa3_applies
                0x00000000009782a8       0x20 /home/mx3g/linux/mpu/nxp/frdm-imx8mp/tmp/work/imx8mpfrdm-poky-linux/imx-atf/2.10+git/git/build-optee/imx8mp/release/bl31/cpu_helpers.o
                0x00000000009782a8                check_smccc_arch_wa3_applies
 .text.asm.el1_sysregs_context_save
                0x00000000009782c8       0xac /home/mx3g/linux/mpu/nxp/frdm-imx8mp/tmp/work/imx8mpfrdm-poky-linux/imx-atf/2.10+git/git/build-optee/imx8mp/release/bl31/context.o
                0x00000000009782c8                el1_sysregs_context_save
 .text.asm.el1_sysregs_context_restore
                0x0000000000978374       0xac /home/mx3g/linux/mpu/nxp/frdm-imx8mp/tmp/work/imx8mpfrdm-poky-linux/imx-atf/2.10+git/git/build-optee/imx8mp/release/bl31/context.o
                0x0000000000978374                el1_sysregs_context_restore
 .text.asm.prepare_el3_entry
                0x0000000000978420       0x68 /home/mx3g/linux/mpu/nxp/frdm-imx8mp/tmp/work/imx8mpfrdm-poky-linux/imx-atf/2.10+git/git/build-optee/imx8mp/release/bl31/context.o
                0x0000000000978420                prepare_el3_entry
 .text.asm.restore_gp_pmcr_pauth_regs
                0x0000000000978488       0x50 /home/mx3g/linux/mpu/nxp/frdm-imx8mp/tmp/work/imx8mpfrdm-poky-linux/imx-atf/2.10+git/git/build-optee/imx8mp/release/bl31/context.o
                0x0000000000978488                restore_gp_pmcr_pauth_regs
 .text.asm.el3_exit
                0x00000000009784d8       0xb4 /home/mx3g/linux/mpu/nxp/frdm-imx8mp/tmp/work/imx8mpfrdm-poky-linux/imx-atf/2.10+git/git/build-optee/imx8mp/release/bl31/context.o
                0x00000000009784d8                el3_exit
 .text.asm.init_cpu_data_ptr
                0x000000000097858c       0x14 /home/mx3g/linux/mpu/nxp/frdm-imx8mp/tmp/work/imx8mpfrdm-poky-linux/imx-atf/2.10+git/git/build-optee/imx8mp/release/bl31/cpu_data.o
                0x000000000097858c                init_cpu_data_ptr
 .text.asm._cpu_data_by_index
                0x00000000009785a0       0x18 /home/mx3g/linux/mpu/nxp/frdm-imx8mp/tmp/work/imx8mpfrdm-poky-linux/imx-atf/2.10+git/git/build-optee/imx8mp/release/bl31/cpu_data.o
                0x00000000009785a0                _cpu_data_by_index
 .text.asm.spin_lock
                0x00000000009785b8       0x20 /home/mx3g/linux/mpu/nxp/frdm-imx8mp/tmp/work/imx8mpfrdm-poky-linux/imx-atf/2.10+git/git/build-optee/imx8mp/release/bl31/spinlock.o
                0x00000000009785b8                spin_lock
 .text.asm.spin_unlock
                0x00000000009785d8        0x8 /home/mx3g/linux/mpu/nxp/frdm-imx8mp/tmp/work/imx8mpfrdm-poky-linux/imx-atf/2.10+git/git/build-optee/imx8mp/release/bl31/spinlock.o
                0x00000000009785d8                spin_unlock
 .text.asm.psci_do_pwrdown_cache_maintenance
                0x00000000009785e0       0x3c /home/mx3g/linux/mpu/nxp/frdm-imx8mp/tmp/work/imx8mpfrdm-poky-linux/imx-atf/2.10+git/git/build-optee/imx8mp/release/bl31/psci_helpers.o
                0x00000000009785e0                psci_do_pwrdown_cache_maintenance
 .text.asm.psci_do_pwrup_cache_maintenance
                0x000000000097861c       0x34 /home/mx3g/linux/mpu/nxp/frdm-imx8mp/tmp/work/imx8mpfrdm-poky-linux/imx-atf/2.10+git/git/build-optee/imx8mp/release/bl31/psci_helpers.o
                0x000000000097861c                psci_do_pwrup_cache_maintenance
 .text.asm.psci_power_down_wfi
                0x0000000000978650        0xc /home/mx3g/linux/mpu/nxp/frdm-imx8mp/tmp/work/imx8mpfrdm-poky-linux/imx-atf/2.10+git/git/build-optee/imx8mp/release/bl31/psci_helpers.o
                0x0000000000978650                psci_power_down_wfi
 .text.asm.enable_mmu_direct_el3
                0x000000000097865c       0x58 /home/mx3g/linux/mpu/nxp/frdm-imx8mp/tmp/work/imx8mpfrdm-poky-linux/imx-atf/2.10+git/git/build-optee/imx8mp/release/bl31/enable_mmu.o
                0x000000000097865c                enable_mmu_direct_el3
 .text.asm.plat_disable_acp
                0x00000000009786b4        0x4 /home/mx3g/linux/mpu/nxp/frdm-imx8mp/tmp/work/imx8mpfrdm-poky-linux/imx-atf/2.10+git/git/build-optee/imx8mp/release/bl31/platform_helpers.o
                0x00000000009786b4                plat_disable_acp
 .text.asm.plat_panic_handler
                0x00000000009786b8        0x8 /home/mx3g/linux/mpu/nxp/frdm-imx8mp/tmp/work/imx8mpfrdm-poky-linux/imx-atf/2.10+git/git/build-optee/imx8mp/release/bl31/platform_helpers.o
                0x00000000009786b8                plat_panic_handler
 .text.asm.bl31_plat_enable_mmu
                0x00000000009786c0        0x4 /home/mx3g/linux/mpu/nxp/frdm-imx8mp/tmp/work/imx8mpfrdm-poky-linux/imx-atf/2.10+git/git/build-optee/imx8mp/release/bl31/platform_helpers.o
                0x00000000009786c0                bl31_plat_enable_mmu
 .text.asm.plat_handle_el3_ea
                0x00000000009786c4        0x4 /home/mx3g/linux/mpu/nxp/frdm-imx8mp/tmp/work/imx8mpfrdm-poky-linux/imx-atf/2.10+git/git/build-optee/imx8mp/release/bl31/platform_helpers.o
                0x00000000009786c4                plat_handle_el3_ea
 .text.asm.plat_get_my_stack
                0x00000000009786c8       0x1c /home/mx3g/linux/mpu/nxp/frdm-imx8mp/tmp/work/imx8mpfrdm-poky-linux/imx-atf/2.10+git/git/build-optee/imx8mp/release/bl31/platform_mp_stack.o
                0x00000000009786c8                plat_get_my_stack
 .text.asm.plat_set_my_stack
                0x00000000009786e4       0x10 /home/mx3g/linux/mpu/nxp/frdm-imx8mp/tmp/work/imx8mpfrdm-poky-linux/imx-atf/2.10+git/git/build-optee/imx8mp/release/bl31/platform_mp_stack.o
                0x00000000009786e4                plat_set_my_stack
 .text.asm.plat_is_my_cpu_primary